Component: ARM Compiler 5.06 update 7 (build 960) Tool: armlink [4d3601]

==============================================================================

Section Cross References

    main.o(i.KeyValue_set_task) refers to sabre9018.o(i.sabre9018_volume_set) for sabre9018_volume_set
    main.o(i.KeyValue_set_task) refers to printf8.o(i.__0printf$8) for __2printf
    main.o(i.KeyValue_set_task) refers to pannel.o(i.set_bright) for set_bright
    main.o(i.KeyValue_set_task) refers to tasks.o(i.vTaskDelay) for vTaskDelay
    main.o(i.KeyValue_set_task) refers to main.o(.data) for earphone_volume
    main.o(i.Log_print_task) refers to dev_key_led.o(i.Key_GPIO_Read) for Key_GPIO_Read
    main.o(i.Log_print_task) refers to tasks.o(i.vTaskDelay) for vTaskDelay
    main.o(i.Log_print_task) refers to pannel.o(i.GPIO_2d3d_SW_set) for GPIO_2d3d_SW_set
    main.o(i.Log_print_task) refers to main.o(.data) for earphone_volume
    main.o(i.USART_cmd_task) refers to _scanf_str.o(.text) for _scanf_string
    main.o(i.USART_cmd_task) refers to printf8.o(i.__0printf$8) for __2printf
    main.o(i.USART_cmd_task) refers to __0scanf.o(.text) for __0scanf
    main.o(i.USART_cmd_task) refers to sabre9018.o(i.sabre9018_print) for sabre9018_print
    main.o(i.USART_cmd_task) refers to tasks.o(i.vTaskDelay) for vTaskDelay
    main.o(i.USART_cmd_task) refers to main.o(.data) for earphone_volume
    main.o(i.fgetc) refers to gd32f30x_usart.o(i.usart_flag_get) for usart_flag_get
    main.o(i.fgetc) refers to gd32f30x_usart.o(i.usart_data_receive) for usart_data_receive
    main.o(i.fputc) refers to gd32f30x_usart.o(i.usart_data_transmit) for usart_data_transmit
    main.o(i.fputc) refers to gd32f30x_usart.o(i.usart_flag_get) for usart_flag_get
    main.o(i.icm42688_data_task) refers to icm42688.o(i.icm42688_get_acc) for icm42688_get_acc
    main.o(i.icm42688_data_task) refers to icm42688.o(i.icm42688_get_gyro) for icm42688_get_gyro
    main.o(i.icm42688_data_task) refers to icm42688.o(i.icm42688_get_temp) for icm42688_get_temp
    main.o(i.icm42688_data_task) refers to printf8.o(i.__0printf$8) for __2printf
    main.o(i.icm42688_data_task) refers to tasks.o(i.vTaskDelay) for vTaskDelay
    main.o(i.icm42688_data_task) refers to main.o(.constdata) for __FUNCTION__
    main.o(i.main) refers to main.o(i.system_init) for system_init
    main.o(i.main) refers to queue.o(i.xQueueGenericCreate) for xQueueGenericCreate
    main.o(i.main) refers to tasks.o(i.xTaskCreate) for xTaskCreate
    main.o(i.main) refers to tasks.o(i.vTaskStartScheduler) for vTaskStartScheduler
    main.o(i.main) refers to main.o(.data) for xBinarySemaphore
    main.o(i.main) refers to main.o(i.KeyValue_set_task) for KeyValue_set_task
    main.o(i.main) refers to main.o(i.Log_print_task) for Log_print_task
    main.o(i.main) refers to main.o(i.USART_cmd_task) for USART_cmd_task
    main.o(i.main) refers to main.o(i.icm42688_data_task) for icm42688_data_task
    main.o(i.system_init) refers to gd32f307c_eval.o(i.gd_eval_com_init) for gd_eval_com_init
    main.o(i.system_init) refers to gd32f30x_rcu.o(i.rcu_clock_freq_get) for rcu_clock_freq_get
    main.o(i.system_init) refers to printf8.o(i.__0printf$8) for __2printf
    main.o(i.system_init) refers to dev_iic.o(i.GPIO_INIT) for GPIO_INIT
    main.o(i.system_init) refers to dev_iic.o(i.I2C_Init) for I2C_Init
    main.o(i.system_init) refers to tca9548.o(i.tca9548_i2c_init) for tca9548_i2c_init
    main.o(i.system_init) refers to tca6408.o(i.tca6408_i2c_init) for tca6408_i2c_init
    main.o(i.system_init) refers to pannel.o(i.pannel_init) for pannel_init
    main.o(i.system_init) refers to tca9548.o(i.tca9548_i2c_set) for tca9548_i2c_set
    main.o(i.system_init) refers to pca9544.o(i.pca9544_i2c_init) for pca9544_i2c_init
    main.o(i.system_init) refers to sabre9018.o(i.sabre9018_init) for sabre9018_init
    main.o(i.system_init) refers to icm42688.o(i.icm42688_init) for icm42688_init
    main.o(i.system_init) refers to dev_key_led.o(i.Key_Init) for Key_Init
    eeprom.o(i.eeprom_init) refers to tca9548.o(i.tca9548_i2c_set) for tca9548_i2c_set
    eeprom.o(i.eeprom_init) refers to dev_iic.o(i.DEV_I2C_Read) for DEV_I2C_Read
    eeprom.o(i.eeprom_read) refers to tca9548.o(i.tca9548_i2c_set) for tca9548_i2c_set
    eeprom.o(i.eeprom_read) refers to dev_iic.o(i.DEV_I2C_Read) for DEV_I2C_Read
    eeprom.o(i.eeprom_read) refers to printf8.o(i.__0printf$8) for __2printf
    eeprom.o(i.eeprom_write) refers to tca9548.o(i.tca9548_i2c_set) for tca9548_i2c_set
    eeprom.o(i.eeprom_write) refers to dev_iic.o(i.DEV_I2C_Write) for DEV_I2C_Write
    eeprom.o(i.eeprom_write) refers to printf8.o(i.__0printf$8) for __2printf
    lt7911.o(i.lt7911_init) refers to tca9548.o(i.tca9548_i2c_set) for tca9548_i2c_set
    lt7911.o(i.lt7911_init) refers to dev_iic.o(i.DEV_I2C_Read) for DEV_I2C_Read
    lt7911.o(i.lt7911_read) refers to tca9548.o(i.tca9548_i2c_set) for tca9548_i2c_set
[...]
    i.i2c_Secondary_Ack                      0x08001f04   Section        0  dev_iic.o(i.i2c_Secondary_Ack)
    i.i2c_Secondary_NAck                     0x08001f44   Section        0  dev_iic.o(i.i2c_Secondary_NAck)
    i.i2c_Secondary_ReadByte                 0x08001f7c   Section        0  dev_iic.o(i.i2c_Secondary_ReadByte)
    i.i2c_Secondary_SendByte                 0x08001fc8   Section        0  dev_iic.o(i.i2c_Secondary_SendByte)
    i.i2c_Secondary_Start                    0x08002024   Section        0  dev_iic.o(i.i2c_Secondary_Start)
    i.i2c_Secondary_Stop                     0x08002068   Section        0  dev_iic.o(i.i2c_Secondary_Stop)
    i.i2c_Secondary_WaitAck                  0x080020ac   Section        0  dev_iic.o(i.i2c_Secondary_WaitAck)
    i.i2c_ack_config                         0x08002108   Section        0  gd32f30x_i2c.o(i.i2c_ack_config)
    i.i2c_clock_config                       0x08002118   Section        0  gd32f30x_i2c.o(i.i2c_clock_config)
    i.i2c_enable                             0x08002258   Section        0  gd32f30x_i2c.o(i.i2c_enable)
    i.i2c_mode_addr_config                   0x08002262   Section        0  gd32f30x_i2c.o(i.i2c_mode_addr_config)
    i.icm42688_data_task                     0x08002280   Section        0  main.o(i.icm42688_data_task)
    i.icm42688_get_acc                       0x080023d8   Section        0  icm42688.o(i.icm42688_get_acc)
    i.icm42688_get_gyro                      0x0800250c   Section        0  icm42688.o(i.icm42688_get_gyro)
    i.icm42688_get_temp                      0x08002640   Section        0  icm42688.o(i.icm42688_get_temp)
    i.icm42688_init                          0x080026b4   Section        0  icm42688.o(i.icm42688_init)
    i.icm42688_print                         0x08002ad4   Section        0  icm42688.o(i.icm42688_print)
    i.main                                   0x08002b24   Section        0  main.o(i.main)
    i.nvic_irq_enable                        0x08002bf4   Section        0  gd32f30x_misc.o(i.nvic_irq_enable)
    i.nvic_priority_group_set                0x08002cb8   Section        0  gd32f30x_misc.o(i.nvic_priority_group_set)
    i.pannel_config_303                      0x08002ccc   Section        0  pannel.o(i.pannel_config_303)
    i.pannel_display                         0x08003028   Section        0  pannel.o(i.pannel_display)
    i.pannel_init                            0x080030d0   Section        0  pannel.o(i.pannel_init)
    i.pannel_reset                           0x080030f0   Section        0  pannel.o(i.pannel_reset)
    i.pca9544_i2c_init                       0x08003110   Section        0  pca9544.o(i.pca9544_i2c_init)
    i.pca9544_i2c_set                        0x080031cc   Section        0  pca9544.o(i.pca9544_i2c_set)
    i.prvAddCurrentTaskToDelayedList         0x080032e0   Section        0  tasks.o(i.prvAddCurrentTaskToDelayedList)
    prvAddCurrentTaskToDelayedList           0x080032e1   Thumb Code   160  tasks.o(i.prvAddCurrentTaskToDelayedList)
    i.prvAddNewTaskToReadyList               0x08003398   Section        0  tasks.o(i.prvAddNewTaskToReadyList)
    prvAddNewTaskToReadyList                 0x08003399   Thumb Code   214  tasks.o(i.prvAddNewTaskToReadyList)
    i.prvCheckForValidListAndQueue           0x0800348c   Section        0  timers.o(i.prvCheckForValidListAndQueue)
    prvCheckForValidListAndQueue             0x0800348d   Thumb Code    62  timers.o(i.prvCheckForValidListAndQueue)
    i.prvCheckTasksWaitingTermination        0x080034e8   Section        0  tasks.o(i.prvCheckTasksWaitingTermination)
    prvCheckTasksWaitingTermination          0x080034e9   Thumb Code    60  tasks.o(i.prvCheckTasksWaitingTermination)
    i.prvCopyDataFromQueue                   0x08003530   Section        0  queue.o(i.prvCopyDataFromQueue)
    prvCopyDataFromQueue                     0x08003531   Thumb Code    42  queue.o(i.prvCopyDataFromQueue)
    i.prvCopyDataToQueue                     0x0800355a   Section        0  queue.o(i.prvCopyDataToQueue)
    prvCopyDataToQueue                       0x0800355b   Thumb Code   126  queue.o(i.prvCopyDataToQueue)
    i.prvCreateIdleTasks                     0x080035d8   Section        0  tasks.o(i.prvCreateIdleTasks)
    prvCreateIdleTasks                       0x080035d9   Thumb Code   120  tasks.o(i.prvCreateIdleTasks)
    i.prvCreateStaticTask                    0x08003660   Section        0  tasks.o(i.prvCreateStaticTask)
    prvCreateStaticTask                      0x08003661   Thumb Code    76  tasks.o(i.prvCreateStaticTask)
    i.prvCreateTask                          0x080036ac   Section        0  tasks.o(i.prvCreateTask)
    prvCreateTask                            0x080036ad   Thumb Code    94  tasks.o(i.prvCreateTask)
    i.prvDeleteTCB                           0x0800370a   Section        0  tasks.o(i.prvDeleteTCB)
    prvDeleteTCB                             0x0800370b   Thumb Code    40  tasks.o(i.prvDeleteTCB)
    i.prvGetExpectedIdleTime                 0x08003734   Section        0  tasks.o(i.prvGetExpectedIdleTime)
    prvGetExpectedIdleTime                   0x08003735   Thumb Code    52  tasks.o(i.prvGetExpectedIdleTime)
    i.prvGetNextExpireTime                   0x0800377c   Section        0  timers.o(i.prvGetNextExpireTime)
    prvGetNextExpireTime                     0x0800377d   Thumb Code    36  timers.o(i.prvGetNextExpireTime)
    i.prvHeapInit                            0x080037a4   Section        0  heap_4.o(i.prvHeapInit)
    prvHeapInit                              0x080037a5   Thumb Code    88  heap_4.o(i.prvHeapInit)
    i.prvIdleTask                            0x08003810   Section        0  tasks.o(i.prvIdleTask)
    prvIdleTask                              0x08003811   Thumb Code    66  tasks.o(i.prvIdleTask)
    i.prvInitialiseNewQueue                  0x0800385c   Section        0  queue.o(i.prvInitialiseNewQueue)
    prvInitialiseNewQueue                    0x0800385d   Thumb Code    42  queue.o(i.prvInitialiseNewQueue)
    i.prvInitialiseNewTask                   0x08003886   Section        0  tasks.o(i.prvInitialiseNewTask)
    prvInitialiseNewTask                     0x08003887   Thumb Code   134  tasks.o(i.prvInitialiseNewTask)
    i.prvInitialiseTaskLists                 0x0800390c   Section        0  tasks.o(i.prvInitialiseTaskLists)
    prvInitialiseTaskLists                   0x0800390d   Thumb Code    70  tasks.o(i.prvInitialiseTaskLists)
    i.prvInsertBlockIntoFreeList             0x08003974   Section        0  heap_4.o(i.prvInsertBlockIntoFreeList)
    prvInsertBlockIntoFreeList               0x08003975   Thumb Code    96  heap_4.o(i.prvInsertBlockIntoFreeList)
    i.prvInsertTimerInActiveList             0x080039dc   Section        0  timers.o(i.prvInsertTimerInActiveList)
    prvInsertTimerInActiveList               0x080039dd   Thumb Code    80  timers.o(i.prvInsertTimerInActiveList)
    i.prvIsQueueEmpty                        0x08003a34   Section        0  queue.o(i.prvIsQueueEmpty)
    prvIsQueueEmpty                          0x08003a35   Thumb Code    26  queue.o(i.prvIsQueueEmpty)
    i.prvNotifyQueueSetContainer             0x08003a4e   Section        0  queue.o(i.prvNotifyQueueSetContainer)
    prvNotifyQueueSetContainer               0x08003a4f   Thumb Code    90  queue.o(i.prvNotifyQueueSetContainer)
    i.prvProcessExpiredTimer                 0x08003aa8   Section        0  timers.o(i.prvProcessExpiredTimer)
    prvProcessExpiredTimer                   0x08003aa9   Thumb Code    62  timers.o(i.prvProcessExpiredTimer)
    i.prvProcessReceivedCommands             0x08003aec   Section        0  timers.o(i.prvProcessReceivedCommands)
    prvProcessReceivedCommands               0x08003aed   Thumb Code   278  timers.o(i.prvProcessReceivedCommands)
    i.prvProcessTimerOrBlockTask             0x08003c08   Section        0  timers.o(i.prvProcessTimerOrBlockTask)
    prvProcessTimerOrBlockTask               0x08003c09   Thumb Code   102  timers.o(i.prvProcessTimerOrBlockTask)
    i.prvReloadTimer                         0x08003c7c   Section        0  timers.o(i.prvReloadTimer)
    prvReloadTimer                           0x08003c7d   Thumb Code    40  timers.o(i.prvReloadTimer)
    i.prvResetNextTaskUnblockTime            0x08003ca4   Section        0  tasks.o(i.prvResetNextTaskUnblockTime)
    prvResetNextTaskUnblockTime              0x08003ca5   Thumb Code    40  tasks.o(i.prvResetNextTaskUnblockTime)
    i.prvSampleTimeNow                       0x08003cd4   Section        0  timers.o(i.prvSampleTimeNow)
    prvSampleTimeNow                         0x08003cd5   Thumb Code    40  timers.o(i.prvSampleTimeNow)
    i.prvSwitchTimerLists                    0x08003d00   Section        0  timers.o(i.prvSwitchTimerLists)
    prvSwitchTimerLists                      0x08003d01   Thumb Code    58  timers.o(i.prvSwitchTimerLists)
    i.prvTaskExitError                       0x08003d44   Section        0  port.o(i.prvTaskExitError)
    prvTaskExitError                         0x08003d45   Thumb Code    22  port.o(i.prvTaskExitError)
    i.prvTimerTask                           0x08003d5a   Section        0  timers.o(i.prvTimerTask)
    prvTimerTask                             0x08003d5b   Thumb Code    26  timers.o(i.prvTimerTask)
    i.prvUnlockQueue                         0x08003d74   Section        0  queue.o(i.prvUnlockQueue)
    prvUnlockQueue                           0x08003d75   Thumb Code   144  queue.o(i.prvUnlockQueue)
    i.pvPortMalloc                           0x08003e04   Section        0  heap_4.o(i.pvPortMalloc)
    i.pxPortInitialiseStack                  0x08003f04   Section        0  port.o(i.pxPortInitialiseStack)
    i.rcu_clock_freq_get                     0x08003f30   Section        0  gd32f30x_rcu.o(i.rcu_clock_freq_get)
    i.rcu_periph_clock_enable                0x08004088   Section        0  gd32f30x_rcu.o(i.rcu_periph_clock_enable)
    i.rcu_periph_reset_disable               0x080040a8   Section        0  gd32f30x_rcu.o(i.rcu_periph_reset_disable)
    i.rcu_periph_reset_enable                0x080040c8   Section        0  gd32f30x_rcu.o(i.rcu_periph_reset_enable)
    i.sabre9018_init                         0x080040e8   Section        0  sabre9018.o(i.sabre9018_init)
    i.sabre9018_print                        0x080044dc   Section        0  sabre9018.o(i.sabre9018_print)
    i.sabre9018_volume_set                   0x0800452c   Section        0  sabre9018.o(i.sabre9018_volume_set)
    i.select_pannel                          0x080045b8   Section        0  pannel.o(i.select_pannel)
    i.set_bright                             0x08004620   Section        0  pannel.o(i.set_bright)
    i.system_clock_120m_irc8m                0x08004704   Section        0  system_gd32f30x.o(i.system_clock_120m_irc8m)
    system_clock_120m_irc8m                  0x08004705   Thumb Code   238  system_gd32f30x.o(i.system_clock_120m_irc8m)
    i.system_clock_config                    0x08004804   Section        0  system_gd32f30x.o(i.system_clock_config)
    system_clock_config                      0x08004805   Thumb Code     8  system_gd32f30x.o(i.system_clock_config)
    i.system_init                            0x0800480c   Section        0  main.o(i.system_init)
    i.tca6408_i2c_init                       0x080048c4   Section        0  tca6408.o(i.tca6408_i2c_init)
    i.tca6408_read                           0x08004a58   Section        0  tca6408.o(i.tca6408_read)
    i.tca6408_write                          0x08004ac0   Section        0  tca6408.o(i.tca6408_write)
    i.tca9548_i2c_init                       0x08004bc0   Section        0  tca9548.o(i.tca9548_i2c_init)
    i.tca9548_i2c_set                        0x08004c80   Section        0  tca9548.o(i.tca9548_i2c_set)
    i.usart_baudrate_set                     0x08004dac   Section        0  gd32f30x_usart.o(i.usart_baudrate_set)
    i.usart_data_receive                     0x08004e3c   Section        0  gd32f30x_usart.o(i.usart_data_receive)
    i.usart_data_transmit                    0x08004e46   Section        0  gd32f30x_usart.o(i.usart_data_transmit)
    i.usart_deinit                           0x08004e50   Section        0  gd32f30x_usart.o(i.usart_deinit)
    i.usart_enable                           0x08004ee0   Section        0  gd32f30x_usart.o(i.usart_enable)
    i.usart_flag_get                         0x08004eea   Section        0  gd32f30x_usart.o(i.usart_flag_get)
    i.usart_receive_config                   0x08004f08   Section        0  gd32f30x_usart.o(i.usart_receive_config)
    i.usart_transmit_config                  0x08004f1c   Section        0  gd32f30x_usart.o(i.usart_transmit_config)
    i.uxListRemove                           0x08004f30   Section        0  list.o(i.uxListRemove)
    i.uxTaskGetNumberOfTasks                 0x08004f58   Section        0  tasks.o(i.uxTaskGetNumberOfTasks)
    i.vApplicationGetIdleTaskMemory          0x08004f64   Section        0  tasks.o(i.vApplicationGetIdleTaskMemory)
    i.vApplicationGetTimerTaskMemory         0x08004f7c   Section        0  tasks.o(i.vApplicationGetTimerTaskMemory)
    i.vListInitialise                        0x08004f94   Section        0  list.o(i.vListInitialise)
    i.vListInitialiseItem                    0x08004fb4   Section        0  list.o(i.vListInitialiseItem)
    i.vListInsert                            0x08004fba   Section        0  list.o(i.vListInsert)
    i.vPortEnterCritical                     0x08004ff0   Section        0  port.o(i.vPortEnterCritical)
    i.vPortExitCritical                      0x08005014   Section        0  port.o(i.vPortExitCritical)
    i.vPortFree                              0x08005034   Section        0  heap_4.o(i.vPortFree)
    i.vPortSetupTimerInterrupt               0x08005080   Section        0  port.o(i.vPortSetupTimerInterrupt)
    i.vPortSuppressTicksAndSleep             0x080050c4   Section        0  port.o(i.vPortSuppressTicksAndSleep)
    i.vQueueWaitForMessageRestricted         0x08005208   Section        0  queue.o(i.vQueueWaitForMessageRestricted)
    i.vTaskDelay                             0x08005254   Section        0  tasks.o(i.vTaskDelay)
    i.vTaskInternalSetTimeOutState           0x08005288   Section        0  tasks.o(i.vTaskInternalSetTimeOutState)
    i.vTaskMissedYield                       0x080052a0   Section        0  tasks.o(i.vTaskMissedYield)
    i.vTaskPlaceOnEventList                  0x080052ac   Section        0  tasks.o(i.vTaskPlaceOnEventList)
    i.vTaskPlaceOnEventListRestricted        0x080052cc   Section        0  tasks.o(i.vTaskPlaceOnEventListRestricted)
    i.vTaskStartScheduler                    0x0800531c   Section        0  tasks.o(i.vTaskStartScheduler)
    i.vTaskStepTick                          0x08005374   Section        0  tasks.o(i.vTaskStepTick)
    i.vTaskSuspendAll                        0x080053b4   Section        0  tasks.o(i.vTaskSuspendAll)
    i.vTaskSwitchContext                     0x080053c4   Section        0  tasks.o(i.vTaskSwitchContext)
    i.xPortStartScheduler                    0x08005444   Section        0  port.o(i.xPortStartScheduler)
    i.xQueueGenericCreate                    0x0800548c   Section        0  queue.o(i.xQueueGenericCreate)
    i.xQueueGenericCreateStatic              0x080054de   Section        0  queue.o(i.xQueueGenericCreateStatic)
    i.xQueueGenericReset                     0x0800551c   Section        0  queue.o(i.xQueueGenericReset)
    i.xQueueReceive                          0x080055bc   Section        0  queue.o(i.xQueueReceive)
    i.xTaskCheckForTimeOut                   0x080056c0   Section        0  tasks.o(i.xTaskCheckForTimeOut)
    i.xTaskCreate                            0x0800573c   Section        0  tasks.o(i.xTaskCreate)
    i.xTaskCreateStatic                      0x08005774   Section        0  tasks.o(i.xTaskCreateStatic)
    i.xTaskGetTickCount                      0x080057b4   Section        0  tasks.o(i.xTaskGetTickCount)
    i.xTaskIncrementTick                     0x080057c0   Section        0  tasks.o(i.xTaskIncrementTick)
    i.xTaskPriorityDisinherit                0x08005964   Section        0  tasks.o(i.xTaskPriorityDisinherit)
    i.xTaskRemoveFromEventList               0x08005a04   Section        0  tasks.o(i.xTaskRemoveFromEventList)
    i.xTaskResumeAll                         0x08005b24   Section        0  tasks.o(i.xTaskResumeAll)
    i.xTimerCreateTimerTask                  0x08005ca4   Section        0  timers.o(i.xTimerCreateTimerTask)
    .constdata                               0x08005d04   Section       19  main.o(.constdata)
    __FUNCTION__                             0x08005d04   Data          19  main.o(.constdata)
    .constdata                               0x08005d17   Section       31  sabre9018.o(.constdata)
    __FUNCTION__                             0x08005d17   Data          16  sabre9018.o(.constdata)
    __FUNCTION__                             0x08005d27   Data          15  sabre9018.o(.constdata)
    .constdata                               0x08005d36   Section       33  pca9544.o(.constdata)
    __FUNCTION__                             0x08005d36   Data          16  pca9544.o(.constdata)
    __FUNCTION__                             0x08005d46   Data          17  pca9544.o(.constdata)
    .constdata                               0x08005d57   Section       31  tca6408.o(.constdata)
    __FUNCTION__                             0x08005d57   Data          17  tca6408.o(.constdata)
    __FUNCTION__                             0x08005d68   Data          14  tca6408.o(.constdata)
    .constdata                               0x08005d76   Section       33  tca9548.o(.constdata)
    __FUNCTION__                             0x08005d76   Data          16  tca9548.o(.constdata)
    __FUNCTION__                             0x08005d86   Data          17  tca9548.o(.constdata)
    .constdata                               0x08005d97   Section       68  icm42688.o(.constdata)
    __FUNCTION__                             0x08005d97   Data          15  icm42688.o(.constdata)
    __FUNCTION__                             0x08005da6   Data          17  icm42688.o(.constdata)
    __FUNCTION__                             0x08005db7   Data          18  icm42688.o(.constdata)
    __FUNCTION__                             0x08005dc9   Data          18  icm42688.o(.constdata)
    .constdata                               0x08005ddb   Section       27  dev_iic.o(.constdata)
    __FUNCTION__                             0x08005ddb   Data          13  dev_iic.o(.constdata)
    __FUNCTION__                             0x08005de8   Data          14  dev_iic.o(.constdata)
    .constdata                               0x08005df6   Section       64  ctype_c.o(.constdata)
    .conststring                             0x08005e38   Section      243  tca6408.o(.conststring)
    .conststring                             0x08005f2c   Section      822  dev_iic.o(.conststring)
    .data                                    0x20000000   Section      232  main.o(.data)
    sabre9018_init_reg                       0x20000000   Data          64  main.o(.data)
    earphone_volume                          0x20000040   Data           4  main.o(.data)
    earphone_volume_reg                      0x20000044   Data           4  main.o(.data)
    oled_bright                              0x20000048   Data           4  main.o(.data)
    oled_bright_reg                          0x2000004c   Data           4  main.o(.data)
    icm42688_init_cmd                        0x20000050   Data         128  main.o(.data)
    .data                                    0x200000e8   Section       10  pannel.o(.data)
    .data                                    0x200000f2   Section       64  sabre9018.o(.data)
    sabre9018_init_reg                       0x200000f2   Data          64  sabre9018.o(.data)
    .data                                    0x20000132   Section      128  icm42688.o(.data)
    icm42688_init_cmd                        0x20000132   Data         128  icm42688.o(.data)
    .data                                    0x200001b4   Section        4  system_gd32f30x.o(.data)
    .data                                    0x200001b8   Section      125  gd32f307c_eval.o(.data)
    GPIO_PORT                                0x200001b8   Data          16  gd32f307c_eval.o(.data)
    GPIO_PIN                                 0x200001c8   Data          16  gd32f307c_eval.o(.data)
    COM_CLK                                  0x200001d8   Data           4  gd32f307c_eval.o(.data)
    COM_TX_PIN                               0x200001dc   Data           8  gd32f307c_eval.o(.data)
    COM_RX_PIN                               0x200001e4   Data           8  gd32f307c_eval.o(.data)
    COM_GPIO_PORT                            0x200001ec   Data           8  gd32f307c_eval.o(.data)
    COM_GPIO_CLK                             0x200001f4   Data           4  gd32f307c_eval.o(.data)
    GPIO_CLK                                 0x200001f8   Data           8  gd32f307c_eval.o(.data)
    KEY_PORT                                 0x20000200   Data          12  gd32f307c_eval.o(.data)
    KEY_PIN                                  0x2000020c   Data          12  gd32f307c_eval.o(.data)
    KEY_CLK                                  0x20000218   Data           6  gd32f307c_eval.o(.data)
    KEY_EXTI_LINE                            0x20000220   Data          12  gd32f307c_eval.o(.data)
    KEY_PORT_SOURCE                          0x2000022c   Data           3  gd32f307c_eval.o(.data)
    KEY_PIN_SOURCE                           0x2000022f   Data           3  gd32f307c_eval.o(.data)
    KEY_IRQn                                 0x20000232   Data           3  gd32f307c_eval.o(.data)
    .data                                    0x20000238   Section       64  tasks.o(.data)
    pxDelayedTaskList                        0x2000023c   Data           4  tasks.o(.data)
    pxOverflowDelayedTaskList                0x20000240   Data           4  tasks.o(.data)
    uxDeletedTasksWaitingCleanUp             0x20000244   Data           4  tasks.o(.data)
    uxCurrentNumberOfTasks                   0x20000248   Data           4  tasks.o(.data)
    xTickCount                               0x2000024c   Data           4  tasks.o(.data)
    uxTopReadyPriority                       0x20000250   Data           4  tasks.o(.data)
    xSchedulerRunning                        0x20000254   Data           4  tasks.o(.data)
    xPendedTicks                             0x20000258   Data           4  tasks.o(.data)
    xYieldPendings                           0x2000025c   Data           4  tasks.o(.data)
    xNumOfOverflows                          0x20000260   Data           4  tasks.o(.data)
    uxTaskNumber                             0x20000264   Data           4  tasks.o(.data)
    xNextTaskUnblockTime                     0x20000268   Data           4  tasks.o(.data)
    xIdleTaskHandles                         0x2000026c   Data           4  tasks.o(.data)
    uxTopUsedPriority                        0x20000270   Data           4  tasks.o(.data)
    uxSchedulerSuspended                     0x20000274   Data           4  tasks.o(.data)
    .data                                    0x20000278   Section       20  timers.o(.data)
    pxCurrentTimerList                       0x20000278   Data           4  timers.o(.data)
    pxOverflowTimerList                      0x2000027c   Data           4  timers.o(.data)
    xTimerQueue                              0x20000280   Data           4  timers.o(.data)
    xTimerTaskHandle                         0x20000284   Data           4  timers.o(.data)
    xLastTime                                0x20000288   Data           4  timers.o(.data)
    .data                                    0x2000028c   Section       16  port.o(.data)
    uxCriticalNesting                        0x2000028c   Data           4  port.o(.data)
    ulTimerCountsForOneTick                  0x20000290   Data           4  port.o(.data)
    xMaximumPossibleSuppressedTicks          0x20000294   Data           4  port.o(.data)
    ulStoppedTimerCompensation               0x20000298   Data           4  port.o(.data)
    .data                                    0x2000029c   Section       28  heap_4.o(.data)
    xStart                                   0x2000029c   Data           8  heap_4.o(.data)
    pxEnd                                    0x200002a4   Data           4  heap_4.o(.data)
    xFreeBytesRemaining                      0x200002a8   Data           4  heap_4.o(.data)
    xMinimumEverFreeBytesRemaining           0x200002ac   Data           4  heap_4.o(.data)
    xNumberOfSuccessfulAllocations           0x200002b0   Data           4  heap_4.o(.data)
    xNumberOfSuccessfulFrees                 0x200002b4   Data           4  heap_4.o(.data)
    .data                                    0x200002b8   Section        4  stdin.o(.data)
    .data                                    0x200002bc   Section        4  stdout.o(.data)
    .data                                    0x200002c0   Section        3  fgetc_b.o(.data)
    ungetc_sp                                0x200002c0   Data           1  fgetc_b.o(.data)
    ungetc_stack                             0x200002c1   Data           2  fgetc_b.o(.data)
    .bss                                     0x200002c4   Section     1456  tasks.o(.bss)
    pxReadyTasksLists                        0x200002c4   Data         140  tasks.o(.bss)
    xDelayedTaskList1                        0x20000350   Data          28  tasks.o(.bss)
    xDelayedTaskList2                        0x2000036c   Data          28  tasks.o(.bss)
    xPendingReadyList                        0x20000388   Data          28  tasks.o(.bss)
    xTasksWaitingTermination                 0x200003a4   Data          28  tasks.o(.bss)
    xSuspendedTaskList                       0x200003c0   Data          28  tasks.o(.bss)
    xIdleTaskTCB                             0x200003dc   Data          76  tasks.o(.bss)
    uxIdleTaskStack                          0x20000428   Data         512  tasks.o(.bss)
    xTimerTaskTCB                            0x20000628   Data          76  tasks.o(.bss)
    uxTimerTaskStack                         0x20000674   Data         512  tasks.o(.bss)
    .bss                                     0x20000874   Section      308  timers.o(.bss)
    xActiveTimerList1                        0x20000874   Data          28  timers.o(.bss)
    xActiveTimerList2                        0x20000890   Data          28  timers.o(.bss)
    xStaticTimerQueue                        0x200008ac   Data          92  timers.o(.bss)
    ucStaticTimerQueueStorage                0x20000908   Data         160  timers.o(.bss)
    .bss                                     0x200009a8   Section     4096  heap_4.o(.bss)
    STACK                                    0x200019a8   Section     1024  startup_gd32f30x_hd.o(STACK)

    Global Symbols

    Symbol Name                              Value     Ov Type        Size  Object(Section)

    BuildAttributes$$THM_ISAv4$E$P$D$K$B$S$7EM$VFPi3$EXTD16$VFPS$VFMA$PE$A:L22UL41UL21$X:L11$S22US41US21$IEEE1$IW$USESV6$~STKCKD$USESV7$~SHL$OSPACE$ROPI$EBA8$MICROLIB$REQ8$PRES8$EABIv2 0x00000000   Number         0  anon$$obj.o ABSOLUTE
    __ARM_use_no_argv                        0x00000000   Number         0  main.o ABSOLUTE
    _printf_a                                0x00000000   Number         0  stubs.o ABSOLUTE
    _printf_c                                0x00000000   Number         0  stubs.o ABSOLUTE
    _printf_charcount                        0x00000000   Number         0  stubs.o ABSOLUTE
    _printf_d                                0x00000000   Number         0  stubs.o ABSOLUTE
    _printf_e                                0x00000000   Number         0  stubs.o ABSOLUTE
    _printf_f                                0x00000000   Number         0  stubs.o ABSOLUTE
    _printf_flags                            0x00000000   Number         0  stubs.o ABSOLUTE
    _printf_fp_dec                           0x00000000   Number         0  stubs.o ABSOLUTE
    _printf_fp_hex                           0x00000000   Number         0  stubs.o ABSOLUTE
    _printf_g                                0x00000000   Number         0  stubs.o ABSOLUTE
    _printf_i                                0x00000000   Number         0  stubs.o ABSOLUTE
    _printf_int_dec                          0x00000000   Number         0  stubs.o ABSOLUTE
    _printf_l                                0x00000000   Number         0  stubs.o ABSOLUTE
    _printf_lc                               0x00000000   Number         0  stubs.o ABSOLUTE
    _printf_ll                               0x00000000   Number         0  stubs.o ABSOLUTE
    _printf_lld                              0x00000000   Number         0  stubs.o ABSOLUTE
    _printf_lli                              0x00000000   Number         0  stubs.o ABSOLUTE
    _printf_llo                              0x00000000   Number         0  stubs.o ABSOLUTE
    _printf_llu                              0x00000000   Number         0  stubs.o ABSOLUTE
    _printf_llx                              0x00000000   Number         0  stubs.o ABSOLUTE
    _printf_longlong_dec                     0x00000000   Number         0  stubs.o ABSOLUTE
    _printf_longlong_hex                     0x00000000   Number         0  stubs.o ABSOLUTE
    _printf_longlong_oct                     0x00000000   Number         0  stubs.o ABSOLUTE
    _printf_ls                               0x00000000   Number         0  stubs.o ABSOLUTE
    _printf_mbtowc                           0x00000000   Number         0  stubs.o ABSOLUTE
    _printf_n                                0x00000000   Number         0  stubs.o ABSOLUTE
    _printf_o                                0x00000000   Number         0  stubs.o ABSOLUTE
    _printf_p                                0x00000000   Number         0  stubs.o ABSOLUTE
    _printf_percent                          0x00000000   Number         0  stubs.o ABSOLUTE
    _printf_pre_padding                      0x00000000   Number         0  stubs.o ABSOLUTE
    _printf_return_value                     0x00000000   Number         0  stubs.o ABSOLUTE
    _printf_s                                0x00000000   Number         0  stubs.o ABSOLUTE
    _printf_sizespec                         0x00000000   Number         0  stubs.o ABSOLUTE
    _printf_str                              0x00000000   Number         0  stubs.o ABSOLUTE
    _printf_truncate_signed                  0x00000000   Number         0  stubs.o ABSOLUTE
    _printf_truncate_unsigned                0x00000000   Number         0  stubs.o ABSOLUTE
    _printf_u                                0x00000000   Number         0  stubs.o ABSOLUTE
    _printf_wc                               0x00000000   Number         0  stubs.o ABSOLUTE
    _printf_wctomb                           0x00000000   Number         0  stubs.o ABSOLUTE
    _printf_widthprec                        0x00000000   Number         0  stubs.o ABSOLUTE
    _printf_x                                0x00000000   Number         0  stubs.o ABSOLUTE
    __arm_fini_                               - Undefined Weak Reference
    __cpp_initialize__aeabi_                  - Undefined Weak Reference
    __cxa_finalize                            - Undefined Weak Reference
    _clock_init                               - Undefined Weak Reference
    _microlib_exit                            - Undefined Weak Reference
    _scanf_int                                - Undefined Weak Reference
    _scanf_longlong                           - Undefined Weak Reference
    _scanf_real                               - Undefined Weak Reference
    __Vectors_Size                           0x00000130   Number         0  startup_gd32f30x_hd.o ABSOLUTE
    __Vectors                                0x08000000   Data           4  startup_gd32f30x_hd.o(RESET)
    __Vectors_End                            0x08000130   Data           0  startup_gd32f30x_hd.o(RESET)
    __main                                   0x08000131   Thumb Code     0  entry.o(.ARM.Collect$$$$00000000)
    _main_stk                                0x08000131   Thumb Code     0  entry2.o(.ARM.Collect$$$$00000001)
    _main_scatterload                        0x08000135   Thumb Code     0  entry5.o(.ARM.Collect$$$$00000004)
    __main_after_scatterload                 0x08000139   Thumb Code     0  entry5.o(.ARM.Collect$$$$00000004)
    _main_clock                              0x08000139   Thumb Code     0  entry7b.o(.ARM.Collect$$$$00000008)
    _main_cpp_init                           0x08000139   Thumb Code     0  entry8b.o(.ARM.Collect$$$$0000000A)
    _main_init                               0x08000139   Thumb Code     0  entry9a.o(.ARM.Collect$$$$0000000B)
    __rt_lib_shutdown_fini                   0x08000141   Thumb Code     0  entry12b.o(.ARM.Collect$$$$0000000E)
    __rt_final_cpp                           0x08000145   Thumb Code     0  entry10a.o(.ARM.Collect$$$$0000000F)
    __rt_final_exit                          0x08000145   Thumb Code     0  entry11a.o(.ARM.Collect$$$$00000011)
    SVC_Handler                              0x08000149   Thumb Code    28  port.o(.emb_text)
    __asm___6_port_c_39a90d8d__prvStartFirstTask 0x08000169   Thumb Code    36  port.o(.emb_text)
    __asm___6_port_c_39a90d8d__prvEnableVFP  0x08000191   Thumb Code    16  port.o(.emb_text)
    PendSV_Handler                           0x080001a5   Thumb Code    88  port.o(.emb_text)
    vPortGetIPSR                             0x08000201   Thumb Code     6  port.o(.emb_text)
    Reset_Handler                            0x08000209   Thumb Code     8  startup_gd32f30x_hd.o(.text)
    ADC0_1_IRQHandler                        0x08000223   Thumb Code     0  startup_gd32f30x_hd.o(.text)
    ADC2_IRQHandler                          0x08000223   Thumb Code     0  startup_gd32f30x_hd.o(.text)
    CAN0_EWMC_IRQHandler                     0x08000223   Thumb Code     0  startup_gd32f30x_hd.o(.text)
    CAN0_RX1_IRQHandler                      0x08000223   Thumb Code     0  startup_gd32f30x_hd.o(.text)
    DMA0_Channel0_IRQHandler                 0x08000223   Thumb Code     0  startup_gd32f30x_hd.o(.text)
    DMA0_Channel1_IRQHandler                 0x08000223   Thumb Code     0  startup_gd32f30x_hd.o(.text)
    DMA0_Channel2_IRQHandler                 0x08000223   Thumb Code     0  startup_gd32f30x_hd.o(.text)
    DMA0_Channel3_IRQHandler                 0x08000223   Thumb Code     0  startup_gd32f30x_hd.o(.text)
    DMA0_Channel4_IRQHandler                 0x08000223   Thumb Code     0  startup_gd32f30x_hd.o(.text)
    DMA0_Channel5_IRQHandler                 0x08000223   Thumb Code     0  startup_gd32f30x_hd.o(.text)
    DMA0_Channel6_IRQHandler                 0x08000223   Thumb Code     0  startup_gd32f30x_hd.o(.text)
    DMA1_Channel0_IRQHandler                 0x08000223   Thumb Code     0  startup_gd32f30x_hd.o(.text)
    DMA1_Channel1_IRQHandler                 0x08000223   Thumb Code     0  startup_gd32f30x_hd.o(.text)
    DMA1_Channel2_IRQHandler                 0x08000223   Thumb Code     0  startup_gd32f30x_hd.o(.text)
    DMA1_Channel3_4_IRQHandler               0x08000223   Thumb Code     0  startup_gd32f30x_hd.o(.text)
    EXMC_IRQHandler                          0x08000223   Thumb Code     0  startup_gd32f30x_hd.o(.text)
    EXTI0_IRQHandler                         0x08000223   Thumb Code     0  startup_gd32f30x_hd.o(.text)
    EXTI10_15_IRQHandler                     0x08000223   Thumb Code     0  startup_gd32f30x_hd.o(.text)
    EXTI4_IRQHandler                         0x08000223   Thumb Code     0  startup_gd32f30x_hd.o(.text)
    EXTI5_9_IRQHandler                       0x08000223   Thumb Code     0  startup_gd32f30x_hd.o(.text)
    FMC_IRQHandler                           0x08000223   Thumb Code     0  startup_gd32f30x_hd.o(.text)
    I2C0_ER_IRQHandler                       0x08000223   Thumb Code     0  startup_gd32f30x_hd.o(.text)
    I2C0_EV_IRQHandler                       0x08000223   Thumb Code     0  startup_gd32f30x_hd.o(.text)
    I2C1_ER_IRQHandler                       0x08000223   Thumb Code     0  startup_gd32f30x_hd.o(.text)
    I2C1_EV_IRQHandler                       0x08000223   Thumb Code     0  startup_gd32f30x_hd.o(.text)
    LVD_IRQHandler                           0x08000223   Thumb Code     0  startup_gd32f30x_hd.o(.text)
    RCU_CTC_IRQHandler                       0x08000223   Thumb Code     0  startup_gd32f30x_hd.o(.text)
    RTC_Alarm_IRQHandler                     0x08000223   Thumb Code     0  startup_gd32f30x_hd.o(.text)
    RTC_IRQHandler                           0x08000223   Thumb Code     0  startup_gd32f30x_hd.o(.text)
    SDIO_IRQHandler                          0x08000223   Thumb Code     0  startup_gd32f30x_hd.o(.text)
    SPI0_IRQHandler                          0x08000223   Thumb Code     0  startup_gd32f30x_hd.o(.text)
    SPI1_IRQHandler                          0x08000223   Thumb Code     0  startup_gd32f30x_hd.o(.text)
    SPI2_IRQHandler                          0x08000223   Thumb Code     0  startup_gd32f30x_hd.o(.text)
    TAMPER_IRQHandler                        0x08000223   Thumb Code     0  startup_gd32f30x_hd.o(.text)
    TIMER0_BRK_IRQHandler                    0x08000223   Thumb Code     0  startup_gd32f30x_hd.o(.text)
    TIMER0_Channel_IRQHandler                0x08000223   Thumb Code     0  startup_gd32f30x_hd.o(.text)
    TIMER0_TRG_CMT_IRQHandler                0x08000223   Thumb Code     0  startup_gd32f30x_hd.o(.text)
    TIMER0_UP_IRQHandler                     0x08000223   Thumb Code     0  startup_gd32f30x_hd.o(.text)
    TIMER1_IRQHandler                        0x08000223   Thumb Code     0  startup_gd32f30x_hd.o(.text)
    TIMER2_IRQHandler                        0x08000223   Thumb Code     0  startup_gd32f30x_hd.o(.text)
    TIMER3_IRQHandler                        0x08000223   Thumb Code     0  startup_gd32f30x_hd.o(.text)
    TIMER4_IRQHandler                        0x08000223   Thumb Code     0  startup_gd32f30x_hd.o(.text)
    TIMER5_IRQHandler                        0x08000223   Thumb Code     0  startup_gd32f30x_hd.o(.text)
    TIMER6_IRQHandler                        0x08000223   Thumb Code     0  startup_gd32f30x_hd.o(.text)
    TIMER7_BRK_IRQHandler                    0x08000223   Thumb Code     0  startup_gd32f30x_hd.o(.text)
    TIMER7_Channel_IRQHandler                0x08000223   Thumb Code     0  startup_gd32f30x_hd.o(.text)
    TIMER7_TRG_CMT_IRQHandler                0x08000223   Thumb Code     0  startup_gd32f30x_hd.o(.text)
    TIMER7_UP_IRQHandler                     0x08000223   Thumb Code     0  startup_gd32f30x_hd.o(.text)
    UART3_IRQHandler                         0x08000223   Thumb Code     0  startup_gd32f30x_hd.o(.text)
    UART4_IRQHandler                         0x08000223   Thumb Code     0  startup_gd32f30x_hd.o(.text)
    USART0_IRQHandler                        0x08000223   Thumb Code     0  startup_gd32f30x_hd.o(.text)
    USART1_IRQHandler                        0x08000223   Thumb Code     0  startup_gd32f30x_hd.o(.text)
    USART2_IRQHandler                        0x08000223   Thumb Code     0  startup_gd32f30x_hd.o(.text)
    USBD_HP_CAN0_TX_IRQHandler               0x08000223   Thumb Code     0  startup_gd32f30x_hd.o(.text)
    USBD_LP_CAN0_RX0_IRQHandler              0x08000223   Thumb Code     0  startup_gd32f30x_hd.o(.text)
    USBD_WKUP_IRQHandler                     0x08000223   Thumb Code     0  startup_gd32f30x_hd.o(.text)
    WWDGT_IRQHandler                         0x08000223   Thumb Code     0  startup_gd32f30x_hd.o(.text)
    __aeabi_memcpy                           0x0800022d   Thumb Code    36  memcpya.o(.text)
    __aeabi_memcpy4                          0x0800022d   Thumb Code     0  memcpya.o(.text)
    __aeabi_memcpy8                          0x0800022d   Thumb Code     0  memcpya.o(.text)
    __aeabi_memset                           0x08000251   Thumb Code    14  memseta.o(.text)
    __aeabi_memset4                          0x08000251   Thumb Code     0  memseta.o(.text)
    __aeabi_memset8                          0x08000251   Thumb Code     0  memseta.o(.text)
    __aeabi_memclr                           0x0800025f   Thumb Code     4  memseta.o(.text)
    __aeabi_memclr4                          0x0800025f   Thumb Code     0  memseta.o(.text)
    __aeabi_memclr8                          0x0800025f   Thumb Code     0  memseta.o(.text)
    _memset$wrapper                          0x08000263   Thumb Code    18  memseta.o(.text)
    __0scanf                                 0x08000275   Thumb Code    26  __0scanf.o(.text)
    _scanf_string                            0x08000295   Thumb Code   224  _scanf_str.o(.text)
    __aeabi_uldivmod                         0x08000375   Thumb Code    98  uldiv.o(.text)
    __vfscanf_char_file                      0x080003d9   Thumb Code    12  scanf_char_file.o(.text)
    __scatterload                            0x080003ed   Thumb Code    28  init.o(.text)
    __scatterload_rt2                        0x080003ed   Thumb Code     0  init.o(.text)
    _fgetc$bs                                0x08000411   Thumb Code    28  fgetc_b.o(.text)
    __backspace                              0x0800042d   Thumb Code    10  fgetc_b.o(.text)
    __aeabi_llsl                             0x0800043d   Thumb Code    30  llshl.o(.text)
    _ll_shift_l                              0x0800043d   Thumb Code     0  llshl.o(.text)
    __aeabi_llsr                             0x0800045b   Thumb Code    32  llushr.o(.text)
    _ll_ushift_r                             0x0800045b   Thumb Code     0  llushr.o(.text)
    __vfscanf_char                           0x08000489   Thumb Code    20  scanf_char.o(.text)
    __semihosting_library_function           0x080004a5   Thumb Code     0  semi.o(.text)
    isspace                                  0x080004a5   Thumb Code    10  isspace_c.o(.text)
    __vfscanf                                0x080004b1   Thumb Code   810  _scanf.o(.text)
    __I$use$semihosting$fgetc                0x080007e1   Thumb Code     0  iusesemig.o(.text)
    __ctype_lookup                           0x080007e1   Thumb Code    34  ctype_c.o(.text)
    __decompress                             0x08000809   Thumb Code     0  __dczerorl2.o(.text)
    __decompress1                            0x08000809   Thumb Code    86  __dczerorl2.o(.text)
    BusFault_Handler                         0x0800085f   Thumb Code     4  gd32f30x_it.o(i.BusFault_Handler)
    CLK_PRIMARY_In                           0x08000865   Thumb Code    16  dev_iic.o(i.CLK_PRIMARY_In)
    CLK_SECONDARY_In                         0x08000879   Thumb Code    18  dev_iic.o(i.CLK_SECONDARY_In)
    DEV_I2C_Read                             0x08000891   Thumb Code   380  dev_iic.o(i.DEV_I2C_Read)
    DEV_I2C_Write                            0x08000a5d   Thumb Code   362  dev_iic.o(i.DEV_I2C_Write)
    DebugMon_Handler                         0x08000c19   Thumb Code     2  gd32f30x_it.o(i.DebugMon_Handler)
    EXTI1_IRQHandler                         0x08000c1b   Thumb Code    18  dev_key_led.o(i.EXTI1_IRQHandler)
    EXTI2_IRQHandler                         0x08000c2d   Thumb Code    18  dev_key_led.o(i.EXTI2_IRQHandler)
    EXTI3_IRQHandler                         0x08000c3f   Thumb Code    18  dev_key_led.o(i.EXTI3_IRQHandler)
    GPIO_2d3d_SW_set                         0x08000c51   Thumb Code    68  pannel.o(i.GPIO_2d3d_SW_set)
    GPIO_INIT                                0x08000cbd   Thumb Code    36  dev_iic.o(i.GPIO_INIT)
    GPIO_rst_Init                            0x08000ce5   Thumb Code    14  pannel.o(i.GPIO_rst_Init)
    HardFault_Handler                        0x08000cf3   Thumb Code     4  gd32f30x_it.o(i.HardFault_Handler)
    I2C_Init                                 0x08000cf7   Thumb Code    20  dev_iic.o(i.I2C_Init)
    I2C_PRIMARY_GPIO_IN                      0x08000d0b   Thumb Code    12  dev_iic.o(i.I2C_PRIMARY_GPIO_IN)
    I2C_PRIMARY_GPIO_OUT                     0x08000d19   Thumb Code    60  dev_iic.o(i.I2C_PRIMARY_GPIO_OUT)
    I2C_Primary_ReadBytes                    0x08000d8d   Thumb Code   118  dev_iic.o(i.I2C_Primary_ReadBytes)
    I2C_Primary_Transfer                     0x08000e03   Thumb Code   140  dev_iic.o(i.I2C_Primary_Transfer)
    I2C_Primary_WriteBytes                   0x08000e8f   Thumb Code   136  dev_iic.o(i.I2C_Primary_WriteBytes)
    I2C_SECONDARY_GPIO_IN                    0x08000f17   Thumb Code    12  dev_iic.o(i.I2C_SECONDARY_GPIO_IN)
    I2C_SECONDARY_GPIO_OUT                   0x08000f25   Thumb Code    68  dev_iic.o(i.I2C_SECONDARY_GPIO_OUT)
    I2C_Secondary_ReadBytes                  0x08000fa1   Thumb Code   118  dev_iic.o(i.I2C_Secondary_ReadBytes)
    I2C_Secondary_Transfer                   0x08001017   Thumb Code   140  dev_iic.o(i.I2C_Secondary_Transfer)
    I2C_Secondary_WriteBytes                 0x080010a3   Thumb Code   136  dev_iic.o(i.I2C_Secondary_WriteBytes)
    KeyValue_set_task                        0x0800112d   Thumb Code   112  main.o(i.KeyValue_set_task)
    Key_GPIO_Read                            0x080011e9   Thumb Code   100  dev_key_led.o(i.Key_GPIO_Read)
    Key_Init                                 0x08001255   Thumb Code   114  dev_key_led.o(i.Key_Init)
    LT7911_RSTN                              0x080012d1   Thumb Code    26  pannel.o(i.LT7911_RSTN)
    Log_print_task                           0x080012ed   Thumb Code   170  main.o(i.Log_print_task)
    MemManage_Handler                        0x080013a1   Thumb Code     4  gd32f30x_it.o(i.MemManage_Handler)
    NMI_Handler                              0x080013a5   Thumb Code     2  gd32f30x_it.o(i.NMI_Handler)
    SDA_PRIMARY_In                           0x080013a9   Thumb Code    16  dev_iic.o(i.SDA_PRIMARY_In)
    SDA_PRIMARY_Out                          0x080013bd   Thumb Code    16  dev_iic.o(i.SDA_PRIMARY_Out)
    SDA_SECONDARY_In                         0x080013d1   Thumb Code    18  dev_iic.o(i.SDA_SECONDARY_In)
    SDA_SECONDARY_Out                        0x080013e9   Thumb Code    18  dev_iic.o(i.SDA_SECONDARY_Out)
    SysTick_Handler                          0x08001401   Thumb Code    46  port.o(i.SysTick_Handler)
    SystemInit                               0x08001435   Thumb Code   156  system_gd32f30x.o(i.SystemInit)
    USART_cmd_task                           0x080014dd   Thumb Code    90  main.o(i.USART_cmd_task)
    UsageFault_Handler                       0x08001559   Thumb Code     4  gd32f30x_it.o(i.UsageFault_Handler)
    Write_I2C                                0x0800155d   Thumb Code    42  pannel.o(i.Write_I2C)
    Write_I2C_cmd                            0x08001587   Thumb Code    22  pannel.o(i.Write_I2C_cmd)
    __0printf$8                              0x0800159d   Thumb Code    22  printf8.o(i.__0printf$8)
    __1printf$8                              0x0800159d   Thumb Code     0  printf8.o(i.__0printf$8)
    __2printf                                0x0800159d   Thumb Code     0  printf8.o(i.__0printf$8)
    __scatterload_copy                       0x080015bd   Thumb Code    14  handlers.o(i.__scatterload_copy)
    __scatterload_null                       0x080015cb   Thumb Code     2  handlers.o(i.__scatterload_null)
    __scatterload_zeroinit                   0x080015cd   Thumb Code    14  handlers.o(i.__scatterload_zeroinit)
    delay_1ms                                0x08001a33   Thumb Code    22  systick.o(i.delay_1ms)
    delay_1us                                0x08001a49   Thumb Code    98  systick.o(i.delay_1us)
    eTaskConfirmSleepModeStatus              0x08001ab5   Thumb Code    52  tasks.o(i.eTaskConfirmSleepModeStatus)
    exti_interrupt_flag_clear                0x08001afd   Thumb Code     6  gd32f30x_exti.o(i.exti_interrupt_flag_clear)
    exti_interrupt_flag_get                  0x08001b09   Thumb Code    18  gd32f30x_exti.o(i.exti_interrupt_flag_get)
    fgetc                                    0x08001b21   Thumb Code    26  main.o(i.fgetc)
    fputc                                    0x08001b41   Thumb Code    32  main.o(i.fputc)
    gd_eval_com_init                         0x08001b65   Thumb Code   206  gd32f307c_eval.o(i.gd_eval_com_init)
    gpio_bit_reset                           0x08001c51   Thumb Code     4  gd32f30x_gpio.o(i.gpio_bit_reset)
    gpio_bit_set                             0x08001c55   Thumb Code     4  gd32f30x_gpio.o(i.gpio_bit_set)
    gpio_init                                0x08001c59   Thumb Code   188  gd32f30x_gpio.o(i.gpio_init)
    gpio_input_bit_get                       0x08001d15   Thumb Code    16  gd32f30x_gpio.o(i.gpio_input_bit_get)
    i2c_Primary_Ack                          0x08001d35   Thumb Code    52  dev_iic.o(i.i2c_Primary_Ack)
    i2c_Primary_NAck                         0x08001d6d   Thumb Code    44  dev_iic.o(i.i2c_Primary_NAck)
    i2c_Primary_ReadByte                     0x08001d9d   Thumb Code    66  dev_iic.o(i.i2c_Primary_ReadByte)
    i2c_Primary_SendByte                     0x08001de5   Thumb Code    78  dev_iic.o(i.i2c_Primary_SendByte)
    i2c_Primary_Start                        0x08001e39   Thumb Code    56  dev_iic.o(i.i2c_Primary_Start)
    i2c_Primary_Stop                         0x08001e75   Thumb Code    56  dev_iic.o(i.i2c_Primary_Stop)
    i2c_Primary_WaitAck                      0x08001eb1   Thumb Code    78  dev_iic.o(i.i2c_Primary_WaitAck)
    i2c_Secondary_Ack                        0x08001f05   Thumb Code    60  dev_iic.o(i.i2c_Secondary_Ack)
    i2c_Secondary_NAck                       0x08001f45   Thumb Code    50  dev_iic.o(i.i2c_Secondary_NAck)
    i2c_Secondary_ReadByte                   0x08001f7d   Thumb Code    72  dev_iic.o(i.i2c_Secondary_ReadByte)
    i2c_Secondary_SendByte                   0x08001fc9   Thumb Code    86  dev_iic.o(i.i2c_Secondary_SendByte)
    i2c_Secondary_Start                      0x08002025   Thumb Code    64  dev_iic.o(i.i2c_Secondary_Start)
    i2c_Secondary_Stop                       0x08002069   Thumb Code    64  dev_iic.o(i.i2c_Secondary_Stop)
    i2c_Secondary_WaitAck                    0x080020ad   Thumb Code    86  dev_iic.o(i.i2c_Secondary_WaitAck)
    i2c_ack_config                           0x08002109   Thumb Code    16  gd32f30x_i2c.o(i.i2c_ack_config)
    i2c_clock_config                         0x08002119   Thumb Code   306  gd32f30x_i2c.o(i.i2c_clock_config)
    i2c_enable                               0x08002259   Thumb Code    10  gd32f30x_i2c.o(i.i2c_enable)
    i2c_mode_addr_config                     0x08002263   Thumb Code    28  gd32f30x_i2c.o(i.i2c_mode_addr_config)
    icm42688_data_task                       0x08002281   Thumb Code   174  main.o(i.icm42688_data_task)
    icm42688_get_acc                         0x080023d9   Thumb Code   184  icm42688.o(i.icm42688_get_acc)
    icm42688_get_gyro                        0x0800250d   Thumb Code   184  icm42688.o(i.icm42688_get_gyro)
    icm42688_get_temp                        0x08002641   Thumb Code    72  icm42688.o(i.icm42688_get_temp)
    icm42688_init                            0x080026b5   Thumb Code  1056  icm42688.o(i.icm42688_init)
    icm42688_print                           0x08002ad5   Thumb Code    42  icm42688.o(i.icm42688_print)
    main                                     0x08002b25   Thumb Code   124  main.o(i.main)
    nvic_irq_enable                          0x08002bf5   Thumb Code   186  gd32f30x_misc.o(i.nvic_irq_enable)
    nvic_priority_group_set                  0x08002cb9   Thumb Code    10  gd32f30x_misc.o(i.nvic_priority_group_set)
    pannel_config_303                        0x08002ccd   Thumb Code   768  pannel.o(i.pannel_config_303)
    pannel_display                           0x08003029   Thumb Code    74  pannel.o(i.pannel_display)
    pannel_init                              0x080030d1   Thumb Code    32  pannel.o(i.pannel_init)
    pannel_reset                             0x080030f1   Thumb Code    32  pannel.o(i.pannel_reset)
    pca9544_i2c_init                         0x08003111   Thumb Code    68  pca9544.o(i.pca9544_i2c_init)
    pca9544_i2c_set                          0x080031cd   Thumb Code   130  pca9544.o(i.pca9544_i2c_set)
    pvPortMalloc                             0x08003e05   Thumb Code   234  heap_4.o(i.pvPortMalloc)
    pxPortInitialiseStack                    0x08003f05   Thumb Code    38  port.o(i.pxPortInitialiseStack)
    rcu_clock_freq_get                       0x08003f31   Thumb Code   310  gd32f30x_rcu.o(i.rcu_clock_freq_get)
    rcu_periph_clock_enable                  0x08004089   Thumb Code    28  gd32f30x_rcu.o(i.rcu_periph_clock_enable)
    rcu_periph_reset_disable                 0x080040a9   Thumb Code    28  gd32f30x_rcu.o(i.rcu_periph_reset_disable)
    rcu_periph_reset_enable                  0x080040c9   Thumb Code    28  gd32f30x_rcu.o(i.rcu_periph_reset_enable)
    sabre9018_init                           0x080040e9   Thumb Code   962  sabre9018.o(i.sabre9018_init)
    sabre9018_print                          0x080044dd   Thumb Code    42  sabre9018.o(i.sabre9018_print)
    sabre9018_volume_set                     0x0800452d   Thumb Code    82  sabre9018.o(i.sabre9018_volume_set)
    select_pannel                            0x080045b9   Thumb Code    44  pannel.o(i.select_pannel)
    set_bright                               0x08004621   Thumb Code   164  pannel.o(i.set_bright)
    system_init                              0x0800480d   Thumb Code   116  main.o(i.system_init)
    tca6408_i2c_init                         0x080048c5   Thumb Code   206  tca6408.o(i.tca6408_i2c_init)
    tca6408_read                             0x08004a59   Thumb Code    52  tca6408.o(i.tca6408_read)
    tca6408_write                            0x08004ac1   Thumb Code   130  tca6408.o(i.tca6408_write)
    tca9548_i2c_init                         0x08004bc1   Thumb Code    70  tca9548.o(i.tca9548_i2c_init)
    tca9548_i2c_set                          0x08004c81   Thumb Code   154  tca9548.o(i.tca9548_i2c_set)
    usart_baudrate_set                       0x08004dad   Thumb Code   136  gd32f30x_usart.o(i.usart_baudrate_set)
    usart_data_receive                       0x08004e3d   Thumb Code    10  gd32f30x_usart.o(i.usart_data_receive)
    usart_data_transmit                      0x08004e47   Thumb Code     8  gd32f30x_usart.o(i.usart_data_transmit)
    usart_deinit                             0x08004e51   Thumb Code   136  gd32f30x_usart.o(i.usart_deinit)
    usart_enable                             0x08004ee1   Thumb Code    10  gd32f30x_usart.o(i.usart_enable)
    usart_flag_get                           0x08004eeb   Thumb Code    30  gd32f30x_usart.o(i.usart_flag_get)
    usart_receive_config                     0x08004f09   Thumb Code    20  gd32f30x_usart.o(i.usart_receive_config)
    usart_transmit_config                    0x08004f1d   Thumb Code    20  gd32f30x_usart.o(i.usart_transmit_config)
    uxListRemove                             0x08004f31   Thumb Code    40  list.o(i.uxListRemove)
    uxTaskGetNumberOfTasks                   0x08004f59   Thumb Code     6  tasks.o(i.uxTaskGetNumberOfTasks)
    vApplicationGetIdleTaskMemory            0x08004f65   Thumb Code    14  tasks.o(i.vApplicationGetIdleTaskMemory)
    vApplicationGetTimerTaskMemory           0x08004f7d   Thumb Code    14  tasks.o(i.vApplicationGetTimerTaskMemory)
    vListInitialise                          0x08004f95   Thumb Code    32  list.o(i.vListInitialise)
    vListInitialiseItem                      0x08004fb5   Thumb Code     6  list.o(i.vListInitialiseItem)
    vListInsert                              0x08004fbb   Thumb Code    52  list.o(i.vListInsert)
    vPortEnterCritical                       0x08004ff1   Thumb Code    30  port.o(i.vPortEnterCritical)
    vPortExitCritical                        0x08005015   Thumb Code    28  port.o(i.vPortExitCritical)
    vPortFree                                0x08005035   Thumb Code    68  heap_4.o(i.vPortFree)
    vPortSetupTimerInterrupt                 0x08005081   Thumb Code    50  port.o(i.vPortSetupTimerInterrupt)
    vPortSuppressTicksAndSleep               0x080050c5   Thumb Code   306  port.o(i.vPortSuppressTicksAndSleep)
    vQueueWaitForMessageRestricted           0x08005209   Thumb Code    74  queue.o(i.vQueueWaitForMessageRestricted)
    vTaskDelay                               0x08005255   Thumb Code    46  tasks.o(i.vTaskDelay)
    vTaskInternalSetTimeOutState             0x08005289   Thumb Code    14  tasks.o(i.vTaskInternalSetTimeOutState)
    vTaskMissedYield                         0x080052a1   Thumb Code     8  tasks.o(i.vTaskMissedYield)
    vTaskPlaceOnEventList                    0x080052ad   Thumb Code    28  tasks.o(i.vTaskPlaceOnEventList)
    vTaskPlaceOnEventListRestricted          0x080052cd   Thumb Code    74  tasks.o(i.vTaskPlaceOnEventListRestricted)
    vTaskStartScheduler                      0x0800531d   Thumb Code    70  tasks.o(i.vTaskStartScheduler)
    vTaskStepTick                            0x08005375   Thumb Code    50  tasks.o(i.vTaskStepTick)
    vTaskSuspendAll                          0x080053b5   Thumb Code    12  tasks.o(i.vTaskSuspendAll)
    vTaskSwitchContext                       0x080053c5   Thumb Code   106  tasks.o(i.vTaskSwitchContext)
    xPortStartScheduler                      0x08005445   Thumb Code    58  port.o(i.xPortStartScheduler)
    xQueueGenericCreate                      0x0800548d   Thumb Code    82  queue.o(i.xQueueGenericCreate)
    xQueueGenericCreateStatic                0x080054df   Thumb Code    62  queue.o(i.xQueueGenericCreateStatic)
    xQueueGenericReset                       0x0800551d   Thumb Code   156  queue.o(i.xQueueGenericReset)
    xQueueReceive                            0x080055bd   Thumb Code   256  queue.o(i.xQueueReceive)
    xTaskCheckForTimeOut                     0x080056c1   Thumb Code   112  tasks.o(i.xTaskCheckForTimeOut)
    xTaskCreate                              0x0800573d   Thumb Code    56  tasks.o(i.xTaskCreate)
    xTaskCreateStatic                        0x08005775   Thumb Code    64  tasks.o(i.xTaskCreateStatic)
    xTaskGetTickCount                        0x080057b5   Thumb Code     6  tasks.o(i.xTaskGetTickCount)
    xTaskIncrementTick                       0x080057c1   Thumb Code   374  tasks.o(i.xTaskIncrementTick)
    xTaskPriorityDisinherit                  0x08005965   Thumb Code   152  tasks.o(i.xTaskPriorityDisinherit)
    xTaskRemoveFromEventList                 0x08005a05   Thumb Code   264  tasks.o(i.xTaskRemoveFromEventList)
    xTaskResumeAll                           0x08005b25   Thumb Code   346  tasks.o(i.xTaskResumeAll)
    xTimerCreateTimerTask                    0x08005ca5   Thumb Code    76  timers.o(i.xTimerCreateTimerTask)
    __ctype_categories                       0x08005df6   Data          64  ctype_c.o(.constdata)
    Region$$Table$$Base                      0x08006264   Number         0  anon$$obj.o(Region$$Table)
    Region$$Table$$Limit                     0x08006284   Number         0  anon$$obj.o(Region$$Table)
    xBinarySemaphore                         0x200000d0   Data           4  main.o(.data)
    xQueue                                   0x200000d4   Data           4  main.o(.data)
    icm42688Task_Handle                      0x200000d8   Data           4  main.o(.data)
    KeyValueTask_Handle                      0x200000dc   Data           4  main.o(.data)
    LogPrintTask_Handle                      0x200000e0   Data           4  main.o(.data)
    USARTCMDTask_Handle                      0x200000e4   Data           4  main.o(.data)
    pannel_t                                 0x200000e8   Data           9  pannel.o(.data)
    chip_addr                                0x200000f1   Data           1  pannel.o(.data)
    SystemCoreClock                          0x200001b4   Data           4  system_gd32f30x.o(.data)
    pxCurrentTCB                             0x20000238   Data           4  tasks.o(.data)
    __stdin                                  0x200002b8   Data           4  stdin.o(.data)
    __stdout                                 0x200002bc   Data           4  stdout.o(.data)
    ucHeap                                   0x200009a8   Data        4096  heap_4.o(.bss)
    __initial_sp                             0x20001da8   Data           0  startup_gd32f30x_hd.o(STACK)



==============================================================================

Memory Map of the image

  Image Entry point : 0x08000131

  Load Region LR_IROM1 (Base: 0x08000000, Size: 0x00006548, Max: 0x00080000, ABSOLUTE, COMPRESSED[0x0000632c])

    Execution Region ER_IROM1 (Exec base: 0x08000000, Load base: 0x08000000, Size: 0x00006284, Max: 0x00080000, ABSOLUTE)

    Exec Addr    Load Addr    Size         Type   Attr      Idx    E Section Name        Object

    0x08000000   0x08000000   0x00000130   Data   RO         5079    RESET               startup_gd32f30x_hd.o
    0x08000130   0x08000130   0x00000000   Code   RO         6485  * .ARM.Collect$$$$00000000  mc_w.l(entry.o)
    0x08000130   0x08000130   0x00000004   Code   RO         6759    .ARM.Collect$$$$00000001  mc_w.l(entry2.o)
    0x08000134   0x08000134   0x00000004   Code   RO         6762    .ARM.Collect$$$$00000004  mc_w.l(entry5.o)
    0x08000138   0x08000138   0x00000000   Code   RO         6764    .ARM.Collect$$$$00000008  mc_w.l(entry7b.o)
    0x08000138   0x08000138   0x00000000   Code   RO         6766    .ARM.Collect$$$$0000000A  mc_w.l(entry8b.o)
    0x08000138   0x08000138   0x00000008   Code   RO         6767    .ARM.Collect$$$$0000000B  mc_w.l(entry9a.o)
    0x08000140   0x08000140   0x00000004   Code   RO         6774    .ARM.Collect$$$$0000000E  mc_w.l(entry12b.o)
    0x08000144   0x08000144   0x00000000   Code   RO         6769    .ARM.Collect$$$$0000000F  mc_w.l(entry10a.o)
    0x08000144   0x08000144   0x00000000   Code   RO         6771    .ARM.Collect$$$$00000011  mc_w.l(entry11a.o)
    0x08000144   0x08000144   0x00000004   Code   RO         6760    .ARM.Collect$$$$00002712  mc_w.l(entry2.o)
    0x08000148   0x08000148   0x000000be   Code   RO         6346    .emb_text           port.o
    0x08000206   0x08000206   0x00000002   PAD
    0x08000208   0x08000208   0x00000024   Code   RO         5080    .text               startup_gd32f30x_hd.o
    0x0800022c   0x0800022c   0x00000024   Code   RO         6488    .text               mc_w.l(memcpya.o)
    0x08000250   0x08000250   0x00000024   Code   RO         6490    .text               mc_w.l(memseta.o)
    0x08000274   0x08000274   0x00000020   Code   RO         6755    .text               mc_w.l(__0scanf.o)
    0x08000294   0x08000294   0x000000e0   Code   RO         6757    .text               mc_w.l(_scanf_str.o)
    0x08000374   0x08000374   0x00000062   Code   RO         6779    .text               mc_w.l(uldiv.o)
    0x080003d6   0x080003d6   0x00000002   PAD
    0x080003d8   0x080003d8   0x00000014   Code   RO         6781    .text               mc_w.l(scanf_char_file.o)
    0x080003ec   0x080003ec   0x00000024   Code   RO         6794    .text               mc_w.l(init.o)
    0x08000410   0x08000410   0x0000002c   Code   RO         6796    .text               mc_w.l(fgetc_b.o)
    0x0800043c   0x0800043c   0x0000001e   Code   RO         6799    .text               mc_w.l(llshl.o)
    0x0800045a   0x0800045a   0x00000020   Code   RO         6801    .text               mc_w.l(llushr.o)
    0x0800047a   0x0800047a   0x00000002   PAD
    0x0800047c   0x0800047c   0x00000028   Code   RO         6805    .text               mc_w.l(scanf_char.o)
    0x080004a4   0x080004a4   0x00000000   Code   RO         6809    .text               mc_w.l(semi.o)
    0x080004a4   0x080004a4   0x0000000a   Code   RO         6810    .text               mc_w.l(isspace_c.o)
    0x080004ae   0x080004ae   0x00000002   PAD
    0x080004b0   0x080004b0   0x00000330   Code   RO         6812    .text               mc_w.l(_scanf.o)
    0x080007e0   0x080007e0   0x00000000   Code   RO         6814    .text               mc_w.l(iusesemig.o)
    0x080007e0   0x080007e0   0x00000028   Code   RO         6815    .text               mc_w.l(ctype_c.o)
    0x08000808   0x08000808   0x00000056   Code   RO         6826    .text               mc_w.l(__dczerorl2.o)
    0x0800085e   0x0800085e   0x00000004   Code   RO          767    i.BusFault_Handler  gd32f30x_it.o
    0x08000862   0x08000862   0x00000002   PAD
    0x08000864   0x08000864   0x00000014   Code   RO          822    i.CLK_PRIMARY_In    dev_iic.o
    0x08000878   0x08000878   0x00000018   Code   RO          823    i.CLK_SECONDARY_In  dev_iic.o
    0x08000890   0x08000890   0x000001cc   Code   RO          824    i.DEV_I2C_Read      dev_iic.o
    0x08000a5c   0x08000a5c   0x000001bc   Code   RO          825    i.DEV_I2C_Write     dev_iic.o
    0x08000c18   0x08000c18   0x00000002   Code   RO          768    i.DebugMon_Handler  gd32f30x_it.o
    0x08000c1a   0x08000c1a   0x00000012   Code   RO          639    i.EXTI1_IRQHandler  dev_key_led.o
    0x08000c2c   0x08000c2c   0x00000012   Code   RO          640    i.EXTI2_IRQHandler  dev_key_led.o
    0x08000c3e   0x08000c3e   0x00000012   Code   RO          641    i.EXTI3_IRQHandler  dev_key_led.o
    0x08000c50   0x08000c50   0x0000006c   Code   RO          363    i.GPIO_2d3d_SW_set  pannel.o
    0x08000cbc   0x08000cbc   0x00000028   Code   RO          826    i.GPIO_INIT         dev_iic.o
    0x08000ce4   0x08000ce4   0x0000000e   Code   RO          364    i.GPIO_rst_Init     pannel.o
    0x08000cf2   0x08000cf2   0x00000004   Code   RO          769    i.HardFault_Handler  gd32f30x_it.o
    0x08000cf6   0x08000cf6   0x00000014   Code   RO          827    i.I2C_Init          dev_iic.o
    0x08000d0a   0x08000d0a   0x0000000c   Code   RO          828    i.I2C_PRIMARY_GPIO_IN  dev_iic.o
    0x08000d16   0x08000d16   0x00000002   PAD
    0x08000d18   0x08000d18   0x00000040   Code   RO          829    i.I2C_PRIMARY_GPIO_OUT  dev_iic.o
    0x08000d58   0x08000d58   0x00000034   Code   RO          830    i.I2C_PRIMARY_Mode_Config  dev_iic.o
    0x08000d8c   0x08000d8c   0x00000076   Code   RO          831    i.I2C_Primary_ReadBytes  dev_iic.o
    0x08000e02   0x08000e02   0x0000008c   Code   RO          832    i.I2C_Primary_Transfer  dev_iic.o
    0x08000e8e   0x08000e8e   0x00000088   Code   RO          833    i.I2C_Primary_WriteBytes  dev_iic.o
    0x08000f16   0x08000f16   0x0000000c   Code   RO          834    i.I2C_SECONDARY_GPIO_IN  dev_iic.o
    0x08000f22   0x08000f22   0x00000002   PAD
    0x08000f24   0x08000f24   0x00000048   Code   RO          835    i.I2C_SECONDARY_GPIO_OUT  dev_iic.o
    0x08000f6c   0x08000f6c   0x00000034   Code   RO          836    i.I2C_SECONDARY_Mode_Config  dev_iic.o
    0x08000fa0   0x08000fa0   0x00000076   Code   RO          837    i.I2C_Secondary_ReadBytes  dev_iic.o
    0x08001016   0x08001016   0x0000008c   Code   RO          838    i.I2C_Secondary_Transfer  dev_iic.o
    0x080010a2   0x080010a2   0x00000088   Code   RO          839    i.I2C_Secondary_WriteBytes  dev_iic.o
    0x0800112a   0x0800112a   0x00000002   PAD
    0x0800112c   0x0800112c   0x000000bc   Code   RO            3    i.KeyValue_set_task  main.o
    0x080011e8   0x080011e8   0x0000006c   Code   RO          642    i.Key_GPIO_Read     dev_key_led.o
    0x08001254   0x08001254   0x0000007c   Code   RO          643    i.Key_Init          dev_key_led.o
    0x080012d0   0x080012d0   0x0000001a   Code   RO          365    i.LT7911_RSTN       pannel.o
    0x080012ea   0x080012ea   0x00000002   PAD
    0x080012ec   0x080012ec   0x000000b4   Code   RO            4    i.Log_print_task    main.o
    0x080013a0   0x080013a0   0x00000004   Code   RO          770    i.MemManage_Handler  gd32f30x_it.o
    0x080013a4   0x080013a4   0x00000002   Code   RO          771    i.NMI_Handler       gd32f30x_it.o
    0x080013a6   0x080013a6   0x00000002   PAD
    0x080013a8   0x080013a8   0x00000014   Code   RO          843    i.SDA_PRIMARY_In    dev_iic.o
    0x080013bc   0x080013bc   0x00000014   Code   RO          844    i.SDA_PRIMARY_Out   dev_iic.o
    0x080013d0   0x080013d0   0x00000018   Code   RO          845    i.SDA_SECONDARY_In  dev_iic.o
    0x080013e8   0x080013e8   0x00000018   Code   RO          846    i.SDA_SECONDARY_Out  dev_iic.o
    0x08001400   0x08001400   0x00000034   Code   RO         6347    i.SysTick_Handler   port.o
    0x08001434   0x08001434   0x000000a8   Code   RO         1135    i.SystemInit        system_gd32f30x.o
    0x080014dc   0x080014dc   0x0000007c   Code   RO            5    i.USART_cmd_task    main.o
    0x08001558   0x08001558   0x00000004   Code   RO          772    i.UsageFault_Handler  gd32f30x_it.o
    0x0800155c   0x0800155c   0x0000002a   Code   RO          366    i.Write_I2C         pannel.o
    0x08001586   0x08001586   0x00000016   Code   RO          367    i.Write_I2C_cmd     pannel.o
    0x0800159c   0x0800159c   0x00000020   Code   RO         6701    i.__0printf$8       mc_w.l(printf8.o)
    0x080015bc   0x080015bc   0x0000000e   Code   RO         6820    i.__scatterload_copy  mc_w.l(handlers.o)
    0x080015ca   0x080015ca   0x00000002   Code   RO         6821    i.__scatterload_null  mc_w.l(handlers.o)
    0x080015cc   0x080015cc   0x0000000e   Code   RO         6822    i.__scatterload_zeroinit  mc_w.l(handlers.o)
    0x080015da   0x080015da   0x00000002   PAD
    0x080015dc   0x080015dc   0x00000404   Code   RO         6708    i._printf_core      mc_w.l(printf8.o)
    0x080019e0   0x080019e0   0x00000024   Code   RO         6709    i._printf_post_padding  mc_w.l(printf8.o)
    0x08001a04   0x08001a04   0x0000002e   Code   RO         6710    i._printf_pre_padding  mc_w.l(printf8.o)
    0x08001a32   0x08001a32   0x00000016   Code   RO         1086    i.delay_1ms         systick.o
    0x08001a48   0x08001a48   0x0000006c   Code   RO         1087    i.delay_1us         systick.o
    0x08001ab4   0x08001ab4   0x00000048   Code   RO         5696    i.eTaskConfirmSleepModeStatus  tasks.o
    0x08001afc   0x08001afc   0x0000000c   Code   RO         2496    i.exti_interrupt_flag_clear  gd32f30x_exti.o
    0x08001b08   0x08001b08   0x00000018   Code   RO         2497    i.exti_interrupt_flag_get  gd32f30x_exti.o
    0x08001b20   0x08001b20   0x00000020   Code   RO            6    i.fgetc             main.o
    0x08001b40   0x08001b40   0x00000024   Code   RO            7    i.fputc             main.o
    0x08001b64   0x08001b64   0x000000ec   Code   RO         5086    i.gd_eval_com_init  gd32f307c_eval.o
    0x08001c50   0x08001c50   0x00000004   Code   RO         2861    i.gpio_bit_reset    gd32f30x_gpio.o
    0x08001c54   0x08001c54   0x00000004   Code   RO         2862    i.gpio_bit_set      gd32f30x_gpio.o
    0x08001c58   0x08001c58   0x000000bc   Code   RO         2871    i.gpio_init         gd32f30x_gpio.o
    0x08001d14   0x08001d14   0x00000010   Code   RO         2872    i.gpio_input_bit_get  gd32f30x_gpio.o
    0x08001d24   0x08001d24   0x0000000e   Code   RO          847    i.i2c_Delay         dev_iic.o
    0x08001d32   0x08001d32   0x00000002   PAD
    0x08001d34   0x08001d34   0x00000038   Code   RO          848    i.i2c_Primary_Ack   dev_iic.o
    0x08001d6c   0x08001d6c   0x00000030   Code   RO          849    i.i2c_Primary_NAck  dev_iic.o
    0x08001d9c   0x08001d9c   0x00000048   Code   RO          850    i.i2c_Primary_ReadByte  dev_iic.o
    0x08001de4   0x08001de4   0x00000054   Code   RO          851    i.i2c_Primary_SendByte  dev_iic.o
    0x08001e38   0x08001e38   0x0000003c   Code   RO          852    i.i2c_Primary_Start  dev_iic.o
    0x08001e74   0x08001e74   0x0000003c   Code   RO          853    i.i2c_Primary_Stop  dev_iic.o
    0x08001eb0   0x08001eb0   0x00000054   Code   RO          854    i.i2c_Primary_WaitAck  dev_iic.o
    0x08001f04   0x08001f04   0x00000040   Code   RO          855    i.i2c_Secondary_Ack  dev_iic.o
    0x08001f44   0x08001f44   0x00000038   Code   RO          856    i.i2c_Secondary_NAck  dev_iic.o
    0x08001f7c   0x08001f7c   0x0000004c   Code   RO          857    i.i2c_Secondary_ReadByte  dev_iic.o
    0x08001fc8   0x08001fc8   0x0000005c   Code   RO          858    i.i2c_Secondary_SendByte  dev_iic.o
    0x08002024   0x08002024   0x00000044   Code   RO          859    i.i2c_Secondary_Start  dev_iic.o
    0x08002068   0x08002068   0x00000044   Code   RO          860    i.i2c_Secondary_Stop  dev_iic.o
    0x080020ac   0x080020ac   0x0000005c   Code   RO          861    i.i2c_Secondary_WaitAck  dev_iic.o
    0x08002108   0x08002108   0x00000010   Code   RO         2988    i.i2c_ack_config    gd32f30x_i2c.o
    0x08002118   0x08002118   0x00000140   Code   RO         2990    i.i2c_clock_config  gd32f30x_i2c.o
    0x08002258   0x08002258   0x0000000a   Code   RO         2999    i.i2c_enable        gd32f30x_i2c.o
    0x08002262   0x08002262   0x0000001c   Code   RO         3007    i.i2c_mode_addr_config  gd32f30x_i2c.o
    0x0800227e   0x0800227e   0x00000002   PAD
    0x08002280   0x08002280   0x00000158   Code   RO            8    i.icm42688_data_task  main.o
    0x080023d8   0x080023d8   0x00000134   Code   RO          717    i.icm42688_get_acc  icm42688.o
    0x0800250c   0x0800250c   0x00000134   Code   RO          718    i.icm42688_get_gyro  icm42688.o
    0x08002640   0x08002640   0x00000074   Code   RO          719    i.icm42688_get_temp  icm42688.o
    0x080026b4   0x080026b4   0x00000420   Code   RO          720    i.icm42688_init     icm42688.o
    0x08002ad4   0x08002ad4   0x00000050   Code   RO          721    i.icm42688_print    icm42688.o
    0x08002b24   0x08002b24   0x000000d0   Code   RO            9    i.main              main.o
    0x08002bf4   0x08002bf4   0x000000c4   Code   RO         3189    i.nvic_irq_enable   gd32f30x_misc.o
    0x08002cb8   0x08002cb8   0x00000014   Code   RO         3190    i.nvic_priority_group_set  gd32f30x_misc.o
    0x08002ccc   0x08002ccc   0x0000035c   Code   RO          368    i.pannel_config_303  pannel.o
    0x08003028   0x08003028   0x000000a8   Code   RO          369    i.pannel_display    pannel.o
    0x080030d0   0x080030d0   0x00000020   Code   RO          370    i.pannel_init       pannel.o
    0x080030f0   0x080030f0   0x00000020   Code   RO          371    i.pannel_reset      pannel.o
    0x08003110   0x08003110   0x000000bc   Code   RO          505    i.pca9544_i2c_init  pca9544.o
    0x080031cc   0x080031cc   0x00000114   Code   RO          506    i.pca9544_i2c_set   pca9544.o
    0x080032e0   0x080032e0   0x000000b8   Code   RO         5699    i.prvAddCurrentTaskToDelayedList  tasks.o
    0x08003398   0x08003398   0x000000f4   Code   RO         5700    i.prvAddNewTaskToReadyList  tasks.o
    0x0800348c   0x0800348c   0x0000005c   Code   RO         6169    i.prvCheckForValidListAndQueue  timers.o
    0x080034e8   0x080034e8   0x00000048   Code   RO         5701    i.prvCheckTasksWaitingTermination  tasks.o
    0x08003530   0x08003530   0x0000002a   Code   RO         5291    i.prvCopyDataFromQueue  queue.o
    0x0800355a   0x0800355a   0x0000007e   Code   RO         5292    i.prvCopyDataToQueue  queue.o
    0x080035d8   0x080035d8   0x00000088   Code   RO         5702    i.prvCreateIdleTasks  tasks.o
    0x08003660   0x08003660   0x0000004c   Code   RO         5703    i.prvCreateStaticTask  tasks.o
    0x080036ac   0x080036ac   0x0000005e   Code   RO         5704    i.prvCreateTask     tasks.o
    0x0800370a   0x0800370a   0x00000028   Code   RO         5705    i.prvDeleteTCB      tasks.o
    0x08003732   0x08003732   0x00000002   PAD
    0x08003734   0x08003734   0x00000048   Code   RO         5706    i.prvGetExpectedIdleTime  tasks.o
    0x0800377c   0x0800377c   0x00000028   Code   RO         6170    i.prvGetNextExpireTime  timers.o
    0x080037a4   0x080037a4   0x0000006c   Code   RO         6423    i.prvHeapInit       heap_4.o
    0x08003810   0x08003810   0x0000004c   Code   RO         5707    i.prvIdleTask       tasks.o
    0x0800385c   0x0800385c   0x0000002a   Code   RO         5295    i.prvInitialiseNewQueue  queue.o
    0x08003886   0x08003886   0x00000086   Code   RO         5708    i.prvInitialiseNewTask  tasks.o
    0x0800390c   0x0800390c   0x00000068   Code   RO         5709    i.prvInitialiseTaskLists  tasks.o
    0x08003974   0x08003974   0x00000068   Code   RO         6424    i.prvInsertBlockIntoFreeList  heap_4.o
    0x080039dc   0x080039dc   0x00000058   Code   RO         6172    i.prvInsertTimerInActiveList  timers.o
    0x08003a34   0x08003a34   0x0000001a   Code   RO         5296    i.prvIsQueueEmpty   queue.o
    0x08003a4e   0x08003a4e   0x0000005a   Code   RO         5298    i.prvNotifyQueueSetContainer  queue.o
    0x08003aa8   0x08003aa8   0x00000044   Code   RO         6173    i.prvProcessExpiredTimer  timers.o
    0x08003aec   0x08003aec   0x0000011c   Code   RO         6174    i.prvProcessReceivedCommands  timers.o
    0x08003c08   0x08003c08   0x00000074   Code   RO         6175    i.prvProcessTimerOrBlockTask  timers.o
    0x08003c7c   0x08003c7c   0x00000028   Code   RO         6176    i.prvReloadTimer    timers.o
    0x08003ca4   0x08003ca4   0x00000030   Code   RO         5710    i.prvResetNextTaskUnblockTime  tasks.o
    0x08003cd4   0x08003cd4   0x0000002c   Code   RO         6177    i.prvSampleTimeNow  timers.o
    0x08003d00   0x08003d00   0x00000044   Code   RO         6178    i.prvSwitchTimerLists  timers.o
    0x08003d44   0x08003d44   0x00000016   Code   RO         6348    i.prvTaskExitError  port.o
    0x08003d5a   0x08003d5a   0x0000001a   Code   RO         6179    i.prvTimerTask      timers.o
    0x08003d74   0x08003d74   0x00000090   Code   RO         5299    i.prvUnlockQueue    queue.o
    0x08003e04   0x08003e04   0x00000100   Code   RO         6426    i.pvPortMalloc      heap_4.o
    0x08003f04   0x08003f04   0x0000002c   Code   RO         6349    i.pxPortInitialiseStack  port.o
    0x08003f30   0x08003f30   0x00000158   Code   RO         3388    i.rcu_clock_freq_get  gd32f30x_rcu.o
    0x08004088   0x08004088   0x00000020   Code   RO         3406    i.rcu_periph_clock_enable  gd32f30x_rcu.o
    0x080040a8   0x080040a8   0x00000020   Code   RO         3409    i.rcu_periph_reset_disable  gd32f30x_rcu.o
    0x080040c8   0x080040c8   0x00000020   Code   RO         3410    i.rcu_periph_reset_enable  gd32f30x_rcu.o
    0x080040e8   0x080040e8   0x000003f4   Code   RO          455    i.sabre9018_init    sabre9018.o
    0x080044dc   0x080044dc   0x00000050   Code   RO          456    i.sabre9018_print   sabre9018.o
    0x0800452c   0x0800452c   0x0000008c   Code   RO          458    i.sabre9018_volume_set  sabre9018.o
    0x080045b8   0x080045b8   0x00000068   Code   RO          372    i.select_pannel     pannel.o
    0x08004620   0x08004620   0x000000e4   Code   RO          373    i.set_bright        pannel.o
    0x08004704   0x08004704   0x00000100   Code   RO         1136    i.system_clock_120m_irc8m  system_gd32f30x.o
    0x08004804   0x08004804   0x00000008   Code   RO         1137    i.system_clock_config  system_gd32f30x.o
    0x0800480c   0x0800480c   0x000000b8   Code   RO           10    i.system_init       main.o
    0x080048c4   0x080048c4   0x00000194   Code   RO          560    i.tca6408_i2c_init  tca6408.o
    0x08004a58   0x08004a58   0x00000068   Code   RO          561    i.tca6408_read      tca6408.o
    0x08004ac0   0x08004ac0   0x00000100   Code   RO          562    i.tca6408_write     tca6408.o
    0x08004bc0   0x08004bc0   0x000000c0   Code   RO          612    i.tca9548_i2c_init  tca9548.o
    0x08004c80   0x08004c80   0x0000012c   Code   RO          613    i.tca9548_i2c_set   tca9548.o
    0x08004dac   0x08004dac   0x00000090   Code   RO         4710    i.usart_baudrate_set  gd32f30x_usart.o
    0x08004e3c   0x08004e3c   0x0000000a   Code   RO         4713    i.usart_data_receive  gd32f30x_usart.o
    0x08004e46   0x08004e46   0x00000008   Code   RO         4714    i.usart_data_transmit  gd32f30x_usart.o
    0x08004e4e   0x08004e4e   0x00000002   PAD
    0x08004e50   0x08004e50   0x00000090   Code   RO         4715    i.usart_deinit      gd32f30x_usart.o
    0x08004ee0   0x08004ee0   0x0000000a   Code   RO         4719    i.usart_enable      gd32f30x_usart.o
    0x08004eea   0x08004eea   0x0000001e   Code   RO         4721    i.usart_flag_get    gd32f30x_usart.o
    0x08004f08   0x08004f08   0x00000014   Code   RO         4743    i.usart_receive_config  gd32f30x_usart.o
    0x08004f1c   0x08004f1c   0x00000014   Code   RO         4757    i.usart_transmit_config  gd32f30x_usart.o
    0x08004f30   0x08004f30   0x00000028   Code   RO         5252    i.uxListRemove      list.o
    0x08004f58   0x08004f58   0x0000000c   Code   RO         5719    i.uxTaskGetNumberOfTasks  tasks.o
    0x08004f64   0x08004f64   0x00000018   Code   RO         5724    i.vApplicationGetIdleTaskMemory  tasks.o
    0x08004f7c   0x08004f7c   0x00000018   Code   RO         5725    i.vApplicationGetTimerTaskMemory  tasks.o
    0x08004f94   0x08004f94   0x00000020   Code   RO         5253    i.vListInitialise   list.o
    0x08004fb4   0x08004fb4   0x00000006   Code   RO         5254    i.vListInitialiseItem  list.o
    0x08004fba   0x08004fba   0x00000034   Code   RO         5255    i.vListInsert       list.o
    0x08004fee   0x08004fee   0x00000002   PAD
    0x08004ff0   0x08004ff0   0x00000024   Code   RO         6351    i.vPortEnterCritical  port.o
    0x08005014   0x08005014   0x00000020   Code   RO         6352    i.vPortExitCritical  port.o
    0x08005034   0x08005034   0x0000004c   Code   RO         6427    i.vPortFree         heap_4.o
    0x08005080   0x08005080   0x00000044   Code   RO         6353    i.vPortSetupTimerInterrupt  port.o
    0x080050c4   0x080050c4   0x00000144   Code   RO         6354    i.vPortSuppressTicksAndSleep  port.o
    0x08005208   0x08005208   0x0000004a   Code   RO         5306    i.vQueueWaitForMessageRestricted  queue.o
    0x08005252   0x08005252   0x00000002   PAD
    0x08005254   0x08005254   0x00000034   Code   RO         5726    i.vTaskDelay        tasks.o
    0x08005288   0x08005288   0x00000018   Code   RO         5730    i.vTaskInternalSetTimeOutState  tasks.o
    0x080052a0   0x080052a0   0x0000000c   Code   RO         5731    i.vTaskMissedYield  tasks.o
    0x080052ac   0x080052ac   0x00000020   Code   RO         5732    i.vTaskPlaceOnEventList  tasks.o
    0x080052cc   0x080052cc   0x00000050   Code   RO         5733    i.vTaskPlaceOnEventListRestricted  tasks.o
    0x0800531c   0x0800531c   0x00000058   Code   RO         5741    i.vTaskStartScheduler  tasks.o
    0x08005374   0x08005374   0x00000040   Code   RO         5742    i.vTaskStepTick     tasks.o
    0x080053b4   0x080053b4   0x00000010   Code   RO         5744    i.vTaskSuspendAll   tasks.o
    0x080053c4   0x080053c4   0x00000080   Code   RO         5745    i.vTaskSwitchContext  tasks.o
    0x08005444   0x08005444   0x00000048   Code   RO         6355    i.xPortStartScheduler  port.o
    0x0800548c   0x0800548c   0x00000052   Code   RO         5313    i.xQueueGenericCreate  queue.o
    0x080054de   0x080054de   0x0000003e   Code   RO         5314    i.xQueueGenericCreateStatic  queue.o
    0x0800551c   0x0800551c   0x000000a0   Code   RO         5316    i.xQueueGenericReset  queue.o
    0x080055bc   0x080055bc   0x00000104   Code   RO         5325    i.xQueueReceive     queue.o
    0x080056c0   0x080056c0   0x0000007c   Code   RO         5749    i.xTaskCheckForTimeOut  tasks.o
    0x0800573c   0x0800573c   0x00000038   Code   RO         5750    i.xTaskCreate       tasks.o
    0x08005774   0x08005774   0x00000040   Code   RO         5751    i.xTaskCreateStatic  tasks.o
    0x080057b4   0x080057b4   0x0000000c   Code   RO         5765    i.xTaskGetTickCount  tasks.o
    0x080057c0   0x080057c0   0x000001a4   Code   RO         5767    i.xTaskIncrementTick  tasks.o
    0x08005964   0x08005964   0x000000a0   Code   RO         5768    i.xTaskPriorityDisinherit  tasks.o
    0x08005a04   0x08005a04   0x00000120   Code   RO         5770    i.xTaskRemoveFromEventList  tasks.o
    0x08005b24   0x08005b24   0x00000180   Code   RO         5771    i.xTaskResumeAll    tasks.o
    0x08005ca4   0x08005ca4   0x00000060   Code   RO         6186    i.xTimerCreateTimerTask  timers.o
    0x08005d04   0x08005d04   0x00000013   Data   RO           11    .constdata          main.o
    0x08005d17   0x08005d17   0x0000001f   Data   RO          459    .constdata          sabre9018.o
    0x08005d36   0x08005d36   0x00000021   Data   RO          507    .constdata          pca9544.o
    0x08005d57   0x08005d57   0x0000001f   Data   RO          563    .constdata          tca6408.o
    0x08005d76   0x08005d76   0x00000021   Data   RO          614    .constdata          tca9548.o
    0x08005d97   0x08005d97   0x00000044   Data   RO          722    .constdata          icm42688.o
    0x08005ddb   0x08005ddb   0x0000001b   Data   RO          862    .constdata          dev_iic.o
    0x08005df6   0x08005df6   0x00000040   Data   RO         6816    .constdata          mc_w.l(ctype_c.o)
    0x08005e36   0x08005e36   0x00000002   PAD
    0x08005e38   0x08005e38   0x000000f3   Data   RO          564    .conststring        tca6408.o
    0x08005f2b   0x08005f2b   0x00000001   PAD
    0x08005f2c   0x08005f2c   0x00000336   Data   RO          863    .conststring        dev_iic.o
    0x08006262   0x08006262   0x00000002   PAD
    0x08006264   0x08006264   0x00000020   Data   RO         6818    Region$$Table       anon$$obj.o


    Execution Region RW_IRAM1 (Exec base: 0x20000000, Load base: 0x08006284, Size: 0x00001da8, Max: 0x00010000, ABSOLUTE, COMPRESSED[0x000000a8])

    Exec Addr    Load Addr    Size         Type   Attr      Idx    E Section Name        Object

    0x20000000   COMPRESSED   0x000000e8   Data   RW           12    .data               main.o
    0x200000e8   COMPRESSED   0x0000000a   Data   RW          375    .data               pannel.o
    0x200000f2   COMPRESSED   0x00000040   Data   RW          460    .data               sabre9018.o
    0x20000132   COMPRESSED   0x00000080   Data   RW          723    .data               icm42688.o
    0x200001b2   COMPRESSED   0x00000002   PAD
    0x200001b4   COMPRESSED   0x00000004   Data   RW         1138    .data               system_gd32f30x.o
    0x200001b8   COMPRESSED   0x0000007d   Data   RW         5093    .data               gd32f307c_eval.o
    0x20000235   COMPRESSED   0x00000003   PAD
    0x20000238   COMPRESSED   0x00000040   Data   RW         5774    .data               tasks.o
    0x20000278   COMPRESSED   0x00000014   Data   RW         6198    .data               timers.o
    0x2000028c   COMPRESSED   0x00000010   Data   RW         6356    .data               port.o
    0x2000029c   COMPRESSED   0x0000001c   Data   RW         6433    .data               heap_4.o
    0x200002b8   COMPRESSED   0x00000004   Data   RW         6775    .data               mc_w.l(stdin.o)
    0x200002bc   COMPRESSED   0x00000004   Data   RW         6776    .data               mc_w.l(stdout.o)
    0x200002c0   COMPRESSED   0x00000003   Data   RW         6797    .data               mc_w.l(fgetc_b.o)
    0x200002c3   COMPRESSED   0x00000001   PAD
    0x200002c4        -       0x000005b0   Zero   RW         5773    .bss                tasks.o
    0x20000874        -       0x00000134   Zero   RW         6197    .bss                timers.o
    0x200009a8        -       0x00001000   Zero   RW         6432    .bss                heap_4.o
    0x200019a8        -       0x00000400   Zero   RW         5077    STACK               startup_gd32f30x_hd.o


==============================================================================

Image component sizes


      Code (inc. data)   RO Data    RW Data    ZI Data      Debug   Object Name

      3142        292        849          0          0      25118   dev_iic.o
       286         24          0          0          0       2824   dev_key_led.o
         0          0          0          0          0        844   eeprom.o
         0          0          0          0          0      45028   event_groups.o
       236         30          0        125          0       1775   gd32f307c_eval.o
         0          0          0          0          0       1492   gd32f30x_can.o
        36         12          0          0          0       1318   gd32f30x_exti.o
       212          0          0          0          0       2957   gd32f30x_gpio.o
       374         14          0          0          0       3236   gd32f30x_i2c.o
        20          0          0          0          0       3013   gd32f30x_it.o
       216         20          0          0          0       1556   gd32f30x_misc.o
       440         46          0          0          0       3220   gd32f30x_rcu.o
       386         16          0          0          0       5546   gd32f30x_usart.o
       544         58          0         28       4096       5100   heap_4.o
      1868        336         68        128          0       6744   icm42688.o
       130          0          0          0          0      34601   list.o
      1296        452         19        232          0      72858   main.o
      1636        350          0         10          0       8013   pannel.o
       464        272         33          0          0       2145   pca9544.o
       840         88          0         16          0      10657   port.o
      1108          8          0          0          0      13576   queue.o
      1232        146         31         64          0       5042   sabre9018.o
        36          8        304          0       1024        916   startup_gd32f30x_hd.o
       432         30          0          4          0       2931   system_gd32f30x.o
       130         10          0          0          0       1360   systick.o
      3416        422          0         64       1456      73201   tasks.o
       764        376        274          0          0       2338   tca6408.o
       492        278         33          0          0       1633   tca9548.o
       962        112          0         20        308      18680   timers.o

    ----------------------------------------------------------------------
     20724       3400       1646        696       6884     357722   Object Totals
         0          0         32          0          0          0   (incl. Generated)
        26          0          3          5          0          0   (incl. Padding)

    ----------------------------------------------------------------------

      Code (inc. data)   RO Data    RW Data    ZI Data      Debug   Library Member Name

        32          6          0          0          0         84   __0scanf.o
        86          0          0          0          0          0   __dczerorl2.o
       816          6          0          0          0        112   _scanf.o
       224          0          0          0          0         96   _scanf_str.o
        40          6         64          0          0         68   ctype_c.o
         0          0          0          0          0          0   entry.o
         0          0          0          0          0          0   entry10a.o
         0          0          0          0          0          0   entry11a.o
         4          0          0          0          0          0   entry12b.o
         8          4          0          0          0          0   entry2.o
         4          0          0          0          0          0   entry5.o
         0          0          0          0          0          0   entry7b.o
         0          0          0          0          0          0   entry8b.o
         8          4          0          0          0          0   entry9a.o
        44          6          0          3          0        144   fgetc_b.o
        30          0          0          0          0          0   handlers.o
        36          8          0          0          0         68   init.o
        10          0          0          0          0         68   isspace_c.o
         0          0          0          0          0          0   iusesemig.o
        30          0          0          0          0         68   llshl.o
        32          0          0          0          0         68   llushr.o
        36          0          0          0          0         68   memcpya.o
        36          0          0          0          0        108   memseta.o
      1142         54          0          0          0        352   printf8.o
        40          8          0          0          0         84   scanf_char.o
        20          8          0          0          0         68   scanf_char_file.o
         0          0          0          0          0          0   semi.o
         0          0          0          4          0          0   stdin.o
         0          0          0          4          0          0   stdout.o
        98          0          0          0          0         92   uldiv.o

    ----------------------------------------------------------------------
      2784        110         66         12          0       1548   Library Totals
         8          0          2          1          0          0   (incl. Padding)

    ----------------------------------------------------------------------

      Code (inc. data)   RO Data    RW Data    ZI Data      Debug   Library Name

      2776        110         64         11          0       1548   mc_w.l

    ----------------------------------------------------------------------
      2784        110         66         12          0       1548   Library Totals

    ----------------------------------------------------------------------

==============================================================================


      Code (inc. data)   RO Data    RW Data    ZI Data      Debug   

     23508       3510       1712        708       6884     340974   Grand Totals
     23508       3510       1712        168       6884     340974   ELF Image Totals (compressed)
     23508       3510       1712        168          0          0   ROM Totals

==============================================================================

    Total RO  Size (Code + RO Data)                25220 (  24.63kB)
    Total RW  Size (RW Data + ZI Data)              7592 (   7.41kB)
    Total ROM Size (Code + RO Data + RW Data)      25388 (  24.79kB)

==============================================================================

