Component: ARM Compiler 5.06 update 7 (build 960) Tool: armlink [4d3601]

==============================================================================

Section Cross References

    main.o(i.KeyValue_set_task) refers to sabre9018.o(i.sabre9018_volume_set) for sabre9018_volume_set
    main.o(i.KeyValue_set_task) refers to printfa.o(i.__0printf) for __2printf
    main.o(i.KeyValue_set_task) refers to pannel.o(i.set_bright) for set_bright
    main.o(i.KeyValue_set_task) refers to tasks.o(i.vTaskDelay) for vTaskDelay
    main.o(i.KeyValue_set_task) refers to main.o(.data) for earphone_volume
    main.o(i.Log_print_task) refers to dev_key_led.o(i.Key_GPIO_Read) for Key_GPIO_Read
    main.o(i.Log_print_task) refers to tasks.o(i.vTaskDelay) for vTaskDelay
    main.o(i.Log_print_task) refers to pannel.o(i.GPIO_2d3d_SW_set) for GPIO_2d3d_SW_set
    main.o(i.Log_print_task) refers to main.o(.data) for earphone_volume
    main.o(i.Lt7911Upgrade_task) refers to cdc_acm_core.o(i.cdc_acm_check_ready) for cdc_acm_check_ready
    main.o(i.Lt7911Upgrade_task) refers to cdc_acm_core.o(i.cdc_acm_data_receive) for cdc_acm_data_receive
    main.o(i.Lt7911Upgrade_task) refers to printfa.o(i.__0printf) for __2printf
    main.o(i.Lt7911Upgrade_task) refers to cdc_acm_core.o(i.cdc_acm_data_send) for cdc_acm_data_send
    main.o(i.Lt7911Upgrade_task) refers to tasks.o(i.vTaskDelay) for vTaskDelay
    main.o(i.Lt7911Upgrade_task) refers to main.o(.bss) for usbd_cdc
    main.o(i.USART_cmd_task) refers to _scanf_str.o(.text) for _scanf_string
    main.o(i.USART_cmd_task) refers to printfa.o(i.__0printf) for __2printf
    main.o(i.USART_cmd_task) refers to __0scanf.o(.text) for __0scanf
    main.o(i.USART_cmd_task) refers to sabre9018.o(i.sabre9018_print) for sabre9018_print
    main.o(i.USART_cmd_task) refers to tasks.o(i.vTaskDelay) for vTaskDelay
    main.o(i.USART_cmd_task) refers to main.o(.data) for earphone_volume
    main.o(i.fgetc) refers to gd32f30x_usart.o(i.usart_flag_get) for usart_flag_get
    main.o(i.fgetc) refers to gd32f30x_usart.o(i.usart_data_receive) for usart_data_receive
    main.o(i.fputc) refers to gd32f30x_usart.o(i.usart_data_transmit) for usart_data_transmit
    main.o(i.fputc) refers to gd32f30x_usart.o(i.usart_flag_get) for usart_flag_get
    main.o(i.icm42688_data_task) refers to icm42688.o(i.icm42688_get_acc) for icm42688_get_acc
    main.o(i.icm42688_data_task) refers to icm42688.o(i.icm42688_get_gyro) for icm42688_get_gyro
    main.o(i.icm42688_data_task) refers to icm42688.o(i.icm42688_get_temp) for icm42688_get_temp
    main.o(i.icm42688_data_task) refers to f2d.o(.text) for __aeabi_f2d
    main.o(i.icm42688_data_task) refers to ddiv.o(.text) for __aeabi_ddiv
    main.o(i.icm42688_data_task) refers to dadd.o(.text) for __aeabi_dadd
    main.o(i.icm42688_data_task) refers to d2f.o(.text) for __aeabi_d2f
    main.o(i.icm42688_data_task) refers to printfa.o(i.__0printf) for __2printf
    main.o(i.icm42688_data_task) refers to tasks.o(i.vTaskDelay) for vTaskDelay
    main.o(i.icm42688_data_task) refers to main.o(.data) for acc_dps
    main.o(i.icm42688_data_task) refers to main.o(.constdata) for __FUNCTION__
    main.o(i.main) refers to main.o(i.system_init) for system_init
    main.o(i.main) refers to queue.o(i.xQueueGenericCreate) for xQueueGenericCreate
    main.o(i.main) refers to tasks.o(i.xTaskCreate) for xTaskCreate
    main.o(i.main) refers to tasks.o(i.vTaskStartScheduler) for vTaskStartScheduler
    main.o(i.main) refers to main.o(.data) for xBinarySemaphore
    main.o(i.main) refers to main.o(i.KeyValue_set_task) for KeyValue_set_task
    main.o(i.main) refers to main.o(i.Log_print_task) for Log_print_task
    main.o(i.main) refers to main.o(i.USART_cmd_task) for USART_cmd_task
    main.o(i.main) refers to main.o(i.icm42688_data_task) for icm42688_data_task
    main.o(i.main) refers to main.o(i.Lt7911Upgrade_task) for Lt7911Upgrade_task
    main.o(i.system_init) refers to gd32f307c_eval.o(i.gd_eval_com_init) for gd_eval_com_init
    main.o(i.system_init) refers to gd32f30x_rcu.o(i.rcu_clock_freq_get) for rcu_clock_freq_get
    main.o(i.system_init) refers to printfa.o(i.__0printf) for __2printf
    main.o(i.system_init) refers to dev_iic.o(i.GPIO_INIT) for GPIO_INIT
    main.o(i.system_init) refers to dev_iic.o(i.I2C_Init) for I2C_Init
    main.o(i.system_init) refers to gd32f30x_usbd_hw.o(i.rcu_config) for rcu_config
    main.o(i.system_init) refers to gd32f30x_usbd_hw.o(i.gpio_config) for gpio_config
    main.o(i.system_init) refers to usbd_core.o(i.usbd_init) for usbd_init
    main.o(i.system_init) refers to gd32f30x_usbd_hw.o(i.nvic_config) for nvic_config
    main.o(i.system_init) refers to tca9548.o(i.tca9548_i2c_init) for tca9548_i2c_init
    main.o(i.system_init) refers to tca6408.o(i.tca6408_i2c_init) for tca6408_i2c_init
    main.o(i.system_init) refers to pannel.o(i.pannel_init) for pannel_init
    main.o(i.system_init) refers to tca9548.o(i.tca9548_i2c_set) for tca9548_i2c_set
[...]
    __FUNCTION__                             0x08007b38   Data          20  cdc_acm_core.o(.constdata)
    .constdata                               0x08007b4c   Section       64  ctype_c.o(.constdata)
    .conststring                             0x08007b8c   Section      243  tca6408.o(.conststring)
    .conststring                             0x08007c80   Section      822  dev_iic.o(.conststring)
    .data                                    0x20000000   Section      244  main.o(.data)
    sabre9018_init_reg                       0x20000000   Data          64  main.o(.data)
    earphone_volume                          0x20000040   Data           4  main.o(.data)
    earphone_volume_reg                      0x20000044   Data           4  main.o(.data)
    oled_bright                              0x20000048   Data           4  main.o(.data)
    oled_bright_reg                          0x2000004c   Data           4  main.o(.data)
    icm42688_init_cmd                        0x20000050   Data         128  main.o(.data)
    .data                                    0x200000f4   Section       10  pannel.o(.data)
    .data                                    0x200000fe   Section       64  sabre9018.o(.data)
    sabre9018_init_reg                       0x200000fe   Data          64  sabre9018.o(.data)
    .data                                    0x2000013e   Section      128  icm42688.o(.data)
    icm42688_init_cmd                        0x2000013e   Data         128  icm42688.o(.data)
    .data                                    0x200001c0   Section        4  system_gd32f30x.o(.data)
    .data                                    0x200001c4   Section      125  gd32f307c_eval.o(.data)
    GPIO_PORT                                0x200001c4   Data          16  gd32f307c_eval.o(.data)
    GPIO_PIN                                 0x200001d4   Data          16  gd32f307c_eval.o(.data)
    COM_CLK                                  0x200001e4   Data           4  gd32f307c_eval.o(.data)
    COM_TX_PIN                               0x200001e8   Data           8  gd32f307c_eval.o(.data)
    COM_RX_PIN                               0x200001f0   Data           8  gd32f307c_eval.o(.data)
    COM_GPIO_PORT                            0x200001f8   Data           8  gd32f307c_eval.o(.data)
    COM_GPIO_CLK                             0x20000200   Data           4  gd32f307c_eval.o(.data)
    GPIO_CLK                                 0x20000204   Data           8  gd32f307c_eval.o(.data)
    KEY_PORT                                 0x2000020c   Data          12  gd32f307c_eval.o(.data)
    KEY_PIN                                  0x20000218   Data          12  gd32f307c_eval.o(.data)
    KEY_CLK                                  0x20000224   Data           6  gd32f307c_eval.o(.data)
    KEY_EXTI_LINE                            0x2000022c   Data          12  gd32f307c_eval.o(.data)
    KEY_PORT_SOURCE                          0x20000238   Data           3  gd32f307c_eval.o(.data)
    KEY_PIN_SOURCE                           0x2000023b   Data           3  gd32f307c_eval.o(.data)
    KEY_IRQn                                 0x2000023e   Data           3  gd32f307c_eval.o(.data)
    .data                                    0x20000244   Section       64  tasks.o(.data)
    pxDelayedTaskList                        0x20000248   Data           4  tasks.o(.data)
    pxOverflowDelayedTaskList                0x2000024c   Data           4  tasks.o(.data)
    uxDeletedTasksWaitingCleanUp             0x20000250   Data           4  tasks.o(.data)
    uxCurrentNumberOfTasks                   0x20000254   Data           4  tasks.o(.data)
    xTickCount                               0x20000258   Data           4  tasks.o(.data)
    uxTopReadyPriority                       0x2000025c   Data           4  tasks.o(.data)
    xSchedulerRunning                        0x20000260   Data           4  tasks.o(.data)
    xPendedTicks                             0x20000264   Data           4  tasks.o(.data)
    xYieldPendings                           0x20000268   Data           4  tasks.o(.data)
    xNumOfOverflows                          0x2000026c   Data           4  tasks.o(.data)
    uxTaskNumber                             0x20000270   Data           4  tasks.o(.data)
    xNextTaskUnblockTime                     0x20000274   Data           4  tasks.o(.data)
    xIdleTaskHandles                         0x20000278   Data           4  tasks.o(.data)
    uxTopUsedPriority                        0x2000027c   Data           4  tasks.o(.data)
    uxSchedulerSuspended                     0x20000280   Data           4  tasks.o(.data)
    .data                                    0x20000284   Section       20  timers.o(.data)
    pxCurrentTimerList                       0x20000284   Data           4  timers.o(.data)
    pxOverflowTimerList                      0x20000288   Data           4  timers.o(.data)
    xTimerQueue                              0x2000028c   Data           4  timers.o(.data)
    xTimerTaskHandle                         0x20000290   Data           4  timers.o(.data)
    xLastTime                                0x20000294   Data           4  timers.o(.data)
    .data                                    0x20000298   Section       16  port.o(.data)
    uxCriticalNesting                        0x20000298   Data           4  port.o(.data)
    ulTimerCountsForOneTick                  0x2000029c   Data           4  port.o(.data)
    xMaximumPossibleSuppressedTicks          0x200002a0   Data           4  port.o(.data)
    ulStoppedTimerCompensation               0x200002a4   Data           4  port.o(.data)
    .data                                    0x200002a8   Section       28  heap_4.o(.data)
    xStart                                   0x200002a8   Data           8  heap_4.o(.data)
    pxEnd                                    0x200002b0   Data           4  heap_4.o(.data)
    xFreeBytesRemaining                      0x200002b4   Data           4  heap_4.o(.data)
    xMinimumEverFreeBytesRemaining           0x200002b8   Data           4  heap_4.o(.data)
    xNumberOfSuccessfulAllocations           0x200002bc   Data           4  heap_4.o(.data)
    xNumberOfSuccessfulFrees                 0x200002c0   Data           4  heap_4.o(.data)
    .data                                    0x200002c4   Section       72  usbd_lld_core.o(.data)
    .data                                    0x2000030c   Section        4  usbd_core.o(.data)
    .data                                    0x20000310   Section       67  usbd_enum.o(.data)
    _std_dev_req                             0x20000310   Data          52  usbd_enum.o(.data)
    std_desc_get                             0x20000344   Data          12  usbd_enum.o(.data)
    status                                   0x20000350   Data           2  usbd_enum.o(.data)
    config                                   0x20000352   Data           1  usbd_enum.o(.data)
    .data                                    0x20000354   Section      544  cdc_acm_core.o(.data)
    usbd_language_id_desc                    0x200003a9   Data           4  cdc_acm_core.o(.data)
    manufacturer_string                      0x200003ad   Data         130  cdc_acm_core.o(.data)
    product_string                           0x2000042f   Data         130  cdc_acm_core.o(.data)
    serial_string                            0x200004b1   Data         130  cdc_acm_core.o(.data)
    .data                                    0x20000574   Section        4  stdin.o(.data)
    .data                                    0x20000578   Section        4  stdout.o(.data)
    .data                                    0x2000057c   Section        3  fgetc_b.o(.data)
    ungetc_sp                                0x2000057c   Data           1  fgetc_b.o(.data)
    ungetc_stack                             0x2000057d   Data           2  fgetc_b.o(.data)
    .bss                                     0x20000580   Section      192  main.o(.bss)
    .bss                                     0x20000640   Section     1456  tasks.o(.bss)
    pxReadyTasksLists                        0x20000640   Data         140  tasks.o(.bss)
    xDelayedTaskList1                        0x200006cc   Data          28  tasks.o(.bss)
    xDelayedTaskList2                        0x200006e8   Data          28  tasks.o(.bss)
    xPendingReadyList                        0x20000704   Data          28  tasks.o(.bss)
    xTasksWaitingTermination                 0x20000720   Data          28  tasks.o(.bss)
    xSuspendedTaskList                       0x2000073c   Data          28  tasks.o(.bss)
    xIdleTaskTCB                             0x20000758   Data          76  tasks.o(.bss)
    uxIdleTaskStack                          0x200007a4   Data         512  tasks.o(.bss)
    xTimerTaskTCB                            0x200009a4   Data          76  tasks.o(.bss)
    uxTimerTaskStack                         0x200009f0   Data         512  tasks.o(.bss)
    .bss                                     0x20000bf0   Section      308  timers.o(.bss)
    xActiveTimerList1                        0x20000bf0   Data          28  timers.o(.bss)
    xActiveTimerList2                        0x20000c0c   Data          28  timers.o(.bss)
    xStaticTimerQueue                        0x20000c28   Data          92  timers.o(.bss)
    ucStaticTimerQueueStorage                0x20000c84   Data         160  timers.o(.bss)
    .bss                                     0x20000d24   Section     4096  heap_4.o(.bss)
    .bss                                     0x20001d24   Section       80  cdc_acm_core.o(.bss)
    cdc_handler                              0x20001d24   Data          80  cdc_acm_core.o(.bss)
    STACK                                    0x20001d78   Section     1024  startup_gd32f30x_hd.o(STACK)
    .ARM.__AT_0x40006000                     0x40006000   Section       64  usbd_lld_core.o(.ARM.__AT_0x40006000)
    btable_ep                                0x40006000   Data          64  usbd_lld_core.o(.ARM.__AT_0x40006000)

    Global Symbols

    Symbol Name                              Value     Ov Type        Size  Object(Section)

    BuildAttributes$$THM_ISAv4$E$P$D$K$B$S$7EM$VFPi3$EXTD16$VFPS$VFMA$PE$A:L22UL41UL21$X:L11$S22US41US21$IEEE1$IW$USESV6$~STKCKD$USESV7$~SHL$OTIME$ROPI$EBA8$MICROLIB$REQ8$PRES8$EABIv2 0x00000000   Number         0  anon$$obj.o ABSOLUTE
    __ARM_use_no_argv                        0x00000000   Number         0  main.o ABSOLUTE
    _printf_a                                0x00000000   Number         0  stubs.o ABSOLUTE
    _printf_c                                0x00000000   Number         0  stubs.o ABSOLUTE
    _printf_charcount                        0x00000000   Number         0  stubs.o ABSOLUTE
    _printf_d                                0x00000000   Number         0  stubs.o ABSOLUTE
    _printf_e                                0x00000000   Number         0  stubs.o ABSOLUTE
    _printf_f                                0x00000000   Number         0  stubs.o ABSOLUTE
    _printf_flags                            0x00000000   Number         0  stubs.o ABSOLUTE
    _printf_fp_dec                           0x00000000   Number         0  stubs.o ABSOLUTE
    _printf_fp_hex                           0x00000000   Number         0  stubs.o ABSOLUTE
    _printf_g                                0x00000000   Number         0  stubs.o ABSOLUTE
    _printf_i                                0x00000000   Number         0  stubs.o ABSOLUTE
    _printf_int_dec                          0x00000000   Number         0  stubs.o ABSOLUTE
    _printf_l                                0x00000000   Number         0  stubs.o ABSOLUTE
    _printf_lc                               0x00000000   Number         0  stubs.o ABSOLUTE
    _printf_ll                               0x00000000   Number         0  stubs.o ABSOLUTE
    _printf_lld                              0x00000000   Number         0  stubs.o ABSOLUTE
    _printf_lli                              0x00000000   Number         0  stubs.o ABSOLUTE
    _printf_llo                              0x00000000   Number         0  stubs.o ABSOLUTE
    _printf_llu                              0x00000000   Number         0  stubs.o ABSOLUTE
    _printf_llx                              0x00000000   Number         0  stubs.o ABSOLUTE
    _printf_longlong_dec                     0x00000000   Number         0  stubs.o ABSOLUTE
    _printf_longlong_hex                     0x00000000   Number         0  stubs.o ABSOLUTE
    _printf_longlong_oct                     0x00000000   Number         0  stubs.o ABSOLUTE
    _printf_ls                               0x00000000   Number         0  stubs.o ABSOLUTE
    _printf_mbtowc                           0x00000000   Number         0  stubs.o ABSOLUTE
    _printf_n                                0x00000000   Number         0  stubs.o ABSOLUTE
    _printf_o                                0x00000000   Number         0  stubs.o ABSOLUTE
    _printf_p                                0x00000000   Number         0  stubs.o ABSOLUTE
    _printf_percent                          0x00000000   Number         0  stubs.o ABSOLUTE
    _printf_pre_padding                      0x00000000   Number         0  stubs.o ABSOLUTE
    _printf_return_value                     0x00000000   Number         0  stubs.o ABSOLUTE
    _printf_s                                0x00000000   Number         0  stubs.o ABSOLUTE
    _printf_sizespec                         0x00000000   Number         0  stubs.o ABSOLUTE
    _printf_str                              0x00000000   Number         0  stubs.o ABSOLUTE
    _printf_truncate_signed                  0x00000000   Number         0  stubs.o ABSOLUTE
    _printf_truncate_unsigned                0x00000000   Number         0  stubs.o ABSOLUTE
    _printf_u                                0x00000000   Number         0  stubs.o ABSOLUTE
    _printf_wc                               0x00000000   Number         0  stubs.o ABSOLUTE
    _printf_wctomb                           0x00000000   Number         0  stubs.o ABSOLUTE
    _printf_widthprec                        0x00000000   Number         0  stubs.o ABSOLUTE
    _printf_x                                0x00000000   Number         0  stubs.o ABSOLUTE
    __arm_fini_                               - Undefined Weak Reference
    __cpp_initialize__aeabi_                  - Undefined Weak Reference
    __cxa_finalize                            - Undefined Weak Reference
    _clock_init                               - Undefined Weak Reference
    _microlib_exit                            - Undefined Weak Reference
    _scanf_int                                - Undefined Weak Reference
    _scanf_longlong                           - Undefined Weak Reference
    _scanf_real                               - Undefined Weak Reference
    __Vectors_Size                           0x00000130   Number         0  startup_gd32f30x_hd.o ABSOLUTE
    __Vectors                                0x08000000   Data           4  startup_gd32f30x_hd.o(RESET)
    __Vectors_End                            0x08000130   Data           0  startup_gd32f30x_hd.o(RESET)
    __main                                   0x08000131   Thumb Code     0  entry.o(.ARM.Collect$$$$00000000)
    _main_stk                                0x08000131   Thumb Code     0  entry2.o(.ARM.Collect$$$$00000001)
    _main_scatterload                        0x08000135   Thumb Code     0  entry5.o(.ARM.Collect$$$$00000004)
    __main_after_scatterload                 0x08000139   Thumb Code     0  entry5.o(.ARM.Collect$$$$00000004)
    _main_clock                              0x08000139   Thumb Code     0  entry7b.o(.ARM.Collect$$$$00000008)
    _main_cpp_init                           0x08000139   Thumb Code     0  entry8b.o(.ARM.Collect$$$$0000000A)
    _main_init                               0x08000139   Thumb Code     0  entry9a.o(.ARM.Collect$$$$0000000B)
    __rt_lib_shutdown_fini                   0x08000141   Thumb Code     0  entry12b.o(.ARM.Collect$$$$0000000E)
    __rt_final_cpp                           0x08000145   Thumb Code     0  entry10a.o(.ARM.Collect$$$$0000000F)
    __rt_final_exit                          0x08000145   Thumb Code     0  entry11a.o(.ARM.Collect$$$$00000011)
    SVC_Handler                              0x08000149   Thumb Code    28  port.o(.emb_text)
    __asm___6_port_c_39a90d8d__prvStartFirstTask 0x08000169   Thumb Code    36  port.o(.emb_text)
    __asm___6_port_c_39a90d8d__prvEnableVFP  0x08000191   Thumb Code    16  port.o(.emb_text)
    PendSV_Handler                           0x080001a5   Thumb Code    88  port.o(.emb_text)
    vPortGetIPSR                             0x08000201   Thumb Code     6  port.o(.emb_text)
    Reset_Handler                            0x08000209   Thumb Code     8  startup_gd32f30x_hd.o(.text)
    ADC0_1_IRQHandler                        0x08000223   Thumb Code     0  startup_gd32f30x_hd.o(.text)
    ADC2_IRQHandler                          0x08000223   Thumb Code     0  startup_gd32f30x_hd.o(.text)
    CAN0_EWMC_IRQHandler                     0x08000223   Thumb Code     0  startup_gd32f30x_hd.o(.text)
    CAN0_RX1_IRQHandler                      0x08000223   Thumb Code     0  startup_gd32f30x_hd.o(.text)
    DMA0_Channel0_IRQHandler                 0x08000223   Thumb Code     0  startup_gd32f30x_hd.o(.text)
    DMA0_Channel1_IRQHandler                 0x08000223   Thumb Code     0  startup_gd32f30x_hd.o(.text)
    DMA0_Channel2_IRQHandler                 0x08000223   Thumb Code     0  startup_gd32f30x_hd.o(.text)
    DMA0_Channel3_IRQHandler                 0x08000223   Thumb Code     0  startup_gd32f30x_hd.o(.text)
    DMA0_Channel4_IRQHandler                 0x08000223   Thumb Code     0  startup_gd32f30x_hd.o(.text)
    DMA0_Channel5_IRQHandler                 0x08000223   Thumb Code     0  startup_gd32f30x_hd.o(.text)
    DMA0_Channel6_IRQHandler                 0x08000223   Thumb Code     0  startup_gd32f30x_hd.o(.text)
    DMA1_Channel0_IRQHandler                 0x08000223   Thumb Code     0  startup_gd32f30x_hd.o(.text)
    DMA1_Channel1_IRQHandler                 0x08000223   Thumb Code     0  startup_gd32f30x_hd.o(.text)
    DMA1_Channel2_IRQHandler                 0x08000223   Thumb Code     0  startup_gd32f30x_hd.o(.text)
    DMA1_Channel3_4_IRQHandler               0x08000223   Thumb Code     0  startup_gd32f30x_hd.o(.text)
    EXMC_IRQHandler                          0x08000223   Thumb Code     0  startup_gd32f30x_hd.o(.text)
    EXTI0_IRQHandler                         0x08000223   Thumb Code     0  startup_gd32f30x_hd.o(.text)
    EXTI10_15_IRQHandler                     0x08000223   Thumb Code     0  startup_gd32f30x_hd.o(.text)
    EXTI4_IRQHandler                         0x08000223   Thumb Code     0  startup_gd32f30x_hd.o(.text)
    EXTI5_9_IRQHandler                       0x08000223   Thumb Code     0  startup_gd32f30x_hd.o(.text)
    FMC_IRQHandler                           0x08000223   Thumb Code     0  startup_gd32f30x_hd.o(.text)
    I2C0_ER_IRQHandler                       0x08000223   Thumb Code     0  startup_gd32f30x_hd.o(.text)
    I2C0_EV_IRQHandler                       0x08000223   Thumb Code     0  startup_gd32f30x_hd.o(.text)
    I2C1_ER_IRQHandler                       0x08000223   Thumb Code     0  startup_gd32f30x_hd.o(.text)
    I2C1_EV_IRQHandler                       0x08000223   Thumb Code     0  startup_gd32f30x_hd.o(.text)
    LVD_IRQHandler                           0x08000223   Thumb Code     0  startup_gd32f30x_hd.o(.text)
    RCU_CTC_IRQHandler                       0x08000223   Thumb Code     0  startup_gd32f30x_hd.o(.text)
    RTC_Alarm_IRQHandler                     0x08000223   Thumb Code     0  startup_gd32f30x_hd.o(.text)
    RTC_IRQHandler                           0x08000223   Thumb Code     0  startup_gd32f30x_hd.o(.text)
    SDIO_IRQHandler                          0x08000223   Thumb Code     0  startup_gd32f30x_hd.o(.text)
    SPI0_IRQHandler                          0x08000223   Thumb Code     0  startup_gd32f30x_hd.o(.text)
    SPI1_IRQHandler                          0x08000223   Thumb Code     0  startup_gd32f30x_hd.o(.text)
    SPI2_IRQHandler                          0x08000223   Thumb Code     0  startup_gd32f30x_hd.o(.text)
    TAMPER_IRQHandler                        0x08000223   Thumb Code     0  startup_gd32f30x_hd.o(.text)
    TIMER0_BRK_IRQHandler                    0x08000223   Thumb Code     0  startup_gd32f30x_hd.o(.text)
    TIMER0_Channel_IRQHandler                0x08000223   Thumb Code     0  startup_gd32f30x_hd.o(.text)
    TIMER0_TRG_CMT_IRQHandler                0x08000223   Thumb Code     0  startup_gd32f30x_hd.o(.text)
    TIMER0_UP_IRQHandler                     0x08000223   Thumb Code     0  startup_gd32f30x_hd.o(.text)
    TIMER1_IRQHandler                        0x08000223   Thumb Code     0  startup_gd32f30x_hd.o(.text)
    TIMER2_IRQHandler                        0x08000223   Thumb Code     0  startup_gd32f30x_hd.o(.text)
    TIMER3_IRQHandler                        0x08000223   Thumb Code     0  startup_gd32f30x_hd.o(.text)
    TIMER4_IRQHandler                        0x08000223   Thumb Code     0  startup_gd32f30x_hd.o(.text)
    TIMER5_IRQHandler                        0x08000223   Thumb Code     0  startup_gd32f30x_hd.o(.text)
    TIMER6_IRQHandler                        0x08000223   Thumb Code     0  startup_gd32f30x_hd.o(.text)
    TIMER7_BRK_IRQHandler                    0x08000223   Thumb Code     0  startup_gd32f30x_hd.o(.text)
    TIMER7_Channel_IRQHandler                0x08000223   Thumb Code     0  startup_gd32f30x_hd.o(.text)
    TIMER7_TRG_CMT_IRQHandler                0x08000223   Thumb Code     0  startup_gd32f30x_hd.o(.text)
    TIMER7_UP_IRQHandler                     0x08000223   Thumb Code     0  startup_gd32f30x_hd.o(.text)
    UART3_IRQHandler                         0x08000223   Thumb Code     0  startup_gd32f30x_hd.o(.text)
    UART4_IRQHandler                         0x08000223   Thumb Code     0  startup_gd32f30x_hd.o(.text)
    USART0_IRQHandler                        0x08000223   Thumb Code     0  startup_gd32f30x_hd.o(.text)
    USART1_IRQHandler                        0x08000223   Thumb Code     0  startup_gd32f30x_hd.o(.text)
    USART2_IRQHandler                        0x08000223   Thumb Code     0  startup_gd32f30x_hd.o(.text)
    USBD_HP_CAN0_TX_IRQHandler               0x08000223   Thumb Code     0  startup_gd32f30x_hd.o(.text)
    USBD_WKUP_IRQHandler                     0x08000223   Thumb Code     0  startup_gd32f30x_hd.o(.text)
    WWDGT_IRQHandler                         0x08000223   Thumb Code     0  startup_gd32f30x_hd.o(.text)
    __aeabi_memcpy                           0x0800022d   Thumb Code    36  memcpya.o(.text)
    __aeabi_memcpy4                          0x0800022d   Thumb Code     0  memcpya.o(.text)
    __aeabi_memcpy8                          0x0800022d   Thumb Code     0  memcpya.o(.text)
    __aeabi_memset                           0x08000251   Thumb Code    14  memseta.o(.text)
    __aeabi_memset4                          0x08000251   Thumb Code     0  memseta.o(.text)
    __aeabi_memset8                          0x08000251   Thumb Code     0  memseta.o(.text)
    __aeabi_memclr                           0x0800025f   Thumb Code     4  memseta.o(.text)
    __aeabi_memclr4                          0x0800025f   Thumb Code     0  memseta.o(.text)
    __aeabi_memclr8                          0x0800025f   Thumb Code     0  memseta.o(.text)
    _memset$wrapper                          0x08000263   Thumb Code    18  memseta.o(.text)
    __0scanf                                 0x08000275   Thumb Code    26  __0scanf.o(.text)
    _scanf_string                            0x08000295   Thumb Code   224  _scanf_str.o(.text)
    __aeabi_dadd                             0x08000375   Thumb Code   322  dadd.o(.text)
    __aeabi_dsub                             0x080004b7   Thumb Code     6  dadd.o(.text)
    __aeabi_drsub                            0x080004bd   Thumb Code     6  dadd.o(.text)
    __aeabi_ddiv                             0x080004c3   Thumb Code   222  ddiv.o(.text)
    __aeabi_f2d                              0x080005a1   Thumb Code    38  f2d.o(.text)
    __aeabi_d2f                              0x080005c7   Thumb Code    56  d2f.o(.text)
    __aeabi_uidiv                            0x080005ff   Thumb Code     0  uidiv.o(.text)
    __aeabi_uidivmod                         0x080005ff   Thumb Code    44  uidiv.o(.text)
    __aeabi_uldivmod                         0x0800062b   Thumb Code    98  uldiv.o(.text)
    __aeabi_llsl                             0x0800068d   Thumb Code    30  llshl.o(.text)
    _ll_shift_l                              0x0800068d   Thumb Code     0  llshl.o(.text)
    __aeabi_lasr                             0x080006ab   Thumb Code    36  llsshr.o(.text)
    _ll_sshift_r                             0x080006ab   Thumb Code     0  llsshr.o(.text)
    __vfscanf_char_file                      0x080006d1   Thumb Code    12  scanf_char_file.o(.text)
    __I$use$fp                               0x080006e5   Thumb Code     0  iusefp.o(.text)
    _float_round                             0x080006e5   Thumb Code    18  fepilogue.o(.text)
    _float_epilogue                          0x080006f7   Thumb Code    92  fepilogue.o(.text)
    _double_round                            0x08000753   Thumb Code    30  depilogue.o(.text)
    _double_epilogue                         0x08000771   Thumb Code   156  depilogue.o(.text)
    __aeabi_dmul                             0x0800080d   Thumb Code   228  dmul.o(.text)
    __aeabi_d2ulz                            0x080008f1   Thumb Code    48  dfixul.o(.text)
    __aeabi_cdrcmple                         0x08000921   Thumb Code    48  cdrcmple.o(.text)
    __scatterload                            0x08000951   Thumb Code    28  init.o(.text)
    __scatterload_rt2                        0x08000951   Thumb Code     0  init.o(.text)
    _fgetc$bs                                0x08000975   Thumb Code    28  fgetc_b.o(.text)
    __backspace                              0x08000991   Thumb Code    10  fgetc_b.o(.text)
    __aeabi_llsr                             0x080009a1   Thumb Code    32  llushr.o(.text)
    _ll_ushift_r                             0x080009a1   Thumb Code     0  llushr.o(.text)
    __vfscanf_char                           0x080009cd   Thumb Code    20  scanf_char.o(.text)
    __semihosting_library_function           0x080009e9   Thumb Code     0  semi.o(.text)
    isspace                                  0x080009e9   Thumb Code    10  isspace_c.o(.text)
    __vfscanf                                0x080009f5   Thumb Code   810  _scanf.o(.text)
    __I$use$semihosting$fgetc                0x08000d25   Thumb Code     0  iusesemig.o(.text)
    __ctype_lookup                           0x08000d25   Thumb Code    34  ctype_c.o(.text)
    __decompress                             0x08000d4d   Thumb Code     0  __dczerorl2.o(.text)
    __decompress1                            0x08000d4d   Thumb Code    86  __dczerorl2.o(.text)
    BusFault_Handler                         0x08000da3   Thumb Code     4  gd32f30x_it.o(i.BusFault_Handler)
    CLK_PRIMARY_In                           0x08000da9   Thumb Code    16  dev_iic.o(i.CLK_PRIMARY_In)
    CLK_SECONDARY_In                         0x08000dbd   Thumb Code    18  dev_iic.o(i.CLK_SECONDARY_In)
    DEV_I2C_Read                             0x08000dd5   Thumb Code   380  dev_iic.o(i.DEV_I2C_Read)
    DEV_I2C_Write                            0x08000fa1   Thumb Code   362  dev_iic.o(i.DEV_I2C_Write)
    DebugMon_Handler                         0x0800115d   Thumb Code     2  gd32f30x_it.o(i.DebugMon_Handler)
    EXTI1_IRQHandler                         0x0800115f   Thumb Code    18  dev_key_led.o(i.EXTI1_IRQHandler)
    EXTI2_IRQHandler                         0x08001171   Thumb Code    18  dev_key_led.o(i.EXTI2_IRQHandler)
    EXTI3_IRQHandler                         0x08001183   Thumb Code    18  dev_key_led.o(i.EXTI3_IRQHandler)
    GPIO_2d3d_SW_set                         0x08001195   Thumb Code    68  pannel.o(i.GPIO_2d3d_SW_set)
    GPIO_INIT                                0x08001201   Thumb Code    36  dev_iic.o(i.GPIO_INIT)
    GPIO_rst_Init                            0x08001229   Thumb Code    14  pannel.o(i.GPIO_rst_Init)
    HardFault_Handler                        0x08001237   Thumb Code     4  gd32f30x_it.o(i.HardFault_Handler)
    I2C_Init                                 0x0800123b   Thumb Code    20  dev_iic.o(i.I2C_Init)
    I2C_PRIMARY_GPIO_IN                      0x0800124f   Thumb Code    12  dev_iic.o(i.I2C_PRIMARY_GPIO_IN)
    I2C_PRIMARY_GPIO_OUT                     0x0800125d   Thumb Code    60  dev_iic.o(i.I2C_PRIMARY_GPIO_OUT)
    I2C_Primary_ReadBytes                    0x080012d1   Thumb Code   118  dev_iic.o(i.I2C_Primary_ReadBytes)
    I2C_Primary_Transfer                     0x08001347   Thumb Code   140  dev_iic.o(i.I2C_Primary_Transfer)
    I2C_Primary_WriteBytes                   0x080013d3   Thumb Code   136  dev_iic.o(i.I2C_Primary_WriteBytes)
    I2C_SECONDARY_GPIO_IN                    0x0800145b   Thumb Code    12  dev_iic.o(i.I2C_SECONDARY_GPIO_IN)
    I2C_SECONDARY_GPIO_OUT                   0x08001469   Thumb Code    68  dev_iic.o(i.I2C_SECONDARY_GPIO_OUT)
    I2C_Secondary_ReadBytes                  0x080014e5   Thumb Code   118  dev_iic.o(i.I2C_Secondary_ReadBytes)
    I2C_Secondary_Transfer                   0x0800155b   Thumb Code   140  dev_iic.o(i.I2C_Secondary_Transfer)
    I2C_Secondary_WriteBytes                 0x080015e7   Thumb Code   136  dev_iic.o(i.I2C_Secondary_WriteBytes)
    KeyValue_set_task                        0x08001671   Thumb Code   126  main.o(i.KeyValue_set_task)
    Key_GPIO_Read                            0x0800173d   Thumb Code   100  dev_key_led.o(i.Key_GPIO_Read)
    Key_Init                                 0x080017a9   Thumb Code   114  dev_key_led.o(i.Key_Init)
    LT7911_RSTN                              0x08001825   Thumb Code    26  pannel.o(i.LT7911_RSTN)
    Log_print_task                           0x08001841   Thumb Code   170  main.o(i.Log_print_task)
    Lt7911Upgrade_task                       0x080018f5   Thumb Code    46  main.o(i.Lt7911Upgrade_task)
    MemManage_Handler                        0x08001971   Thumb Code     4  gd32f30x_it.o(i.MemManage_Handler)
    NMI_Handler                              0x08001975   Thumb Code     2  gd32f30x_it.o(i.NMI_Handler)
    SDA_PRIMARY_In                           0x08001979   Thumb Code    16  dev_iic.o(i.SDA_PRIMARY_In)
    SDA_PRIMARY_Out                          0x0800198d   Thumb Code    16  dev_iic.o(i.SDA_PRIMARY_Out)
    SDA_SECONDARY_In                         0x080019a1   Thumb Code    18  dev_iic.o(i.SDA_SECONDARY_In)
    SDA_SECONDARY_Out                        0x080019b9   Thumb Code    18  dev_iic.o(i.SDA_SECONDARY_Out)
    SysTick_Handler                          0x080019d1   Thumb Code    46  port.o(i.SysTick_Handler)
    SystemInit                               0x08001a05   Thumb Code   156  system_gd32f30x.o(i.SystemInit)
    USART_cmd_task                           0x08001aad   Thumb Code    90  main.o(i.USART_cmd_task)
    USBD_LP_CAN0_RX0_IRQHandler              0x08001b29   Thumb Code     8  gd32f30x_it.o(i.USBD_LP_CAN0_RX0_IRQHandler)
    UsageFault_Handler                       0x08001b31   Thumb Code     4  gd32f30x_it.o(i.UsageFault_Handler)
    Write_I2C                                0x08001b35   Thumb Code    42  pannel.o(i.Write_I2C)
    Write_I2C_cmd                            0x08001b5f   Thumb Code    22  pannel.o(i.Write_I2C_cmd)
    __0printf                                0x08001b75   Thumb Code    22  printfa.o(i.__0printf)
    __1printf                                0x08001b75   Thumb Code     0  printfa.o(i.__0printf)
    __2printf                                0x08001b75   Thumb Code     0  printfa.o(i.__0printf)
    __c89printf                              0x08001b75   Thumb Code     0  printfa.o(i.__0printf)
    printf                                   0x08001b75   Thumb Code     0  printfa.o(i.__0printf)
    __scatterload_copy                       0x08001b95   Thumb Code    14  handlers.o(i.__scatterload_copy)
    __scatterload_null                       0x08001ba3   Thumb Code     2  handlers.o(i.__scatterload_null)
    __scatterload_zeroinit                   0x08001ba5   Thumb Code    14  handlers.o(i.__scatterload_zeroinit)
    _usb_in0_transc                          0x080024a3   Thumb Code   114  usbd_transc.o(i._usb_in0_transc)
    _usb_out0_transc                         0x08002515   Thumb Code    86  usbd_transc.o(i._usb_out0_transc)
    _usb_setup_transc                        0x0800256b   Thumb Code   186  usbd_transc.o(i._usb_setup_transc)
    cdc_acm_check_ready                      0x08002acf   Thumb Code    34  cdc_acm_core.o(i.cdc_acm_check_ready)
    cdc_acm_data_receive                     0x08002bdd   Thumb Code    40  cdc_acm_core.o(i.cdc_acm_data_receive)
    cdc_acm_data_send                        0x08002c1d   Thumb Code    40  cdc_acm_core.o(i.cdc_acm_data_send)
    delay_1ms                                0x08002e11   Thumb Code    22  systick.o(i.delay_1ms)
    delay_1us                                0x08002e29   Thumb Code    98  systick.o(i.delay_1us)
    eTaskConfirmSleepModeStatus              0x08002e95   Thumb Code    52  tasks.o(i.eTaskConfirmSleepModeStatus)
    exti_interrupt_flag_clear                0x08002edd   Thumb Code     6  gd32f30x_exti.o(i.exti_interrupt_flag_clear)
    exti_interrupt_flag_get                  0x08002ee9   Thumb Code    18  gd32f30x_exti.o(i.exti_interrupt_flag_get)
    fgetc                                    0x08002f01   Thumb Code    26  main.o(i.fgetc)
    fputc                                    0x08002f21   Thumb Code    32  main.o(i.fputc)
    gd_eval_com_init                         0x08002f45   Thumb Code   206  gd32f307c_eval.o(i.gd_eval_com_init)
    gpio_bit_reset                           0x08003031   Thumb Code     4  gd32f30x_gpio.o(i.gpio_bit_reset)
    gpio_bit_set                             0x08003035   Thumb Code     4  gd32f30x_gpio.o(i.gpio_bit_set)
    gpio_config                              0x08003039   Thumb Code    32  gd32f30x_usbd_hw.o(i.gpio_config)
    gpio_init                                0x0800305d   Thumb Code   188  gd32f30x_gpio.o(i.gpio_init)
    gpio_input_bit_get                       0x08003119   Thumb Code    16  gd32f30x_gpio.o(i.gpio_input_bit_get)
    i2c_Primary_Ack                          0x08003139   Thumb Code    52  dev_iic.o(i.i2c_Primary_Ack)
    i2c_Primary_NAck                         0x08003171   Thumb Code    44  dev_iic.o(i.i2c_Primary_NAck)
    i2c_Primary_ReadByte                     0x080031a1   Thumb Code    66  dev_iic.o(i.i2c_Primary_ReadByte)
    i2c_Primary_SendByte                     0x080031e9   Thumb Code    78  dev_iic.o(i.i2c_Primary_SendByte)
    i2c_Primary_Start                        0x0800323d   Thumb Code    56  dev_iic.o(i.i2c_Primary_Start)
    i2c_Primary_Stop                         0x08003279   Thumb Code    56  dev_iic.o(i.i2c_Primary_Stop)
    i2c_Primary_WaitAck                      0x080032b5   Thumb Code    78  dev_iic.o(i.i2c_Primary_WaitAck)
    i2c_Secondary_Ack                        0x08003309   Thumb Code    60  dev_iic.o(i.i2c_Secondary_Ack)
    i2c_Secondary_NAck                       0x08003349   Thumb Code    50  dev_iic.o(i.i2c_Secondary_NAck)
    i2c_Secondary_ReadByte                   0x08003381   Thumb Code    72  dev_iic.o(i.i2c_Secondary_ReadByte)
    i2c_Secondary_SendByte                   0x080033cd   Thumb Code    86  dev_iic.o(i.i2c_Secondary_SendByte)
    i2c_Secondary_Start                      0x08003429   Thumb Code    64  dev_iic.o(i.i2c_Secondary_Start)
    i2c_Secondary_Stop                       0x0800346d   Thumb Code    64  dev_iic.o(i.i2c_Secondary_Stop)
    i2c_Secondary_WaitAck                    0x080034b1   Thumb Code    86  dev_iic.o(i.i2c_Secondary_WaitAck)
    i2c_ack_config                           0x0800350d   Thumb Code    16  gd32f30x_i2c.o(i.i2c_ack_config)
    i2c_clock_config                         0x0800351d   Thumb Code   306  gd32f30x_i2c.o(i.i2c_clock_config)
    i2c_enable                               0x0800365d   Thumb Code    10  gd32f30x_i2c.o(i.i2c_enable)
    i2c_mode_addr_config                     0x08003667   Thumb Code    28  gd32f30x_i2c.o(i.i2c_mode_addr_config)
    icm42688_data_task                       0x08003685   Thumb Code   606  main.o(i.icm42688_data_task)
    icm42688_get_acc                         0x080039a5   Thumb Code   136  icm42688.o(i.icm42688_get_acc)
    icm42688_get_gyro                        0x08003a2d   Thumb Code   136  icm42688.o(i.icm42688_get_gyro)
    icm42688_get_temp                        0x08003ab5   Thumb Code    56  icm42688.o(i.icm42688_get_temp)
    icm42688_init                            0x08003aed   Thumb Code   238  icm42688.o(i.icm42688_init)
    icm42688_print                           0x08003be5   Thumb Code    42  icm42688.o(i.icm42688_print)
    main                                     0x08003c75   Thumb Code   146  main.o(i.main)
    nvic_config                              0x08003d75   Thumb Code    22  gd32f30x_usbd_hw.o(i.nvic_config)
    nvic_irq_enable                          0x08003d8d   Thumb Code   186  gd32f30x_misc.o(i.nvic_irq_enable)
    nvic_priority_group_set                  0x08003e51   Thumb Code    10  gd32f30x_misc.o(i.nvic_priority_group_set)
    pannel_config_303                        0x08003e65   Thumb Code   768  pannel.o(i.pannel_config_303)
    pannel_display                           0x080041c1   Thumb Code    74  pannel.o(i.pannel_display)
    pannel_init                              0x08004269   Thumb Code    32  pannel.o(i.pannel_init)
    pannel_reset                             0x08004289   Thumb Code    32  pannel.o(i.pannel_reset)
    pca9544_i2c_init                         0x080042a9   Thumb Code    50  pca9544.o(i.pca9544_i2c_init)
    pca9544_i2c_set                          0x08004315   Thumb Code   112  pca9544.o(i.pca9544_i2c_set)
    pvPortMalloc                             0x08004efd   Thumb Code   234  heap_4.o(i.pvPortMalloc)
    pxPortInitialiseStack                    0x08004ffd   Thumb Code    38  port.o(i.pxPortInitialiseStack)
    rcu_clock_freq_get                       0x08005029   Thumb Code   310  gd32f30x_rcu.o(i.rcu_clock_freq_get)
    rcu_config                               0x08005181   Thumb Code    88  gd32f30x_usbd_hw.o(i.rcu_config)
    rcu_periph_clock_enable                  0x080051e9   Thumb Code    28  gd32f30x_rcu.o(i.rcu_periph_clock_enable)
    rcu_periph_reset_disable                 0x08005209   Thumb Code    28  gd32f30x_rcu.o(i.rcu_periph_reset_disable)
    rcu_periph_reset_enable                  0x08005229   Thumb Code    28  gd32f30x_rcu.o(i.rcu_periph_reset_enable)
    rcu_usb_clock_config                     0x08005249   Thumb Code    18  gd32f30x_rcu.o(i.rcu_usb_clock_config)
    sabre9018_init                           0x08005261   Thumb Code   866  sabre9018.o(i.sabre9018_init)
    sabre9018_print                          0x080055f5   Thumb Code    44  sabre9018.o(i.sabre9018_print)
    sabre9018_volume_set                     0x08005645   Thumb Code   102  sabre9018.o(i.sabre9018_volume_set)
    select_pannel                            0x080056e5   Thumb Code    44  pannel.o(i.select_pannel)
    serial_string_get                        0x0800574d   Thumb Code    70  usbd_enum.o(i.serial_string_get)
    set_bright                               0x0800579d   Thumb Code   164  pannel.o(i.set_bright)
    system_init                              0x08005989   Thumb Code   160  main.o(i.system_init)
    tca6408_i2c_init                         0x08005a79   Thumb Code   206  tca6408.o(i.tca6408_i2c_init)
    tca6408_read                             0x08005c0d   Thumb Code    52  tca6408.o(i.tca6408_read)
    tca6408_write                            0x08005c75   Thumb Code   112  tca6408.o(i.tca6408_write)
    tca9548_i2c_init                         0x08005d25   Thumb Code    52  tca9548.o(i.tca9548_i2c_init)
    tca9548_i2c_set                          0x08005d91   Thumb Code   136  tca9548.o(i.tca9548_i2c_set)
    usart_baudrate_set                       0x08005e6d   Thumb Code   136  gd32f30x_usart.o(i.usart_baudrate_set)
    usart_data_receive                       0x08005efd   Thumb Code    10  gd32f30x_usart.o(i.usart_data_receive)
    usart_data_transmit                      0x08005f07   Thumb Code     8  gd32f30x_usart.o(i.usart_data_transmit)
    usart_deinit                             0x08005f11   Thumb Code   136  gd32f30x_usart.o(i.usart_deinit)
    usart_enable                             0x08005fa1   Thumb Code    10  gd32f30x_usart.o(i.usart_enable)
    usart_flag_get                           0x08005fab   Thumb Code    30  gd32f30x_usart.o(i.usart_flag_get)
    usart_receive_config                     0x08005fc9   Thumb Code    20  gd32f30x_usart.o(i.usart_receive_config)
    usart_transmit_config                    0x08005fdd   Thumb Code    20  gd32f30x_usart.o(i.usart_transmit_config)
    usbd_class_request                       0x08006049   Thumb Code    34  usbd_enum.o(i.usbd_class_request)
    usbd_ep_recev                            0x080062cf   Thumb Code    56  usbd_core.o(i.usbd_ep_recev)
    usbd_ep_send                             0x080063d5   Thumb Code    78  usbd_core.o(i.usbd_ep_send)
    usbd_init                                0x0800688d   Thumb Code    98  usbd_core.o(i.usbd_init)
    usbd_isr                                 0x08006929   Thumb Code   634  usbd_lld_int.o(i.usbd_isr)
    usbd_standard_request                    0x08006bf1   Thumb Code    22  usbd_enum.o(i.usbd_standard_request)
    usbd_vendor_request                      0x08006c21   Thumb Code     6  usbd_enum.o(i.usbd_vendor_request)
    uxListRemove                             0x08006c27   Thumb Code    40  list.o(i.uxListRemove)
    uxTaskGetNumberOfTasks                   0x08006c51   Thumb Code     6  tasks.o(i.uxTaskGetNumberOfTasks)
    vApplicationGetIdleTaskMemory            0x08006c5d   Thumb Code    14  tasks.o(i.vApplicationGetIdleTaskMemory)
    vApplicationGetTimerTaskMemory           0x08006c75   Thumb Code    14  tasks.o(i.vApplicationGetTimerTaskMemory)
    vListInitialise                          0x08006c8d   Thumb Code    32  list.o(i.vListInitialise)
    vListInitialiseItem                      0x08006cad   Thumb Code     6  list.o(i.vListInitialiseItem)
    vListInsert                              0x08006cb3   Thumb Code    52  list.o(i.vListInsert)
    vPortEnterCritical                       0x08006ce9   Thumb Code    30  port.o(i.vPortEnterCritical)
    vPortExitCritical                        0x08006d0d   Thumb Code    28  port.o(i.vPortExitCritical)
    vPortFree                                0x08006d2d   Thumb Code    68  heap_4.o(i.vPortFree)
    vPortSetupTimerInterrupt                 0x08006d79   Thumb Code    50  port.o(i.vPortSetupTimerInterrupt)
    vPortSuppressTicksAndSleep               0x08006dbd   Thumb Code   306  port.o(i.vPortSuppressTicksAndSleep)
    vQueueWaitForMessageRestricted           0x08006f01   Thumb Code    74  queue.o(i.vQueueWaitForMessageRestricted)
    vTaskDelay                               0x08006f4d   Thumb Code    46  tasks.o(i.vTaskDelay)
    vTaskInternalSetTimeOutState             0x08006f81   Thumb Code    14  tasks.o(i.vTaskInternalSetTimeOutState)
    vTaskMissedYield                         0x08006f99   Thumb Code     8  tasks.o(i.vTaskMissedYield)
    vTaskPlaceOnEventList                    0x08006fa5   Thumb Code    28  tasks.o(i.vTaskPlaceOnEventList)
    vTaskPlaceOnEventListRestricted          0x08006fc5   Thumb Code    74  tasks.o(i.vTaskPlaceOnEventListRestricted)
    vTaskStartScheduler                      0x08007015   Thumb Code    70  tasks.o(i.vTaskStartScheduler)
    vTaskStepTick                            0x0800706d   Thumb Code    50  tasks.o(i.vTaskStepTick)
    vTaskSuspendAll                          0x080070ad   Thumb Code    12  tasks.o(i.vTaskSuspendAll)
    vTaskSwitchContext                       0x080070bd   Thumb Code   106  tasks.o(i.vTaskSwitchContext)
    xPortStartScheduler                      0x0800713d   Thumb Code    58  port.o(i.xPortStartScheduler)
    xQueueGenericCreate                      0x08007185   Thumb Code    82  queue.o(i.xQueueGenericCreate)
    xQueueGenericCreateStatic                0x080071d7   Thumb Code    62  queue.o(i.xQueueGenericCreateStatic)
    xQueueGenericReset                       0x08007215   Thumb Code   156  queue.o(i.xQueueGenericReset)
    xQueueReceive                            0x080072b5   Thumb Code   256  queue.o(i.xQueueReceive)
    xTaskCheckForTimeOut                     0x080073b9   Thumb Code   112  tasks.o(i.xTaskCheckForTimeOut)
    xTaskCreate                              0x08007435   Thumb Code    56  tasks.o(i.xTaskCreate)
    xTaskCreateStatic                        0x0800746d   Thumb Code    64  tasks.o(i.xTaskCreateStatic)
    xTaskGetTickCount                        0x080074ad   Thumb Code     6  tasks.o(i.xTaskGetTickCount)
    xTaskIncrementTick                       0x080074b9   Thumb Code   374  tasks.o(i.xTaskIncrementTick)
    xTaskPriorityDisinherit                  0x0800765d   Thumb Code   152  tasks.o(i.xTaskPriorityDisinherit)
    xTaskRemoveFromEventList                 0x080076fd   Thumb Code   264  tasks.o(i.xTaskRemoveFromEventList)
    xTaskResumeAll                           0x0800781d   Thumb Code   346  tasks.o(i.xTaskResumeAll)
    xTimerCreateTimerTask                    0x0800799d   Thumb Code    76  timers.o(i.xTimerCreateTimerTask)
    __ctype_categories                       0x08007b4c   Data          64  ctype_c.o(.constdata)
    Region$$Table$$Base                      0x08007fb8   Number         0  anon$$obj.o(Region$$Table)
    Region$$Table$$Limit                     0x08007fd8   Number         0  anon$$obj.o(Region$$Table)
    gyro_dps                                 0x200000d0   Data           4  main.o(.data)
    acc_dps                                  0x200000d4   Data           4  main.o(.data)
    xBinarySemaphore                         0x200000d8   Data           4  main.o(.data)
    xQueue                                   0x200000dc   Data           4  main.o(.data)
    icm42688Task_Handle                      0x200000e0   Data           4  main.o(.data)
    KeyValueTask_Handle                      0x200000e4   Data           4  main.o(.data)
    LogPrintTask_Handle                      0x200000e8   Data           4  main.o(.data)
    USARTCMDTask_Handle                      0x200000ec   Data           4  main.o(.data)
    LT7911UpgradeTask_Handle                 0x200000f0   Data           4  main.o(.data)
    pannel_t                                 0x200000f4   Data           9  pannel.o(.data)
    chip_addr                                0x200000fd   Data           1  pannel.o(.data)
    SystemCoreClock                          0x200001c0   Data           4  system_gd32f30x.o(.data)
    pxCurrentTCB                             0x20000244   Data           4  tasks.o(.data)
    usbd_core                                0x200002c4   Data           8  usbd_lld_core.o(.data)
    usbd_drv_handler                         0x200002cc   Data          64  usbd_lld_core.o(.data)
    usbd_int_fops                            0x2000030c   Data           4  usbd_core.o(.data)
    cdc_dev_desc                             0x20000354   Data          18  cdc_acm_core.o(.data)
    cdc_config_desc                          0x20000366   Data          67  cdc_acm_core.o(.data)
    usbd_cdc_strings                         0x20000534   Data          16  cdc_acm_core.o(.data)
    cdc_desc                                 0x20000544   Data          16  cdc_acm_core.o(.data)
    cdc_class                                0x20000554   Data          32  cdc_acm_core.o(.data)
    __stdin                                  0x20000574   Data           4  stdin.o(.data)
    __stdout                                 0x20000578   Data           4  stdout.o(.data)
    usbd_cdc                                 0x20000580   Data         192  main.o(.bss)
    ucHeap                                   0x20000d24   Data        4096  heap_4.o(.bss)
    __initial_sp                             0x20002178   Data           0  startup_gd32f30x_hd.o(STACK)



==============================================================================

Memory Map of the image

  Image Entry point : 0x08000131

  Load Region LR_IROM1 (Base: 0x08000000, Size: 0x00008558, Max: 0x00080000, ABSOLUTE, COMPRESSED[0x000081a8])

    Execution Region ER_IROM1 (Exec base: 0x08000000, Load base: 0x08000000, Size: 0x00007fd8, Max: 0x00080000, ABSOLUTE)

    Exec Addr    Load Addr    Size         Type   Attr      Idx    E Section Name        Object

    0x08000000   0x08000000   0x00000130   Data   RO         5167    RESET               startup_gd32f30x_hd.o
    0x08000130   0x08000130   0x00000000   Code   RO         7100  * .ARM.Collect$$$$00000000  mc_w.l(entry.o)
    0x08000130   0x08000130   0x00000004   Code   RO         7382    .ARM.Collect$$$$00000001  mc_w.l(entry2.o)
    0x08000134   0x08000134   0x00000004   Code   RO         7385    .ARM.Collect$$$$00000004  mc_w.l(entry5.o)
    0x08000138   0x08000138   0x00000000   Code   RO         7387    .ARM.Collect$$$$00000008  mc_w.l(entry7b.o)
    0x08000138   0x08000138   0x00000000   Code   RO         7389    .ARM.Collect$$$$0000000A  mc_w.l(entry8b.o)
    0x08000138   0x08000138   0x00000008   Code   RO         7390    .ARM.Collect$$$$0000000B  mc_w.l(entry9a.o)
    0x08000140   0x08000140   0x00000004   Code   RO         7397    .ARM.Collect$$$$0000000E  mc_w.l(entry12b.o)
    0x08000144   0x08000144   0x00000000   Code   RO         7392    .ARM.Collect$$$$0000000F  mc_w.l(entry10a.o)
    0x08000144   0x08000144   0x00000000   Code   RO         7394    .ARM.Collect$$$$00000011  mc_w.l(entry11a.o)
    0x08000144   0x08000144   0x00000004   Code   RO         7383    .ARM.Collect$$$$00002712  mc_w.l(entry2.o)
    0x08000148   0x08000148   0x000000be   Code   RO         6434    .emb_text           port.o
    0x08000206   0x08000206   0x00000002   PAD
    0x08000208   0x08000208   0x00000024   Code   RO         5168    .text               startup_gd32f30x_hd.o
    0x0800022c   0x0800022c   0x00000024   Code   RO         7103    .text               mc_w.l(memcpya.o)
    0x08000250   0x08000250   0x00000024   Code   RO         7105    .text               mc_w.l(memseta.o)
    0x08000274   0x08000274   0x00000020   Code   RO         7370    .text               mc_w.l(__0scanf.o)
    0x08000294   0x08000294   0x000000e0   Code   RO         7372    .text               mc_w.l(_scanf_str.o)
    0x08000374   0x08000374   0x0000014e   Code   RO         7374    .text               mf_w.l(dadd.o)
    0x080004c2   0x080004c2   0x000000de   Code   RO         7376    .text               mf_w.l(ddiv.o)
    0x080005a0   0x080005a0   0x00000026   Code   RO         7378    .text               mf_w.l(f2d.o)
    0x080005c6   0x080005c6   0x00000038   Code   RO         7380    .text               mf_w.l(d2f.o)
    0x080005fe   0x080005fe   0x0000002c   Code   RO         7400    .text               mc_w.l(uidiv.o)
    0x0800062a   0x0800062a   0x00000062   Code   RO         7402    .text               mc_w.l(uldiv.o)
    0x0800068c   0x0800068c   0x0000001e   Code   RO         7404    .text               mc_w.l(llshl.o)
    0x080006aa   0x080006aa   0x00000024   Code   RO         7406    .text               mc_w.l(llsshr.o)
    0x080006ce   0x080006ce   0x00000002   PAD
    0x080006d0   0x080006d0   0x00000014   Code   RO         7408    .text               mc_w.l(scanf_char_file.o)
    0x080006e4   0x080006e4   0x00000000   Code   RO         7410    .text               mc_w.l(iusefp.o)
    0x080006e4   0x080006e4   0x0000006e   Code   RO         7411    .text               mf_w.l(fepilogue.o)
    0x08000752   0x08000752   0x000000ba   Code   RO         7413    .text               mf_w.l(depilogue.o)
    0x0800080c   0x0800080c   0x000000e4   Code   RO         7415    .text               mf_w.l(dmul.o)
    0x080008f0   0x080008f0   0x00000030   Code   RO         7417    .text               mf_w.l(dfixul.o)
    0x08000920   0x08000920   0x00000030   Code   RO         7419    .text               mf_w.l(cdrcmple.o)
    0x08000950   0x08000950   0x00000024   Code   RO         7421    .text               mc_w.l(init.o)
    0x08000974   0x08000974   0x0000002c   Code   RO         7423    .text               mc_w.l(fgetc_b.o)
    0x080009a0   0x080009a0   0x00000020   Code   RO         7426    .text               mc_w.l(llushr.o)
    0x080009c0   0x080009c0   0x00000028   Code   RO         7428    .text               mc_w.l(scanf_char.o)
    0x080009e8   0x080009e8   0x00000000   Code   RO         7430    .text               mc_w.l(semi.o)
    0x080009e8   0x080009e8   0x0000000a   Code   RO         7431    .text               mc_w.l(isspace_c.o)
    0x080009f2   0x080009f2   0x00000002   PAD
    0x080009f4   0x080009f4   0x00000330   Code   RO         7433    .text               mc_w.l(_scanf.o)
    0x08000d24   0x08000d24   0x00000000   Code   RO         7435    .text               mc_w.l(iusesemig.o)
    0x08000d24   0x08000d24   0x00000028   Code   RO         7436    .text               mc_w.l(ctype_c.o)
    0x08000d4c   0x08000d4c   0x00000056   Code   RO         7447    .text               mc_w.l(__dczerorl2.o)
    0x08000da2   0x08000da2   0x00000004   Code   RO          817    i.BusFault_Handler  gd32f30x_it.o
    0x08000da6   0x08000da6   0x00000002   PAD
    0x08000da8   0x08000da8   0x00000014   Code   RO          910    i.CLK_PRIMARY_In    dev_iic.o
    0x08000dbc   0x08000dbc   0x00000018   Code   RO          911    i.CLK_SECONDARY_In  dev_iic.o
    0x08000dd4   0x08000dd4   0x000001cc   Code   RO          912    i.DEV_I2C_Read      dev_iic.o
    0x08000fa0   0x08000fa0   0x000001bc   Code   RO          913    i.DEV_I2C_Write     dev_iic.o
    0x0800115c   0x0800115c   0x00000002   Code   RO          818    i.DebugMon_Handler  gd32f30x_it.o
    0x0800115e   0x0800115e   0x00000012   Code   RO          683    i.EXTI1_IRQHandler  dev_key_led.o
    0x08001170   0x08001170   0x00000012   Code   RO          684    i.EXTI2_IRQHandler  dev_key_led.o
    0x08001182   0x08001182   0x00000012   Code   RO          685    i.EXTI3_IRQHandler  dev_key_led.o
    0x08001194   0x08001194   0x0000006c   Code   RO          399    i.GPIO_2d3d_SW_set  pannel.o
    0x08001200   0x08001200   0x00000028   Code   RO          914    i.GPIO_INIT         dev_iic.o
    0x08001228   0x08001228   0x0000000e   Code   RO          400    i.GPIO_rst_Init     pannel.o
    0x08001236   0x08001236   0x00000004   Code   RO          819    i.HardFault_Handler  gd32f30x_it.o
    0x0800123a   0x0800123a   0x00000014   Code   RO          915    i.I2C_Init          dev_iic.o
    0x0800124e   0x0800124e   0x0000000c   Code   RO          916    i.I2C_PRIMARY_GPIO_IN  dev_iic.o
    0x0800125a   0x0800125a   0x00000002   PAD
    0x0800125c   0x0800125c   0x00000040   Code   RO          917    i.I2C_PRIMARY_GPIO_OUT  dev_iic.o
    0x0800129c   0x0800129c   0x00000034   Code   RO          918    i.I2C_PRIMARY_Mode_Config  dev_iic.o
    0x080012d0   0x080012d0   0x00000076   Code   RO          919    i.I2C_Primary_ReadBytes  dev_iic.o
    0x08001346   0x08001346   0x0000008c   Code   RO          920    i.I2C_Primary_Transfer  dev_iic.o
    0x080013d2   0x080013d2   0x00000088   Code   RO          921    i.I2C_Primary_WriteBytes  dev_iic.o
    0x0800145a   0x0800145a   0x0000000c   Code   RO          922    i.I2C_SECONDARY_GPIO_IN  dev_iic.o
    0x08001466   0x08001466   0x00000002   PAD
    0x08001468   0x08001468   0x00000048   Code   RO          923    i.I2C_SECONDARY_GPIO_OUT  dev_iic.o
    0x080014b0   0x080014b0   0x00000034   Code   RO          924    i.I2C_SECONDARY_Mode_Config  dev_iic.o
    0x080014e4   0x080014e4   0x00000076   Code   RO          925    i.I2C_Secondary_ReadBytes  dev_iic.o
    0x0800155a   0x0800155a   0x0000008c   Code   RO          926    i.I2C_Secondary_Transfer  dev_iic.o
    0x080015e6   0x080015e6   0x00000088   Code   RO          927    i.I2C_Secondary_WriteBytes  dev_iic.o
    0x0800166e   0x0800166e   0x00000002   PAD
    0x08001670   0x08001670   0x000000cc   Code   RO            3    i.KeyValue_set_task  main.o
    0x0800173c   0x0800173c   0x0000006c   Code   RO          686    i.Key_GPIO_Read     dev_key_led.o
    0x080017a8   0x080017a8   0x0000007c   Code   RO          687    i.Key_Init          dev_key_led.o
    0x08001824   0x08001824   0x0000001a   Code   RO          401    i.LT7911_RSTN       pannel.o
    0x0800183e   0x0800183e   0x00000002   PAD
    0x08001840   0x08001840   0x000000b4   Code   RO            4    i.Log_print_task    main.o
    0x080018f4   0x080018f4   0x0000007c   Code   RO            5    i.Lt7911Upgrade_task  main.o
    0x08001970   0x08001970   0x00000004   Code   RO          820    i.MemManage_Handler  gd32f30x_it.o
    0x08001974   0x08001974   0x00000002   Code   RO          821    i.NMI_Handler       gd32f30x_it.o
    0x08001976   0x08001976   0x00000002   PAD
    0x08001978   0x08001978   0x00000014   Code   RO          931    i.SDA_PRIMARY_In    dev_iic.o
    0x0800198c   0x0800198c   0x00000014   Code   RO          932    i.SDA_PRIMARY_Out   dev_iic.o
    0x080019a0   0x080019a0   0x00000018   Code   RO          933    i.SDA_SECONDARY_In  dev_iic.o
    0x080019b8   0x080019b8   0x00000018   Code   RO          934    i.SDA_SECONDARY_Out  dev_iic.o
    0x080019d0   0x080019d0   0x00000034   Code   RO         6435    i.SysTick_Handler   port.o
    0x08001a04   0x08001a04   0x000000a8   Code   RO         1223    i.SystemInit        system_gd32f30x.o
    0x08001aac   0x08001aac   0x0000007c   Code   RO            6    i.USART_cmd_task    main.o
    0x08001b28   0x08001b28   0x00000008   Code   RO          822    i.USBD_LP_CAN0_RX0_IRQHandler  gd32f30x_it.o
    0x08001b30   0x08001b30   0x00000004   Code   RO          823    i.UsageFault_Handler  gd32f30x_it.o
    0x08001b34   0x08001b34   0x0000002a   Code   RO          402    i.Write_I2C         pannel.o
    0x08001b5e   0x08001b5e   0x00000016   Code   RO          403    i.Write_I2C_cmd     pannel.o
    0x08001b74   0x08001b74   0x00000020   Code   RO         7342    i.__0printf         mc_w.l(printfa.o)
    0x08001b94   0x08001b94   0x0000000e   Code   RO         7441    i.__scatterload_copy  mc_w.l(handlers.o)
    0x08001ba2   0x08001ba2   0x00000002   Code   RO         7442    i.__scatterload_null  mc_w.l(handlers.o)
    0x08001ba4   0x08001ba4   0x0000000e   Code   RO         7443    i.__scatterload_zeroinit  mc_w.l(handlers.o)
    0x08001bb2   0x08001bb2   0x00000002   PAD
    0x08001bb4   0x08001bb4   0x00000184   Code   RO         7349    i._fp_digits        mc_w.l(printfa.o)
    0x08001d38   0x08001d38   0x000006b4   Code   RO         7350    i._printf_core      mc_w.l(printfa.o)
    0x080023ec   0x080023ec   0x00000024   Code   RO         7351    i._printf_post_padding  mc_w.l(printfa.o)
    0x08002410   0x08002410   0x0000002e   Code   RO         7352    i._printf_pre_padding  mc_w.l(printfa.o)
    0x0800243e   0x0800243e   0x00000030   Code   RO         6796    i._usb_bos_desc_get  usbd_enum.o
    0x0800246e   0x0800246e   0x00000020   Code   RO         6797    i._usb_config_desc_get  usbd_enum.o
    0x0800248e   0x0800248e   0x00000014   Code   RO         6798    i._usb_dev_desc_get  usbd_enum.o
    0x080024a2   0x080024a2   0x00000072   Code   RO         6961    i._usb_in0_transc   usbd_transc.o
    0x08002514   0x08002514   0x00000056   Code   RO         6962    i._usb_out0_transc  usbd_transc.o
    0x0800256a   0x0800256a   0x000000ba   Code   RO         6963    i._usb_setup_transc  usbd_transc.o
    0x08002624   0x08002624   0x0000008e   Code   RO         6799    i._usb_std_clearfeature  usbd_enum.o
    0x080026b2   0x080026b2   0x0000003c   Code   RO         6800    i._usb_std_getconfiguration  usbd_enum.o
    0x080026ee   0x080026ee   0x00000002   PAD
    0x080026f0   0x080026f0   0x00000110   Code   RO         6801    i._usb_std_getdescriptor  usbd_enum.o
    0x08002800   0x08002800   0x0000003e   Code   RO         6802    i._usb_std_getinterface  usbd_enum.o
    0x0800283e   0x0800283e   0x00000002   PAD
    0x08002840   0x08002840   0x000000c8   Code   RO         6803    i._usb_std_getstatus  usbd_enum.o
    0x08002908   0x08002908   0x00000006   Code   RO         6804    i._usb_std_reserved  usbd_enum.o
    0x0800290e   0x0800290e   0x0000002e   Code   RO         6805    i._usb_std_setaddress  usbd_enum.o
    0x0800293c   0x0800293c   0x000000a4   Code   RO         6806    i._usb_std_setconfiguration  usbd_enum.o
    0x080029e0   0x080029e0   0x00000006   Code   RO         6807    i._usb_std_setdescriptor  usbd_enum.o
    0x080029e6   0x080029e6   0x0000008e   Code   RO         6808    i._usb_std_setfeature  usbd_enum.o
    0x08002a74   0x08002a74   0x00000040   Code   RO         6809    i._usb_std_setinterface  usbd_enum.o
    0x08002ab4   0x08002ab4   0x00000006   Code   RO         6810    i._usb_std_synchframe  usbd_enum.o
    0x08002aba   0x08002aba   0x00000014   Code   RO         6811    i._usb_str_desc_get  usbd_enum.o
    0x08002ace   0x08002ace   0x00000022   Code   RO         7010    i.cdc_acm_check_ready  cdc_acm_core.o
    0x08002af0   0x08002af0   0x00000048   Code   RO         7011    i.cdc_acm_ctlx_out  cdc_acm_core.o
    0x08002b38   0x08002b38   0x00000060   Code   RO         7012    i.cdc_acm_data_in   cdc_acm_core.o
    0x08002b98   0x08002b98   0x00000044   Code   RO         7013    i.cdc_acm_data_out  cdc_acm_core.o
    0x08002bdc   0x08002bdc   0x00000040   Code   RO         7014    i.cdc_acm_data_receive  cdc_acm_core.o
    0x08002c1c   0x08002c1c   0x00000028   Code   RO         7015    i.cdc_acm_data_send  cdc_acm_core.o
    0x08002c44   0x08002c44   0x00000048   Code   RO         7016    i.cdc_acm_deinit    cdc_acm_core.o
    0x08002c8c   0x08002c8c   0x000000ac   Code   RO         7017    i.cdc_acm_init      cdc_acm_core.o
    0x08002d38   0x08002d38   0x000000d8   Code   RO         7018    i.cdc_acm_req_handler  cdc_acm_core.o
    0x08002e10   0x08002e10   0x00000016   Code   RO         1174    i.delay_1ms         systick.o
    0x08002e26   0x08002e26   0x00000002   PAD
    0x08002e28   0x08002e28   0x0000006c   Code   RO         1175    i.delay_1us         systick.o
    0x08002e94   0x08002e94   0x00000048   Code   RO         5784    i.eTaskConfirmSleepModeStatus  tasks.o
    0x08002edc   0x08002edc   0x0000000c   Code   RO         2584    i.exti_interrupt_flag_clear  gd32f30x_exti.o
    0x08002ee8   0x08002ee8   0x00000018   Code   RO         2585    i.exti_interrupt_flag_get  gd32f30x_exti.o
    0x08002f00   0x08002f00   0x00000020   Code   RO            7    i.fgetc             main.o
    0x08002f20   0x08002f20   0x00000024   Code   RO            8    i.fputc             main.o
    0x08002f44   0x08002f44   0x000000ec   Code   RO         5174    i.gd_eval_com_init  gd32f307c_eval.o
    0x08003030   0x08003030   0x00000004   Code   RO         2949    i.gpio_bit_reset    gd32f30x_gpio.o
    0x08003034   0x08003034   0x00000004   Code   RO         2950    i.gpio_bit_set      gd32f30x_gpio.o
    0x08003038   0x08003038   0x00000024   Code   RO          876    i.gpio_config       gd32f30x_usbd_hw.o
    0x0800305c   0x0800305c   0x000000bc   Code   RO         2959    i.gpio_init         gd32f30x_gpio.o
    0x08003118   0x08003118   0x00000010   Code   RO         2960    i.gpio_input_bit_get  gd32f30x_gpio.o
    0x08003128   0x08003128   0x0000000e   Code   RO          935    i.i2c_Delay         dev_iic.o
    0x08003136   0x08003136   0x00000002   PAD
    0x08003138   0x08003138   0x00000038   Code   RO          936    i.i2c_Primary_Ack   dev_iic.o
    0x08003170   0x08003170   0x00000030   Code   RO          937    i.i2c_Primary_NAck  dev_iic.o
    0x080031a0   0x080031a0   0x00000048   Code   RO          938    i.i2c_Primary_ReadByte  dev_iic.o
    0x080031e8   0x080031e8   0x00000054   Code   RO          939    i.i2c_Primary_SendByte  dev_iic.o
    0x0800323c   0x0800323c   0x0000003c   Code   RO          940    i.i2c_Primary_Start  dev_iic.o
    0x08003278   0x08003278   0x0000003c   Code   RO          941    i.i2c_Primary_Stop  dev_iic.o
    0x080032b4   0x080032b4   0x00000054   Code   RO          942    i.i2c_Primary_WaitAck  dev_iic.o
    0x08003308   0x08003308   0x00000040   Code   RO          943    i.i2c_Secondary_Ack  dev_iic.o
    0x08003348   0x08003348   0x00000038   Code   RO          944    i.i2c_Secondary_NAck  dev_iic.o
    0x08003380   0x08003380   0x0000004c   Code   RO          945    i.i2c_Secondary_ReadByte  dev_iic.o
    0x080033cc   0x080033cc   0x0000005c   Code   RO          946    i.i2c_Secondary_SendByte  dev_iic.o
    0x08003428   0x08003428   0x00000044   Code   RO          947    i.i2c_Secondary_Start  dev_iic.o
    0x0800346c   0x0800346c   0x00000044   Code   RO          948    i.i2c_Secondary_Stop  dev_iic.o
    0x080034b0   0x080034b0   0x0000005c   Code   RO          949    i.i2c_Secondary_WaitAck  dev_iic.o
    0x0800350c   0x0800350c   0x00000010   Code   RO         3076    i.i2c_ack_config    gd32f30x_i2c.o
    0x0800351c   0x0800351c   0x00000140   Code   RO         3078    i.i2c_clock_config  gd32f30x_i2c.o
    0x0800365c   0x0800365c   0x0000000a   Code   RO         3087    i.i2c_enable        gd32f30x_i2c.o
    0x08003666   0x08003666   0x0000001c   Code   RO         3095    i.i2c_mode_addr_config  gd32f30x_i2c.o
    0x08003682   0x08003682   0x00000002   PAD
    0x08003684   0x08003684   0x00000320   Code   RO            9    i.icm42688_data_task  main.o
    0x080039a4   0x080039a4   0x00000088   Code   RO          761    i.icm42688_get_acc  icm42688.o
    0x08003a2c   0x08003a2c   0x00000088   Code   RO          762    i.icm42688_get_gyro  icm42688.o
    0x08003ab4   0x08003ab4   0x00000038   Code   RO          763    i.icm42688_get_temp  icm42688.o
    0x08003aec   0x08003aec   0x000000f8   Code   RO          764    i.icm42688_init     icm42688.o
    0x08003be4   0x08003be4   0x00000050   Code   RO          765    i.icm42688_print    icm42688.o
    0x08003c34   0x08003c34   0x0000003e   Code   RO         6812    i.int_to_unicode    usbd_enum.o
    0x08003c72   0x08003c72   0x00000002   PAD
    0x08003c74   0x08003c74   0x00000100   Code   RO           10    i.main              main.o
    0x08003d74   0x08003d74   0x00000016   Code   RO          877    i.nvic_config       gd32f30x_usbd_hw.o
    0x08003d8a   0x08003d8a   0x00000002   PAD
    0x08003d8c   0x08003d8c   0x000000c4   Code   RO         3277    i.nvic_irq_enable   gd32f30x_misc.o
    0x08003e50   0x08003e50   0x00000014   Code   RO         3278    i.nvic_priority_group_set  gd32f30x_misc.o
    0x08003e64   0x08003e64   0x0000035c   Code   RO          404    i.pannel_config_303  pannel.o
    0x080041c0   0x080041c0   0x000000a8   Code   RO          405    i.pannel_display    pannel.o
    0x08004268   0x08004268   0x00000020   Code   RO          406    i.pannel_init       pannel.o
    0x08004288   0x08004288   0x00000020   Code   RO          407    i.pannel_reset      pannel.o
    0x080042a8   0x080042a8   0x0000006c   Code   RO          549    i.pca9544_i2c_init  pca9544.o
    0x08004314   0x08004314   0x000000c4   Code   RO          550    i.pca9544_i2c_set   pca9544.o
    0x080043d8   0x080043d8   0x000000b8   Code   RO         5787    i.prvAddCurrentTaskToDelayedList  tasks.o
    0x08004490   0x08004490   0x000000f4   Code   RO         5788    i.prvAddNewTaskToReadyList  tasks.o
    0x08004584   0x08004584   0x0000005c   Code   RO         6257    i.prvCheckForValidListAndQueue  timers.o
    0x080045e0   0x080045e0   0x00000048   Code   RO         5789    i.prvCheckTasksWaitingTermination  tasks.o
    0x08004628   0x08004628   0x0000002a   Code   RO         5379    i.prvCopyDataFromQueue  queue.o
    0x08004652   0x08004652   0x0000007e   Code   RO         5380    i.prvCopyDataToQueue  queue.o
    0x080046d0   0x080046d0   0x00000088   Code   RO         5790    i.prvCreateIdleTasks  tasks.o
    0x08004758   0x08004758   0x0000004c   Code   RO         5791    i.prvCreateStaticTask  tasks.o
    0x080047a4   0x080047a4   0x0000005e   Code   RO         5792    i.prvCreateTask     tasks.o
    0x08004802   0x08004802   0x00000028   Code   RO         5793    i.prvDeleteTCB      tasks.o
    0x0800482a   0x0800482a   0x00000002   PAD
    0x0800482c   0x0800482c   0x00000048   Code   RO         5794    i.prvGetExpectedIdleTime  tasks.o
    0x08004874   0x08004874   0x00000028   Code   RO         6258    i.prvGetNextExpireTime  timers.o
    0x0800489c   0x0800489c   0x0000006c   Code   RO         6511    i.prvHeapInit       heap_4.o
    0x08004908   0x08004908   0x0000004c   Code   RO         5795    i.prvIdleTask       tasks.o
    0x08004954   0x08004954   0x0000002a   Code   RO         5383    i.prvInitialiseNewQueue  queue.o
    0x0800497e   0x0800497e   0x00000086   Code   RO         5796    i.prvInitialiseNewTask  tasks.o
    0x08004a04   0x08004a04   0x00000068   Code   RO         5797    i.prvInitialiseTaskLists  tasks.o
    0x08004a6c   0x08004a6c   0x00000068   Code   RO         6512    i.prvInsertBlockIntoFreeList  heap_4.o
    0x08004ad4   0x08004ad4   0x00000058   Code   RO         6260    i.prvInsertTimerInActiveList  timers.o
    0x08004b2c   0x08004b2c   0x0000001a   Code   RO         5384    i.prvIsQueueEmpty   queue.o
    0x08004b46   0x08004b46   0x0000005a   Code   RO         5386    i.prvNotifyQueueSetContainer  queue.o
    0x08004ba0   0x08004ba0   0x00000044   Code   RO         6261    i.prvProcessExpiredTimer  timers.o
    0x08004be4   0x08004be4   0x0000011c   Code   RO         6262    i.prvProcessReceivedCommands  timers.o
    0x08004d00   0x08004d00   0x00000074   Code   RO         6263    i.prvProcessTimerOrBlockTask  timers.o
    0x08004d74   0x08004d74   0x00000028   Code   RO         6264    i.prvReloadTimer    timers.o
    0x08004d9c   0x08004d9c   0x00000030   Code   RO         5798    i.prvResetNextTaskUnblockTime  tasks.o
    0x08004dcc   0x08004dcc   0x0000002c   Code   RO         6265    i.prvSampleTimeNow  timers.o
    0x08004df8   0x08004df8   0x00000044   Code   RO         6266    i.prvSwitchTimerLists  timers.o
    0x08004e3c   0x08004e3c   0x00000016   Code   RO         6436    i.prvTaskExitError  port.o
    0x08004e52   0x08004e52   0x0000001a   Code   RO         6267    i.prvTimerTask      timers.o
    0x08004e6c   0x08004e6c   0x00000090   Code   RO         5387    i.prvUnlockQueue    queue.o
    0x08004efc   0x08004efc   0x00000100   Code   RO         6514    i.pvPortMalloc      heap_4.o
    0x08004ffc   0x08004ffc   0x0000002c   Code   RO         6437    i.pxPortInitialiseStack  port.o
    0x08005028   0x08005028   0x00000158   Code   RO         3476    i.rcu_clock_freq_get  gd32f30x_rcu.o
    0x08005180   0x08005180   0x00000068   Code   RO          878    i.rcu_config        gd32f30x_usbd_hw.o
    0x080051e8   0x080051e8   0x00000020   Code   RO         3494    i.rcu_periph_clock_enable  gd32f30x_rcu.o
    0x08005208   0x08005208   0x00000020   Code   RO         3497    i.rcu_periph_reset_disable  gd32f30x_rcu.o
    0x08005228   0x08005228   0x00000020   Code   RO         3498    i.rcu_periph_reset_enable  gd32f30x_rcu.o
    0x08005248   0x08005248   0x00000018   Code   RO         3505    i.rcu_usb_clock_config  gd32f30x_rcu.o
    0x08005260   0x08005260   0x00000394   Code   RO          499    i.sabre9018_init    sabre9018.o
    0x080055f4   0x080055f4   0x00000050   Code   RO          500    i.sabre9018_print   sabre9018.o
    0x08005644   0x08005644   0x000000a0   Code   RO          502    i.sabre9018_volume_set  sabre9018.o
    0x080056e4   0x080056e4   0x00000068   Code   RO          408    i.select_pannel     pannel.o
    0x0800574c   0x0800574c   0x00000050   Code   RO         6813    i.serial_string_get  usbd_enum.o
    0x0800579c   0x0800579c   0x000000e4   Code   RO          409    i.set_bright        pannel.o
    0x08005880   0x08005880   0x00000100   Code   RO         1224    i.system_clock_120m_irc8m  system_gd32f30x.o
    0x08005980   0x08005980   0x00000008   Code   RO         1225    i.system_clock_config  system_gd32f30x.o
    0x08005988   0x08005988   0x000000f0   Code   RO           11    i.system_init       main.o
    0x08005a78   0x08005a78   0x00000194   Code   RO          604    i.tca6408_i2c_init  tca6408.o
    0x08005c0c   0x08005c0c   0x00000068   Code   RO          605    i.tca6408_read      tca6408.o
    0x08005c74   0x08005c74   0x000000b0   Code   RO          606    i.tca6408_write     tca6408.o
    0x08005d24   0x08005d24   0x0000006c   Code   RO          656    i.tca9548_i2c_init  tca9548.o
    0x08005d90   0x08005d90   0x000000dc   Code   RO          657    i.tca9548_i2c_set   tca9548.o
    0x08005e6c   0x08005e6c   0x00000090   Code   RO         4798    i.usart_baudrate_set  gd32f30x_usart.o
    0x08005efc   0x08005efc   0x0000000a   Code   RO         4801    i.usart_data_receive  gd32f30x_usart.o
    0x08005f06   0x08005f06   0x00000008   Code   RO         4802    i.usart_data_transmit  gd32f30x_usart.o
    0x08005f0e   0x08005f0e   0x00000002   PAD
    0x08005f10   0x08005f10   0x00000090   Code   RO         4803    i.usart_deinit      gd32f30x_usart.o
    0x08005fa0   0x08005fa0   0x0000000a   Code   RO         4807    i.usart_enable      gd32f30x_usart.o
    0x08005faa   0x08005faa   0x0000001e   Code   RO         4809    i.usart_flag_get    gd32f30x_usart.o
    0x08005fc8   0x08005fc8   0x00000014   Code   RO         4831    i.usart_receive_config  gd32f30x_usart.o
    0x08005fdc   0x08005fdc   0x00000014   Code   RO         4845    i.usart_transmit_config  gd32f30x_usart.o
    0x08005ff0   0x08005ff0   0x00000018   Code   RO         6964    i.usb_ctl_status_in  usbd_transc.o
    0x08006008   0x08006008   0x00000016   Code   RO         6965    i.usb_stall_transc  usbd_transc.o
    0x0800601e   0x0800601e   0x00000008   Code   RO         6746    i.usb_transc_config  usbd_core.o
    0x08006026   0x08006026   0x00000008   Code   RO         6814    i.usb_transc_config  usbd_enum.o
    0x0800602e   0x0800602e   0x00000008   Code   RO         7019    i.usb_transc_config  cdc_acm_core.o
    0x08006036   0x08006036   0x00000002   PAD
    0x08006038   0x08006038   0x00000010   Code   RO         6629    i.usbd_address_set  usbd_lld_core.o
    0x08006048   0x08006048   0x00000022   Code   RO         6815    i.usbd_class_request  usbd_enum.o
    0x0800606a   0x0800606a   0x00000002   PAD
    0x0800606c   0x0800606c   0x00000028   Code   RO         6630    i.usbd_core_reset   usbd_lld_core.o
    0x08006094   0x08006094   0x00000018   Code   RO         6631    i.usbd_core_stop    usbd_lld_core.o
    0x080060ac   0x080060ac   0x00000034   Code   RO         6632    i.usbd_dp_pullup    usbd_lld_core.o
    0x080060e0   0x080060e0   0x000000a0   Code   RO         6633    i.usbd_ep_data_read  usbd_lld_core.o
    0x08006180   0x08006180   0x00000060   Code   RO         6634    i.usbd_ep_data_write  usbd_lld_core.o
    0x080061e0   0x080061e0   0x00000014   Code   RO         7020    i.usbd_ep_deinit    cdc_acm_core.o
    0x080061f4   0x080061f4   0x000000b8   Code   RO         6635    i.usbd_ep_disable   usbd_lld_core.o
    0x080062ac   0x080062ac   0x00000022   Code   RO         7021    i.usbd_ep_init      cdc_acm_core.o
    0x080062ce   0x080062ce   0x00000038   Code   RO         6747    i.usbd_ep_recev     usbd_core.o
    0x08006306   0x08006306   0x00000002   PAD
    0x08006308   0x08006308   0x0000009c   Code   RO         6636    i.usbd_ep_reset     usbd_lld_core.o
    0x080063a4   0x080063a4   0x00000030   Code   RO         6637    i.usbd_ep_rx_enable  usbd_lld_core.o
    0x080063d4   0x080063d4   0x0000004e   Code   RO         6748    i.usbd_ep_send      usbd_core.o
    0x08006422   0x08006422   0x00000002   PAD
    0x08006424   0x08006424   0x00000278   Code   RO         6638    i.usbd_ep_setup     usbd_lld_core.o
    0x0800669c   0x0800669c   0x000000fc   Code   RO         6639    i.usbd_ep_stall_clear  usbd_lld_core.o
    0x08006798   0x08006798   0x000000a8   Code   RO         6640    i.usbd_ep_stall_set  usbd_lld_core.o
    0x08006840   0x08006840   0x00000024   Code   RO         6641    i.usbd_ep_status    usbd_lld_core.o
    0x08006864   0x08006864   0x00000014   Code   RO         6642    i.usbd_ep_status_get  usbd_lld_core.o
    0x08006878   0x08006878   0x00000014   Code   RO         6816    i.usbd_ep_status_get  usbd_enum.o
    0x0800688c   0x0800688c   0x00000078   Code   RO         6749    i.usbd_init         usbd_core.o
    0x08006904   0x08006904   0x00000024   Code   RO         6576    i.usbd_int_suspend  usbd_lld_int.o
    0x08006928   0x08006928   0x0000028c   Code   RO         6577    i.usbd_isr          usbd_lld_int.o
    0x08006bb4   0x08006bb4   0x0000001c   Code   RO         6643    i.usbd_leave_suspend  usbd_lld_core.o
    0x08006bd0   0x08006bd0   0x00000020   Code   RO         6644    i.usbd_resume       usbd_lld_core.o
    0x08006bf0   0x08006bf0   0x0000001c   Code   RO         6817    i.usbd_standard_request  usbd_enum.o
    0x08006c0c   0x08006c0c   0x00000014   Code   RO         6645    i.usbd_suspend      usbd_lld_core.o
    0x08006c20   0x08006c20   0x00000006   Code   RO         6818    i.usbd_vendor_request  usbd_enum.o
    0x08006c26   0x08006c26   0x00000028   Code   RO         5340    i.uxListRemove      list.o
    0x08006c4e   0x08006c4e   0x00000002   PAD
    0x08006c50   0x08006c50   0x0000000c   Code   RO         5807    i.uxTaskGetNumberOfTasks  tasks.o
    0x08006c5c   0x08006c5c   0x00000018   Code   RO         5812    i.vApplicationGetIdleTaskMemory  tasks.o
    0x08006c74   0x08006c74   0x00000018   Code   RO         5813    i.vApplicationGetTimerTaskMemory  tasks.o
    0x08006c8c   0x08006c8c   0x00000020   Code   RO         5341    i.vListInitialise   list.o
    0x08006cac   0x08006cac   0x00000006   Code   RO         5342    i.vListInitialiseItem  list.o
    0x08006cb2   0x08006cb2   0x00000034   Code   RO         5343    i.vListInsert       list.o
    0x08006ce6   0x08006ce6   0x00000002   PAD
    0x08006ce8   0x08006ce8   0x00000024   Code   RO         6439    i.vPortEnterCritical  port.o
    0x08006d0c   0x08006d0c   0x00000020   Code   RO         6440    i.vPortExitCritical  port.o
    0x08006d2c   0x08006d2c   0x0000004c   Code   RO         6515    i.vPortFree         heap_4.o
    0x08006d78   0x08006d78   0x00000044   Code   RO         6441    i.vPortSetupTimerInterrupt  port.o
    0x08006dbc   0x08006dbc   0x00000144   Code   RO         6442    i.vPortSuppressTicksAndSleep  port.o
    0x08006f00   0x08006f00   0x0000004a   Code   RO         5394    i.vQueueWaitForMessageRestricted  queue.o
    0x08006f4a   0x08006f4a   0x00000002   PAD
    0x08006f4c   0x08006f4c   0x00000034   Code   RO         5814    i.vTaskDelay        tasks.o
    0x08006f80   0x08006f80   0x00000018   Code   RO         5818    i.vTaskInternalSetTimeOutState  tasks.o
    0x08006f98   0x08006f98   0x0000000c   Code   RO         5819    i.vTaskMissedYield  tasks.o
    0x08006fa4   0x08006fa4   0x00000020   Code   RO         5820    i.vTaskPlaceOnEventList  tasks.o
    0x08006fc4   0x08006fc4   0x00000050   Code   RO         5821    i.vTaskPlaceOnEventListRestricted  tasks.o
    0x08007014   0x08007014   0x00000058   Code   RO         5829    i.vTaskStartScheduler  tasks.o
    0x0800706c   0x0800706c   0x00000040   Code   RO         5830    i.vTaskStepTick     tasks.o
    0x080070ac   0x080070ac   0x00000010   Code   RO         5832    i.vTaskSuspendAll   tasks.o
    0x080070bc   0x080070bc   0x00000080   Code   RO         5833    i.vTaskSwitchContext  tasks.o
    0x0800713c   0x0800713c   0x00000048   Code   RO         6443    i.xPortStartScheduler  port.o
    0x08007184   0x08007184   0x00000052   Code   RO         5401    i.xQueueGenericCreate  queue.o
    0x080071d6   0x080071d6   0x0000003e   Code   RO         5402    i.xQueueGenericCreateStatic  queue.o
    0x08007214   0x08007214   0x000000a0   Code   RO         5404    i.xQueueGenericReset  queue.o
    0x080072b4   0x080072b4   0x00000104   Code   RO         5413    i.xQueueReceive     queue.o
    0x080073b8   0x080073b8   0x0000007c   Code   RO         5837    i.xTaskCheckForTimeOut  tasks.o
    0x08007434   0x08007434   0x00000038   Code   RO         5838    i.xTaskCreate       tasks.o
    0x0800746c   0x0800746c   0x00000040   Code   RO         5839    i.xTaskCreateStatic  tasks.o
    0x080074ac   0x080074ac   0x0000000c   Code   RO         5853    i.xTaskGetTickCount  tasks.o
    0x080074b8   0x080074b8   0x000001a4   Code   RO         5855    i.xTaskIncrementTick  tasks.o
    0x0800765c   0x0800765c   0x000000a0   Code   RO         5856    i.xTaskPriorityDisinherit  tasks.o
    0x080076fc   0x080076fc   0x00000120   Code   RO         5858    i.xTaskRemoveFromEventList  tasks.o
    0x0800781c   0x0800781c   0x00000180   Code   RO         5859    i.xTaskResumeAll    tasks.o
    0x0800799c   0x0800799c   0x00000060   Code   RO         6274    i.xTimerCreateTimerTask  timers.o
    0x080079fc   0x080079fc   0x00000013   Data   RO           13    .constdata          main.o
    0x08007a0f   0x08007a0f   0x0000001f   Data   RO          503    .constdata          sabre9018.o
    0x08007a2e   0x08007a2e   0x00000021   Data   RO          551    .constdata          pca9544.o
    0x08007a4f   0x08007a4f   0x0000001f   Data   RO          607    .constdata          tca6408.o
    0x08007a6e   0x08007a6e   0x00000021   Data   RO          658    .constdata          tca9548.o
    0x08007a8f   0x08007a8f   0x0000000f   Data   RO          767    .constdata          icm42688.o
    0x08007a9e   0x08007a9e   0x0000001b   Data   RO          950    .constdata          dev_iic.o
    0x08007ab9   0x08007ab9   0x00000003   PAD
    0x08007abc   0x08007abc   0x00000010   Data   RO         6648    .constdata          usbd_lld_core.o
    0x08007acc   0x08007acc   0x00000080   Data   RO         7023    .constdata          cdc_acm_core.o
    0x08007b4c   0x08007b4c   0x00000040   Data   RO         7437    .constdata          mc_w.l(ctype_c.o)
    0x08007b8c   0x08007b8c   0x000000f3   Data   RO          608    .conststring        tca6408.o
    0x08007c7f   0x08007c7f   0x00000001   PAD
    0x08007c80   0x08007c80   0x00000336   Data   RO          951    .conststring        dev_iic.o
    0x08007fb6   0x08007fb6   0x00000002   PAD
    0x08007fb8   0x08007fb8   0x00000020   Data   RO         7439    Region$$Table       anon$$obj.o


    Execution Region RW_IRAM1 (Exec base: 0x20000000, Load base: 0x08007fd8, Size: 0x00002178, Max: 0x00010000, ABSOLUTE, COMPRESSED[0x000001d0])

    Exec Addr    Load Addr    Size         Type   Attr      Idx    E Section Name        Object

    0x20000000   COMPRESSED   0x000000f4   Data   RW           14    .data               main.o
    0x200000f4   COMPRESSED   0x0000000a   Data   RW          411    .data               pannel.o
    0x200000fe   COMPRESSED   0x00000040   Data   RW          504    .data               sabre9018.o
    0x2000013e   COMPRESSED   0x00000080   Data   RW          768    .data               icm42688.o
    0x200001be   COMPRESSED   0x00000002   PAD
    0x200001c0   COMPRESSED   0x00000004   Data   RW         1226    .data               system_gd32f30x.o
    0x200001c4   COMPRESSED   0x0000007d   Data   RW         5181    .data               gd32f307c_eval.o
    0x20000241   COMPRESSED   0x00000003   PAD
    0x20000244   COMPRESSED   0x00000040   Data   RW         5862    .data               tasks.o
    0x20000284   COMPRESSED   0x00000014   Data   RW         6286    .data               timers.o
    0x20000298   COMPRESSED   0x00000010   Data   RW         6444    .data               port.o
    0x200002a8   COMPRESSED   0x0000001c   Data   RW         6521    .data               heap_4.o
    0x200002c4   COMPRESSED   0x00000048   Data   RW         6649    .data               usbd_lld_core.o
    0x2000030c   COMPRESSED   0x00000004   Data   RW         6750    .data               usbd_core.o
    0x20000310   COMPRESSED   0x00000043   Data   RW         6819    .data               usbd_enum.o
    0x20000353   COMPRESSED   0x00000001   PAD
    0x20000354   COMPRESSED   0x00000220   Data   RW         7024    .data               cdc_acm_core.o
    0x20000574   COMPRESSED   0x00000004   Data   RW         7398    .data               mc_w.l(stdin.o)
    0x20000578   COMPRESSED   0x00000004   Data   RW         7399    .data               mc_w.l(stdout.o)
    0x2000057c   COMPRESSED   0x00000003   Data   RW         7424    .data               mc_w.l(fgetc_b.o)
    0x2000057f   COMPRESSED   0x00000001   PAD
    0x20000580        -       0x000000c0   Zero   RW           12    .bss                main.o
    0x20000640        -       0x000005b0   Zero   RW         5861    .bss                tasks.o
    0x20000bf0        -       0x00000134   Zero   RW         6285    .bss                timers.o
    0x20000d24        -       0x00001000   Zero   RW         6520    .bss                heap_4.o
    0x20001d24        -       0x00000050   Zero   RW         7022    .bss                cdc_acm_core.o
    0x20001d74   COMPRESSED   0x00000004   PAD
    0x20001d78        -       0x00000400   Zero   RW         5165    STACK               startup_gd32f30x_hd.o



  Load Region LR$$.ARM.__AT_0x40006000 (Base: 0x40006000, Size: 0x00000000, Max: 0x00000040, ABSOLUTE)

    Execution Region ER$$.ARM.__AT_0x40006000 (Exec base: 0x40006000, Load base: 0x40006000, Size: 0x00000040, Max: 0x00000040, ABSOLUTE, UNINIT)

    Exec Addr    Load Addr    Size         Type   Attr      Idx    E Section Name        Object

    0x40006000        -       0x00000040   Zero   RW         6647    .ARM.__AT_0x40006000  usbd_lld_core.o


==============================================================================

Image component sizes


      Code (inc. data)   RO Data    RW Data    ZI Data      Debug   Object Name

       896        190        128        544         80      16448   cdc_acm_core.o
      3142        292        849          0          0      25118   dev_iic.o
       286         24          0          0          0       2824   dev_key_led.o
         0          0          0          0          0        844   eeprom.o
         0          0          0          0          0      45028   event_groups.o
       236         30          0        125          0       1775   gd32f307c_eval.o
         0          0          0          0          0       1492   gd32f30x_can.o
        36         12          0          0          0       1318   gd32f30x_exti.o
       212          0          0          0          0       2957   gd32f30x_gpio.o
       374         14          0          0          0       3236   gd32f30x_i2c.o
        28          0          0          0          0       3563   gd32f30x_it.o
       216         20          0          0          0       1556   gd32f30x_misc.o
       464         52          0          0          0       3855   gd32f30x_rcu.o
       386         16          0          0          0       5546   gd32f30x_usart.o
       162         20          0          0          0       1673   gd32f30x_usbd_hw.o
       544         58          0         28       4096       5100   heap_4.o
       656         48         15        128          0       6572   icm42688.o
       130          0          0          0          0      34601   list.o
      1996        594         19        244        192      80778   main.o
      1636        350          0         10          0       8013   pannel.o
       304        148         33          0          0       2129   pca9544.o
       840         88          0         16          0      10657   port.o
      1108          8          0          0          0      13576   queue.o
      1156        144         31         64          0       4994   sabre9018.o
        36          8        304          0       1024        916   startup_gd32f30x_hd.o
       432         30          0          4          0       2931   system_gd32f30x.o
       130         10          0          0          0       1360   systick.o
      3416        422          0         64       1456      73201   tasks.o
       684        314        274          0          0       2334   tca6408.o
       328        150         33          0          0       1613   tca9548.o
       962        112          0         20        308      18680   timers.o
       262         22          0          4          0       7875   usbd_core.o
      1528         46          0         67          0      21995   usbd_enum.o
      1964        114         16         72         64      16521   usbd_lld_core.o
       688         18          0          0          0      10807   usbd_lld_int.o
       432          0          0          0          0       8317   usbd_transc.o

    ----------------------------------------------------------------------
     25716       3354       1740       1396       7224     450203   Object Totals
         0          0         32          0          0          0   (incl. Generated)
        46          0          6          6          4          0   (incl. Padding)

    ----------------------------------------------------------------------

      Code (inc. data)   RO Data    RW Data    ZI Data      Debug   Library Member Name

        32          6          0          0          0         84   __0scanf.o
        86          0          0          0          0          0   __dczerorl2.o
       816          6          0          0          0        112   _scanf.o
       224          0          0          0          0         96   _scanf_str.o
        40          6         64          0          0         68   ctype_c.o
         0          0          0          0          0          0   entry.o
         0          0          0          0          0          0   entry10a.o
         0          0          0          0          0          0   entry11a.o
         4          0          0          0          0          0   entry12b.o
         8          4          0          0          0          0   entry2.o
         4          0          0          0          0          0   entry5.o
         0          0          0          0          0          0   entry7b.o
         0          0          0          0          0          0   entry8b.o
         8          4          0          0          0          0   entry9a.o
        44          6          0          3          0        144   fgetc_b.o
        30          0          0          0          0          0   handlers.o
        36          8          0          0          0         68   init.o
        10          0          0          0          0         68   isspace_c.o
         0          0          0          0          0          0   iusefp.o
         0          0          0          0          0          0   iusesemig.o
        30          0          0          0          0         68   llshl.o
        36          0          0          0          0         68   llsshr.o
        32          0          0          0          0         68   llushr.o
        36          0          0          0          0         68   memcpya.o
        36          0          0          0          0        108   memseta.o
      2218         90          0          0          0        464   printfa.o
        40          8          0          0          0         84   scanf_char.o
        20          8          0          0          0         68   scanf_char_file.o
         0          0          0          0          0          0   semi.o
         0          0          0          4          0          0   stdin.o
         0          0          0          4          0          0   stdout.o
        44          0          0          0          0         80   uidiv.o
        98          0          0          0          0         92   uldiv.o
        48          0          0          0          0         68   cdrcmple.o
        56          0          0          0          0         88   d2f.o
       334          0          0          0          0        148   dadd.o
       222          0          0          0          0        100   ddiv.o
       186          0          0          0          0        176   depilogue.o
        48          0          0          0          0         68   dfixul.o
       228          0          0          0          0         96   dmul.o
        38          0          0          0          0         68   f2d.o
       110          0          0          0          0        168   fepilogue.o

    ----------------------------------------------------------------------
      5208        146         64         12          0       2788   Library Totals
         6          0          0          1          0          0   (incl. Padding)

    ----------------------------------------------------------------------

      Code (inc. data)   RO Data    RW Data    ZI Data      Debug   Library Name

      3932        146         64         11          0       1808   mc_w.l
      1270          0          0          0          0        980   mf_w.l

    ----------------------------------------------------------------------
      5208        146         64         12          0       2788   Library Totals

    ----------------------------------------------------------------------

==============================================================================


      Code (inc. data)   RO Data    RW Data    ZI Data      Debug   

     30924       3500       1804       1408       7224     427119   Grand Totals
     30924       3500       1804        464       7224     427119   ELF Image Totals (compressed)
     30924       3500       1804        464          0          0   ROM Totals

==============================================================================

    Total RO  Size (Code + RO Data)                32728 (  31.96kB)
    Total RW  Size (RW Data + ZI Data)              8632 (   8.43kB)
    Total ROM Size (Code + RO Data + RW Data)      33192 (  32.41kB)

==============================================================================

