Component: ARM Compiler 5.06 update 7 (build 960) Tool: armlink [4d3601]

==============================================================================

Section Cross References

    main.o(i.KeyValue_set_task) refers to sabre9018.o(i.sabre9018_volume_set) for sabre9018_volume_set
    main.o(i.KeyValue_set_task) refers to printf8.o(i.__0printf$8) for __2printf
    main.o(i.KeyValue_set_task) refers to pannel.o(i.set_bright) for set_bright
    main.o(i.KeyValue_set_task) refers to tasks.o(i.vTaskDelay) for vTaskDelay
    main.o(i.KeyValue_set_task) refers to main.o(.data) for earphone_volume
    main.o(i.Log_print_task) refers to dev_key_led.o(i.Key_GPIO_Read) for Key_GPIO_Read
    main.o(i.Log_print_task) refers to tasks.o(i.vTaskDelay) for vTaskDelay
    main.o(i.Log_print_task) refers to pannel.o(i.GPIO_2d3d_SW_set) for GPIO_2d3d_SW_set
    main.o(i.Log_print_task) refers to main.o(.data) for earphone_volume
    main.o(i.Lt7911Upgrade_task) refers to cdc_acm_core.o(i.cdc_acm_check_ready) for cdc_acm_check_ready
    main.o(i.Lt7911Upgrade_task) refers to cdc_acm_core.o(i.cdc_acm_data_receive) for cdc_acm_data_receive
    main.o(i.Lt7911Upgrade_task) refers to cdc_acm_core.o(i.cdc_acm_data_send) for cdc_acm_data_send
    main.o(i.Lt7911Upgrade_task) refers to tasks.o(i.vTaskDelay) for vTaskDelay
    main.o(i.Lt7911Upgrade_task) refers to main.o(.bss) for usbd_cdc
    main.o(i.USART_cmd_task) refers to _scanf_str.o(.text) for _scanf_string
    main.o(i.USART_cmd_task) refers to printf8.o(i.__0printf$8) for __2printf
    main.o(i.USART_cmd_task) refers to __0scanf.o(.text) for __0scanf
    main.o(i.USART_cmd_task) refers to sabre9018.o(i.sabre9018_print) for sabre9018_print
    main.o(i.USART_cmd_task) refers to tasks.o(i.vTaskDelay) for vTaskDelay
    main.o(i.USART_cmd_task) refers to main.o(.data) for earphone_volume
    main.o(i.fgetc) refers to gd32f30x_usart.o(i.usart_flag_get) for usart_flag_get
    main.o(i.fgetc) refers to gd32f30x_usart.o(i.usart_data_receive) for usart_data_receive
    main.o(i.fputc) refers to gd32f30x_usart.o(i.usart_data_transmit) for usart_data_transmit
    main.o(i.fputc) refers to gd32f30x_usart.o(i.usart_flag_get) for usart_flag_get
    main.o(i.icm42688_data_task) refers to icm42688.o(i.icm42688_get_acc) for icm42688_get_acc
    main.o(i.icm42688_data_task) refers to icm42688.o(i.icm42688_get_gyro) for icm42688_get_gyro
    main.o(i.icm42688_data_task) refers to icm42688.o(i.icm42688_get_temp) for icm42688_get_temp
    main.o(i.icm42688_data_task) refers to f2d.o(.text) for __aeabi_f2d
    main.o(i.icm42688_data_task) refers to ddiv.o(.text) for __aeabi_ddiv
    main.o(i.icm42688_data_task) refers to dadd.o(.text) for __aeabi_dadd
    main.o(i.icm42688_data_task) refers to tasks.o(i.vTaskDelay) for vTaskDelay
    main.o(i.main) refers to main.o(i.system_init) for system_init
    main.o(i.main) refers to queue.o(i.xQueueGenericCreate) for xQueueGenericCreate
    main.o(i.main) refers to tasks.o(i.xTaskCreate) for xTaskCreate
    main.o(i.main) refers to tasks.o(i.vTaskStartScheduler) for vTaskStartScheduler
    main.o(i.main) refers to main.o(.data) for xBinarySemaphore
    main.o(i.main) refers to main.o(i.KeyValue_set_task) for KeyValue_set_task
    main.o(i.main) refers to main.o(i.Log_print_task) for Log_print_task
    main.o(i.main) refers to main.o(i.USART_cmd_task) for USART_cmd_task
    main.o(i.system_init) refers to gd32f307c_eval.o(i.gd_eval_com_init) for gd_eval_com_init
    main.o(i.system_init) refers to gd32f30x_rcu.o(i.rcu_clock_freq_get) for rcu_clock_freq_get
    main.o(i.system_init) refers to printf8.o(i.__0printf$8) for __2printf
    main.o(i.system_init) refers to dev_iic.o(i.GPIO_INIT) for GPIO_INIT
    main.o(i.system_init) refers to dev_iic.o(i.I2C_Init) for I2C_Init
    main.o(i.system_init) refers to tca9548.o(i.tca9548_i2c_init) for tca9548_i2c_init
    main.o(i.system_init) refers to tca6408.o(i.tca6408_i2c_init) for tca6408_i2c_init
    main.o(i.system_init) refers to tca9548.o(i.tca9548_i2c_set) for tca9548_i2c_set
    main.o(i.system_init) refers to pca9544.o(i.pca9544_i2c_init) for pca9544_i2c_init
    main.o(i.system_init) refers to pannel.o(i.pannel_init) for pannel_init
    main.o(i.system_init) refers to dev_key_led.o(i.Key_Init) for Key_Init
    main.o(i.system_init) refers to sabre9018.o(i.sabre9018_init) for sabre9018_init
    eeprom.o(i.eeprom_init) refers to tca9548.o(i.tca9548_i2c_set) for tca9548_i2c_set
    eeprom.o(i.eeprom_init) refers to dev_iic.o(i.DEV_I2C_Read) for DEV_I2C_Read
    eeprom.o(i.eeprom_read) refers to tca9548.o(i.tca9548_i2c_set) for tca9548_i2c_set
    eeprom.o(i.eeprom_read) refers to dev_iic.o(i.DEV_I2C_Read) for DEV_I2C_Read
    eeprom.o(i.eeprom_read) refers to printf8.o(i.__0printf$8) for __2printf
    eeprom.o(i.eeprom_write) refers to tca9548.o(i.tca9548_i2c_set) for tca9548_i2c_set
    eeprom.o(i.eeprom_write) refers to dev_iic.o(i.DEV_I2C_Write) for DEV_I2C_Write
[...]
    prvInsertBlockIntoFreeList               0x08003035   Thumb Code    96  heap_4.o(i.prvInsertBlockIntoFreeList)
    i.prvInsertTimerInActiveList             0x0800309c   Section        0  timers.o(i.prvInsertTimerInActiveList)
    prvInsertTimerInActiveList               0x0800309d   Thumb Code    80  timers.o(i.prvInsertTimerInActiveList)
    i.prvIsQueueEmpty                        0x080030f4   Section        0  queue.o(i.prvIsQueueEmpty)
    prvIsQueueEmpty                          0x080030f5   Thumb Code    26  queue.o(i.prvIsQueueEmpty)
    i.prvNotifyQueueSetContainer             0x0800310e   Section        0  queue.o(i.prvNotifyQueueSetContainer)
    prvNotifyQueueSetContainer               0x0800310f   Thumb Code    90  queue.o(i.prvNotifyQueueSetContainer)
    i.prvProcessExpiredTimer                 0x08003168   Section        0  timers.o(i.prvProcessExpiredTimer)
    prvProcessExpiredTimer                   0x08003169   Thumb Code    62  timers.o(i.prvProcessExpiredTimer)
    i.prvProcessReceivedCommands             0x080031ac   Section        0  timers.o(i.prvProcessReceivedCommands)
    prvProcessReceivedCommands               0x080031ad   Thumb Code   278  timers.o(i.prvProcessReceivedCommands)
    i.prvProcessTimerOrBlockTask             0x080032c8   Section        0  timers.o(i.prvProcessTimerOrBlockTask)
    prvProcessTimerOrBlockTask               0x080032c9   Thumb Code   102  timers.o(i.prvProcessTimerOrBlockTask)
    i.prvReloadTimer                         0x0800333c   Section        0  timers.o(i.prvReloadTimer)
    prvReloadTimer                           0x0800333d   Thumb Code    40  timers.o(i.prvReloadTimer)
    i.prvResetNextTaskUnblockTime            0x08003364   Section        0  tasks.o(i.prvResetNextTaskUnblockTime)
    prvResetNextTaskUnblockTime              0x08003365   Thumb Code    40  tasks.o(i.prvResetNextTaskUnblockTime)
    i.prvSampleTimeNow                       0x08003394   Section        0  timers.o(i.prvSampleTimeNow)
    prvSampleTimeNow                         0x08003395   Thumb Code    40  timers.o(i.prvSampleTimeNow)
    i.prvSwitchTimerLists                    0x080033c0   Section        0  timers.o(i.prvSwitchTimerLists)
    prvSwitchTimerLists                      0x080033c1   Thumb Code    58  timers.o(i.prvSwitchTimerLists)
    i.prvTaskExitError                       0x08003404   Section        0  port.o(i.prvTaskExitError)
    prvTaskExitError                         0x08003405   Thumb Code    22  port.o(i.prvTaskExitError)
    i.prvTimerTask                           0x0800341a   Section        0  timers.o(i.prvTimerTask)
    prvTimerTask                             0x0800341b   Thumb Code    26  timers.o(i.prvTimerTask)
    i.prvUnlockQueue                         0x08003434   Section        0  queue.o(i.prvUnlockQueue)
    prvUnlockQueue                           0x08003435   Thumb Code   144  queue.o(i.prvUnlockQueue)
    i.pvPortMalloc                           0x080034c4   Section        0  heap_4.o(i.pvPortMalloc)
    i.pxPortInitialiseStack                  0x080035c4   Section        0  port.o(i.pxPortInitialiseStack)
    i.rcu_clock_freq_get                     0x080035f0   Section        0  gd32f30x_rcu.o(i.rcu_clock_freq_get)
    i.rcu_periph_clock_enable                0x08003748   Section        0  gd32f30x_rcu.o(i.rcu_periph_clock_enable)
    i.rcu_periph_reset_disable               0x08003768   Section        0  gd32f30x_rcu.o(i.rcu_periph_reset_disable)
    i.rcu_periph_reset_enable                0x08003788   Section        0  gd32f30x_rcu.o(i.rcu_periph_reset_enable)
    i.sabre9018_init                         0x080037a8   Section        0  sabre9018.o(i.sabre9018_init)
    i.sabre9018_print                        0x08003b9c   Section        0  sabre9018.o(i.sabre9018_print)
    i.sabre9018_volume_set                   0x08003bec   Section        0  sabre9018.o(i.sabre9018_volume_set)
    i.select_pannel                          0x08003c8c   Section        0  pannel.o(i.select_pannel)
    i.set_bright                             0x08003cf4   Section        0  pannel.o(i.set_bright)
    i.system_clock_120m_irc8m                0x08003dd8   Section        0  system_gd32f30x.o(i.system_clock_120m_irc8m)
    system_clock_120m_irc8m                  0x08003dd9   Thumb Code   238  system_gd32f30x.o(i.system_clock_120m_irc8m)
    i.system_clock_config                    0x08003ed8   Section        0  system_gd32f30x.o(i.system_clock_config)
    system_clock_config                      0x08003ed9   Thumb Code     8  system_gd32f30x.o(i.system_clock_config)
    i.system_init                            0x08003ee0   Section        0  main.o(i.system_init)
    i.tca6408_i2c_init                       0x08003f94   Section        0  tca6408.o(i.tca6408_i2c_init)
    i.tca6408_read                           0x08004114   Section        0  tca6408.o(i.tca6408_read)
    i.tca6408_write                          0x0800417c   Section        0  tca6408.o(i.tca6408_write)
    i.tca9548_i2c_init                       0x08004290   Section        0  tca9548.o(i.tca9548_i2c_init)
    i.tca9548_i2c_set                        0x080042fc   Section        0  tca9548.o(i.tca9548_i2c_set)
    i.usart_baudrate_set                     0x080043d8   Section        0  gd32f30x_usart.o(i.usart_baudrate_set)
    i.usart_data_receive                     0x08004468   Section        0  gd32f30x_usart.o(i.usart_data_receive)
    i.usart_data_transmit                    0x08004472   Section        0  gd32f30x_usart.o(i.usart_data_transmit)
    i.usart_deinit                           0x0800447c   Section        0  gd32f30x_usart.o(i.usart_deinit)
    i.usart_enable                           0x0800450c   Section        0  gd32f30x_usart.o(i.usart_enable)
    i.usart_flag_get                         0x08004516   Section        0  gd32f30x_usart.o(i.usart_flag_get)
    i.usart_receive_config                   0x08004534   Section        0  gd32f30x_usart.o(i.usart_receive_config)
    i.usart_transmit_config                  0x08004548   Section        0  gd32f30x_usart.o(i.usart_transmit_config)
    i.usb_transc_config                      0x0800455c   Section        0  usbd_core.o(i.usb_transc_config)
    usb_transc_config                        0x0800455d   Thumb Code     8  usbd_core.o(i.usb_transc_config)
    i.usbd_address_set                       0x08004564   Section        0  usbd_lld_core.o(i.usbd_address_set)
    usbd_address_set                         0x08004565   Thumb Code    12  usbd_lld_core.o(i.usbd_address_set)
    i.usbd_core_reset                        0x08004574   Section        0  usbd_lld_core.o(i.usbd_core_reset)
    usbd_core_reset                          0x08004575   Thumb Code    34  usbd_lld_core.o(i.usbd_core_reset)
    i.usbd_core_stop                         0x0800459c   Section        0  usbd_lld_core.o(i.usbd_core_stop)
    usbd_core_stop                           0x0800459d   Thumb Code    20  usbd_lld_core.o(i.usbd_core_stop)
    i.usbd_dp_pullup                         0x080045b4   Section        0  usbd_lld_core.o(i.usbd_dp_pullup)
    usbd_dp_pullup                           0x080045b5   Thumb Code    48  usbd_lld_core.o(i.usbd_dp_pullup)
    i.usbd_ep_data_read                      0x080045e8   Section        0  usbd_lld_core.o(i.usbd_ep_data_read)
    usbd_ep_data_read                        0x080045e9   Thumb Code   148  usbd_lld_core.o(i.usbd_ep_data_read)
    i.usbd_ep_data_write                     0x08004688   Section        0  usbd_lld_core.o(i.usbd_ep_data_write)
    usbd_ep_data_write                       0x08004689   Thumb Code    84  usbd_lld_core.o(i.usbd_ep_data_write)
    i.usbd_ep_disable                        0x080046e8   Section        0  usbd_lld_core.o(i.usbd_ep_disable)
    usbd_ep_disable                          0x080046e9   Thumb Code   178  usbd_lld_core.o(i.usbd_ep_disable)
    i.usbd_ep_reset                          0x080047a0   Section        0  usbd_lld_core.o(i.usbd_ep_reset)
    usbd_ep_reset                            0x080047a1   Thumb Code   142  usbd_lld_core.o(i.usbd_ep_reset)
    i.usbd_ep_rx_enable                      0x0800483c   Section        0  usbd_lld_core.o(i.usbd_ep_rx_enable)
    usbd_ep_rx_enable                        0x0800483d   Thumb Code    42  usbd_lld_core.o(i.usbd_ep_rx_enable)
    i.usbd_ep_send                           0x0800486c   Section        0  usbd_core.o(i.usbd_ep_send)
    i.usbd_ep_setup                          0x080048bc   Section        0  usbd_lld_core.o(i.usbd_ep_setup)
    usbd_ep_setup                            0x080048bd   Thumb Code   620  usbd_lld_core.o(i.usbd_ep_setup)
    i.usbd_ep_stall_clear                    0x08004b34   Section        0  usbd_lld_core.o(i.usbd_ep_stall_clear)
    usbd_ep_stall_clear                      0x08004b35   Thumb Code   248  usbd_lld_core.o(i.usbd_ep_stall_clear)
    i.usbd_ep_stall_set                      0x08004c30   Section        0  usbd_lld_core.o(i.usbd_ep_stall_set)
    usbd_ep_stall_set                        0x08004c31   Thumb Code   160  usbd_lld_core.o(i.usbd_ep_stall_set)
    i.usbd_ep_status                         0x08004cd8   Section        0  usbd_lld_core.o(i.usbd_ep_status)
    usbd_ep_status                           0x08004cd9   Thumb Code    32  usbd_lld_core.o(i.usbd_ep_status)
    i.usbd_ep_status_get                     0x08004cfc   Section        0  usbd_lld_core.o(i.usbd_ep_status_get)
    usbd_ep_status_get                       0x08004cfd   Thumb Code    20  usbd_lld_core.o(i.usbd_ep_status_get)
    i.usbd_int_suspend                       0x08004d10   Section        0  usbd_lld_int.o(i.usbd_int_suspend)
    usbd_int_suspend                         0x08004d11   Thumb Code    36  usbd_lld_int.o(i.usbd_int_suspend)
    i.usbd_isr                               0x08004d34   Section        0  usbd_lld_int.o(i.usbd_isr)
    i.usbd_leave_suspend                     0x08004fc0   Section        0  usbd_lld_core.o(i.usbd_leave_suspend)
    usbd_leave_suspend                       0x08004fc1   Thumb Code    24  usbd_lld_core.o(i.usbd_leave_suspend)
    i.usbd_resume                            0x08004fdc   Section        0  usbd_lld_core.o(i.usbd_resume)
    usbd_resume                              0x08004fdd   Thumb Code    24  usbd_lld_core.o(i.usbd_resume)
    i.usbd_suspend                           0x08004ffc   Section        0  usbd_lld_core.o(i.usbd_suspend)
    usbd_suspend                             0x08004ffd   Thumb Code    14  usbd_lld_core.o(i.usbd_suspend)
    i.uxListRemove                           0x08005010   Section        0  list.o(i.uxListRemove)
    i.uxTaskGetNumberOfTasks                 0x08005038   Section        0  tasks.o(i.uxTaskGetNumberOfTasks)
    i.vApplicationGetIdleTaskMemory          0x08005044   Section        0  tasks.o(i.vApplicationGetIdleTaskMemory)
    i.vApplicationGetTimerTaskMemory         0x0800505c   Section        0  tasks.o(i.vApplicationGetTimerTaskMemory)
    i.vListInitialise                        0x08005074   Section        0  list.o(i.vListInitialise)
    i.vListInitialiseItem                    0x08005094   Section        0  list.o(i.vListInitialiseItem)
    i.vListInsert                            0x0800509a   Section        0  list.o(i.vListInsert)
    i.vPortEnterCritical                     0x080050d0   Section        0  port.o(i.vPortEnterCritical)
    i.vPortExitCritical                      0x080050f4   Section        0  port.o(i.vPortExitCritical)
    i.vPortFree                              0x08005114   Section        0  heap_4.o(i.vPortFree)
    i.vPortSetupTimerInterrupt               0x08005160   Section        0  port.o(i.vPortSetupTimerInterrupt)
    i.vPortSuppressTicksAndSleep             0x080051a4   Section        0  port.o(i.vPortSuppressTicksAndSleep)
    i.vQueueWaitForMessageRestricted         0x080052e8   Section        0  queue.o(i.vQueueWaitForMessageRestricted)
    i.vTaskDelay                             0x08005334   Section        0  tasks.o(i.vTaskDelay)
    i.vTaskInternalSetTimeOutState           0x08005368   Section        0  tasks.o(i.vTaskInternalSetTimeOutState)
    i.vTaskMissedYield                       0x08005380   Section        0  tasks.o(i.vTaskMissedYield)
    i.vTaskPlaceOnEventList                  0x0800538c   Section        0  tasks.o(i.vTaskPlaceOnEventList)
    i.vTaskPlaceOnEventListRestricted        0x080053ac   Section        0  tasks.o(i.vTaskPlaceOnEventListRestricted)
    i.vTaskStartScheduler                    0x080053fc   Section        0  tasks.o(i.vTaskStartScheduler)
    i.vTaskStepTick                          0x08005454   Section        0  tasks.o(i.vTaskStepTick)
    i.vTaskSuspendAll                        0x08005494   Section        0  tasks.o(i.vTaskSuspendAll)
    i.vTaskSwitchContext                     0x080054a4   Section        0  tasks.o(i.vTaskSwitchContext)
    i.xPortStartScheduler                    0x08005524   Section        0  port.o(i.xPortStartScheduler)
    i.xQueueGenericCreate                    0x0800556c   Section        0  queue.o(i.xQueueGenericCreate)
    i.xQueueGenericCreateStatic              0x080055be   Section        0  queue.o(i.xQueueGenericCreateStatic)
    i.xQueueGenericReset                     0x080055fc   Section        0  queue.o(i.xQueueGenericReset)
    i.xQueueReceive                          0x0800569c   Section        0  queue.o(i.xQueueReceive)
    i.xTaskCheckForTimeOut                   0x080057a0   Section        0  tasks.o(i.xTaskCheckForTimeOut)
    i.xTaskCreate                            0x0800581c   Section        0  tasks.o(i.xTaskCreate)
    i.xTaskCreateStatic                      0x08005854   Section        0  tasks.o(i.xTaskCreateStatic)
    i.xTaskGetTickCount                      0x08005894   Section        0  tasks.o(i.xTaskGetTickCount)
    i.xTaskIncrementTick                     0x080058a0   Section        0  tasks.o(i.xTaskIncrementTick)
    i.xTaskPriorityDisinherit                0x08005a44   Section        0  tasks.o(i.xTaskPriorityDisinherit)
    i.xTaskRemoveFromEventList               0x08005ae4   Section        0  tasks.o(i.xTaskRemoveFromEventList)
    i.xTaskResumeAll                         0x08005c04   Section        0  tasks.o(i.xTaskResumeAll)
    i.xTimerCreateTimerTask                  0x08005d84   Section        0  timers.o(i.xTimerCreateTimerTask)
    .constdata                               0x08005de4   Section       31  sabre9018.o(.constdata)
    __FUNCTION__                             0x08005de4   Data          16  sabre9018.o(.constdata)
    __FUNCTION__                             0x08005df4   Data          15  sabre9018.o(.constdata)
    .constdata                               0x08005e03   Section       33  pca9544.o(.constdata)
    __FUNCTION__                             0x08005e03   Data          16  pca9544.o(.constdata)
    __FUNCTION__                             0x08005e13   Data          17  pca9544.o(.constdata)
    .constdata                               0x08005e24   Section       31  tca6408.o(.constdata)
    __FUNCTION__                             0x08005e24   Data          17  tca6408.o(.constdata)
    __FUNCTION__                             0x08005e35   Data          14  tca6408.o(.constdata)
    .constdata                               0x08005e43   Section       33  tca9548.o(.constdata)
    __FUNCTION__                             0x08005e43   Data          16  tca9548.o(.constdata)
    __FUNCTION__                             0x08005e53   Data          17  tca9548.o(.constdata)
    .constdata                               0x08005e64   Section       27  dev_iic.o(.constdata)
    __FUNCTION__                             0x08005e64   Data          13  dev_iic.o(.constdata)
    __FUNCTION__                             0x08005e71   Data          14  dev_iic.o(.constdata)
    .constdata                               0x08005e80   Section       16  usbd_lld_core.o(.constdata)
    ep_type                                  0x08005e80   Data          16  usbd_lld_core.o(.constdata)
    .constdata                               0x08005e90   Section       64  ctype_c.o(.constdata)
    .conststring                             0x08005ed0   Section      532  tca6408.o(.conststring)
    .conststring                             0x080060e4   Section      822  dev_iic.o(.conststring)
    .data                                    0x20000000   Section      244  main.o(.data)
    sabre9018_init_reg                       0x20000000   Data          64  main.o(.data)
    earphone_volume                          0x20000040   Data           4  main.o(.data)
    earphone_volume_reg                      0x20000044   Data           4  main.o(.data)
    oled_bright                              0x20000048   Data           4  main.o(.data)
    oled_bright_reg                          0x2000004c   Data           4  main.o(.data)
    icm42688_init_cmd                        0x20000050   Data         128  main.o(.data)
    .data                                    0x200000f4   Section       10  pannel.o(.data)
    .data                                    0x200000fe   Section       64  sabre9018.o(.data)
    sabre9018_init_reg                       0x200000fe   Data          64  sabre9018.o(.data)
    .data                                    0x20000140   Section        4  system_gd32f30x.o(.data)
    .data                                    0x20000144   Section      125  gd32f307c_eval.o(.data)
    GPIO_PORT                                0x20000144   Data          16  gd32f307c_eval.o(.data)
    GPIO_PIN                                 0x20000154   Data          16  gd32f307c_eval.o(.data)
    COM_CLK                                  0x20000164   Data           4  gd32f307c_eval.o(.data)
    COM_TX_PIN                               0x20000168   Data           8  gd32f307c_eval.o(.data)
    COM_RX_PIN                               0x20000170   Data           8  gd32f307c_eval.o(.data)
    COM_GPIO_PORT                            0x20000178   Data           8  gd32f307c_eval.o(.data)
    COM_GPIO_CLK                             0x20000180   Data           4  gd32f307c_eval.o(.data)
    GPIO_CLK                                 0x20000184   Data           8  gd32f307c_eval.o(.data)
    KEY_PORT                                 0x2000018c   Data          12  gd32f307c_eval.o(.data)
    KEY_PIN                                  0x20000198   Data          12  gd32f307c_eval.o(.data)
    KEY_CLK                                  0x200001a4   Data           6  gd32f307c_eval.o(.data)
    KEY_EXTI_LINE                            0x200001ac   Data          12  gd32f307c_eval.o(.data)
    KEY_PORT_SOURCE                          0x200001b8   Data           3  gd32f307c_eval.o(.data)
    KEY_PIN_SOURCE                           0x200001bb   Data           3  gd32f307c_eval.o(.data)
    KEY_IRQn                                 0x200001be   Data           3  gd32f307c_eval.o(.data)
    .data                                    0x200001c4   Section       64  tasks.o(.data)
    pxDelayedTaskList                        0x200001c8   Data           4  tasks.o(.data)
    pxOverflowDelayedTaskList                0x200001cc   Data           4  tasks.o(.data)
    uxDeletedTasksWaitingCleanUp             0x200001d0   Data           4  tasks.o(.data)
    uxCurrentNumberOfTasks                   0x200001d4   Data           4  tasks.o(.data)
    xTickCount                               0x200001d8   Data           4  tasks.o(.data)
    uxTopReadyPriority                       0x200001dc   Data           4  tasks.o(.data)
    xSchedulerRunning                        0x200001e0   Data           4  tasks.o(.data)
    xPendedTicks                             0x200001e4   Data           4  tasks.o(.data)
    xYieldPendings                           0x200001e8   Data           4  tasks.o(.data)
    xNumOfOverflows                          0x200001ec   Data           4  tasks.o(.data)
    uxTaskNumber                             0x200001f0   Data           4  tasks.o(.data)
    xNextTaskUnblockTime                     0x200001f4   Data           4  tasks.o(.data)
    xIdleTaskHandles                         0x200001f8   Data           4  tasks.o(.data)
    uxTopUsedPriority                        0x200001fc   Data           4  tasks.o(.data)
    uxSchedulerSuspended                     0x20000200   Data           4  tasks.o(.data)
    .data                                    0x20000204   Section       20  timers.o(.data)
    pxCurrentTimerList                       0x20000204   Data           4  timers.o(.data)
    pxOverflowTimerList                      0x20000208   Data           4  timers.o(.data)
    xTimerQueue                              0x2000020c   Data           4  timers.o(.data)
    xTimerTaskHandle                         0x20000210   Data           4  timers.o(.data)
    xLastTime                                0x20000214   Data           4  timers.o(.data)
    .data                                    0x20000218   Section       16  port.o(.data)
    uxCriticalNesting                        0x20000218   Data           4  port.o(.data)
    ulTimerCountsForOneTick                  0x2000021c   Data           4  port.o(.data)
    xMaximumPossibleSuppressedTicks          0x20000220   Data           4  port.o(.data)
    ulStoppedTimerCompensation               0x20000224   Data           4  port.o(.data)
    .data                                    0x20000228   Section       28  heap_4.o(.data)
    xStart                                   0x20000228   Data           8  heap_4.o(.data)
    pxEnd                                    0x20000230   Data           4  heap_4.o(.data)
    xFreeBytesRemaining                      0x20000234   Data           4  heap_4.o(.data)
    xMinimumEverFreeBytesRemaining           0x20000238   Data           4  heap_4.o(.data)
    xNumberOfSuccessfulAllocations           0x2000023c   Data           4  heap_4.o(.data)
    xNumberOfSuccessfulFrees                 0x20000240   Data           4  heap_4.o(.data)
    .data                                    0x20000244   Section       72  usbd_lld_core.o(.data)
    .data                                    0x2000028c   Section        4  usbd_core.o(.data)
    .data                                    0x20000290   Section        4  stdin.o(.data)
    .data                                    0x20000294   Section        4  stdout.o(.data)
    .data                                    0x20000298   Section        3  fgetc_b.o(.data)
    ungetc_sp                                0x20000298   Data           1  fgetc_b.o(.data)
    ungetc_stack                             0x20000299   Data           2  fgetc_b.o(.data)
    .bss                                     0x2000029c   Section     1456  tasks.o(.bss)
    pxReadyTasksLists                        0x2000029c   Data         140  tasks.o(.bss)
    xDelayedTaskList1                        0x20000328   Data          28  tasks.o(.bss)
    xDelayedTaskList2                        0x20000344   Data          28  tasks.o(.bss)
    xPendingReadyList                        0x20000360   Data          28  tasks.o(.bss)
    xTasksWaitingTermination                 0x2000037c   Data          28  tasks.o(.bss)
    xSuspendedTaskList                       0x20000398   Data          28  tasks.o(.bss)
    xIdleTaskTCB                             0x200003b4   Data          76  tasks.o(.bss)
    uxIdleTaskStack                          0x20000400   Data         512  tasks.o(.bss)
    xTimerTaskTCB                            0x20000600   Data          76  tasks.o(.bss)
    uxTimerTaskStack                         0x2000064c   Data         512  tasks.o(.bss)
    .bss                                     0x2000084c   Section      308  timers.o(.bss)
    xActiveTimerList1                        0x2000084c   Data          28  timers.o(.bss)
    xActiveTimerList2                        0x20000868   Data          28  timers.o(.bss)
    xStaticTimerQueue                        0x20000884   Data          92  timers.o(.bss)
    ucStaticTimerQueueStorage                0x200008e0   Data         160  timers.o(.bss)
    .bss                                     0x20000980   Section     4096  heap_4.o(.bss)
    STACK                                    0x20001980   Section     1024  startup_gd32f30x_hd.o(STACK)
    .ARM.__AT_0x40006000                     0x40006000   Section       64  usbd_lld_core.o(.ARM.__AT_0x40006000)
    btable_ep                                0x40006000   Data          64  usbd_lld_core.o(.ARM.__AT_0x40006000)

    Global Symbols

    Symbol Name                              Value     Ov Type        Size  Object(Section)

    BuildAttributes$$THM_ISAv4$E$P$D$K$B$S$7EM$VFPi3$EXTD16$VFPS$VFMA$PE$A:L22UL41UL21$X:L11$S22US41US21$IEEE1$IW$USESV6$~STKCKD$USESV7$~SHL$OSPACE$ROPI$EBA8$MICROLIB$REQ8$PRES8$EABIv2 0x00000000   Number         0  anon$$obj.o ABSOLUTE
    __ARM_use_no_argv                        0x00000000   Number         0  main.o ABSOLUTE
    _printf_a                                0x00000000   Number         0  stubs.o ABSOLUTE
    _printf_c                                0x00000000   Number         0  stubs.o ABSOLUTE
    _printf_charcount                        0x00000000   Number         0  stubs.o ABSOLUTE
    _printf_d                                0x00000000   Number         0  stubs.o ABSOLUTE
    _printf_e                                0x00000000   Number         0  stubs.o ABSOLUTE
    _printf_f                                0x00000000   Number         0  stubs.o ABSOLUTE
    _printf_flags                            0x00000000   Number         0  stubs.o ABSOLUTE
    _printf_fp_dec                           0x00000000   Number         0  stubs.o ABSOLUTE
    _printf_fp_hex                           0x00000000   Number         0  stubs.o ABSOLUTE
    _printf_g                                0x00000000   Number         0  stubs.o ABSOLUTE
    _printf_i                                0x00000000   Number         0  stubs.o ABSOLUTE
    _printf_int_dec                          0x00000000   Number         0  stubs.o ABSOLUTE
    _printf_l                                0x00000000   Number         0  stubs.o ABSOLUTE
    _printf_lc                               0x00000000   Number         0  stubs.o ABSOLUTE
    _printf_ll                               0x00000000   Number         0  stubs.o ABSOLUTE
    _printf_lld                              0x00000000   Number         0  stubs.o ABSOLUTE
    _printf_lli                              0x00000000   Number         0  stubs.o ABSOLUTE
    _printf_llo                              0x00000000   Number         0  stubs.o ABSOLUTE
    _printf_llu                              0x00000000   Number         0  stubs.o ABSOLUTE
    _printf_llx                              0x00000000   Number         0  stubs.o ABSOLUTE
    _printf_longlong_dec                     0x00000000   Number         0  stubs.o ABSOLUTE
    _printf_longlong_hex                     0x00000000   Number         0  stubs.o ABSOLUTE
    _printf_longlong_oct                     0x00000000   Number         0  stubs.o ABSOLUTE
    _printf_ls                               0x00000000   Number         0  stubs.o ABSOLUTE
    _printf_mbtowc                           0x00000000   Number         0  stubs.o ABSOLUTE
    _printf_n                                0x00000000   Number         0  stubs.o ABSOLUTE
    _printf_o                                0x00000000   Number         0  stubs.o ABSOLUTE
    _printf_p                                0x00000000   Number         0  stubs.o ABSOLUTE
    _printf_percent                          0x00000000   Number         0  stubs.o ABSOLUTE
    _printf_pre_padding                      0x00000000   Number         0  stubs.o ABSOLUTE
    _printf_return_value                     0x00000000   Number         0  stubs.o ABSOLUTE
    _printf_s                                0x00000000   Number         0  stubs.o ABSOLUTE
    _printf_sizespec                         0x00000000   Number         0  stubs.o ABSOLUTE
    _printf_str                              0x00000000   Number         0  stubs.o ABSOLUTE
    _printf_truncate_signed                  0x00000000   Number         0  stubs.o ABSOLUTE
    _printf_truncate_unsigned                0x00000000   Number         0  stubs.o ABSOLUTE
    _printf_u                                0x00000000   Number         0  stubs.o ABSOLUTE
    _printf_wc                               0x00000000   Number         0  stubs.o ABSOLUTE
    _printf_wctomb                           0x00000000   Number         0  stubs.o ABSOLUTE
    _printf_widthprec                        0x00000000   Number         0  stubs.o ABSOLUTE
    _printf_x                                0x00000000   Number         0  stubs.o ABSOLUTE
    __arm_fini_                               - Undefined Weak Reference
    __cpp_initialize__aeabi_                  - Undefined Weak Reference
    __cxa_finalize                            - Undefined Weak Reference
    _clock_init                               - Undefined Weak Reference
    _microlib_exit                            - Undefined Weak Reference
    _scanf_int                                - Undefined Weak Reference
    _scanf_longlong                           - Undefined Weak Reference
    _scanf_real                               - Undefined Weak Reference
    __Vectors_Size                           0x00000130   Number         0  startup_gd32f30x_hd.o ABSOLUTE
    __Vectors                                0x08000000   Data           4  startup_gd32f30x_hd.o(RESET)
    __Vectors_End                            0x08000130   Data           0  startup_gd32f30x_hd.o(RESET)
    __main                                   0x08000131   Thumb Code     0  entry.o(.ARM.Collect$$$$00000000)
    _main_stk                                0x08000131   Thumb Code     0  entry2.o(.ARM.Collect$$$$00000001)
    _main_scatterload                        0x08000135   Thumb Code     0  entry5.o(.ARM.Collect$$$$00000004)
    __main_after_scatterload                 0x08000139   Thumb Code     0  entry5.o(.ARM.Collect$$$$00000004)
    _main_clock                              0x08000139   Thumb Code     0  entry7b.o(.ARM.Collect$$$$00000008)
    _main_cpp_init                           0x08000139   Thumb Code     0  entry8b.o(.ARM.Collect$$$$0000000A)
    _main_init                               0x08000139   Thumb Code     0  entry9a.o(.ARM.Collect$$$$0000000B)
    __rt_lib_shutdown_fini                   0x08000141   Thumb Code     0  entry12b.o(.ARM.Collect$$$$0000000E)
    __rt_final_cpp                           0x08000145   Thumb Code     0  entry10a.o(.ARM.Collect$$$$0000000F)
    __rt_final_exit                          0x08000145   Thumb Code     0  entry11a.o(.ARM.Collect$$$$00000011)
    SVC_Handler                              0x08000149   Thumb Code    28  port.o(.emb_text)
    __asm___6_port_c_39a90d8d__prvStartFirstTask 0x08000169   Thumb Code    36  port.o(.emb_text)
    __asm___6_port_c_39a90d8d__prvEnableVFP  0x08000191   Thumb Code    16  port.o(.emb_text)
    PendSV_Handler                           0x080001a5   Thumb Code    88  port.o(.emb_text)
    vPortGetIPSR                             0x08000201   Thumb Code     6  port.o(.emb_text)
    Reset_Handler                            0x08000209   Thumb Code     8  startup_gd32f30x_hd.o(.text)
    ADC0_1_IRQHandler                        0x08000223   Thumb Code     0  startup_gd32f30x_hd.o(.text)
    ADC2_IRQHandler                          0x08000223   Thumb Code     0  startup_gd32f30x_hd.o(.text)
    CAN0_EWMC_IRQHandler                     0x08000223   Thumb Code     0  startup_gd32f30x_hd.o(.text)
    CAN0_RX1_IRQHandler                      0x08000223   Thumb Code     0  startup_gd32f30x_hd.o(.text)
    DMA0_Channel0_IRQHandler                 0x08000223   Thumb Code     0  startup_gd32f30x_hd.o(.text)
    DMA0_Channel1_IRQHandler                 0x08000223   Thumb Code     0  startup_gd32f30x_hd.o(.text)
    DMA0_Channel2_IRQHandler                 0x08000223   Thumb Code     0  startup_gd32f30x_hd.o(.text)
    DMA0_Channel3_IRQHandler                 0x08000223   Thumb Code     0  startup_gd32f30x_hd.o(.text)
    DMA0_Channel4_IRQHandler                 0x08000223   Thumb Code     0  startup_gd32f30x_hd.o(.text)
    DMA0_Channel5_IRQHandler                 0x08000223   Thumb Code     0  startup_gd32f30x_hd.o(.text)
    DMA0_Channel6_IRQHandler                 0x08000223   Thumb Code     0  startup_gd32f30x_hd.o(.text)
    DMA1_Channel0_IRQHandler                 0x08000223   Thumb Code     0  startup_gd32f30x_hd.o(.text)
    DMA1_Channel1_IRQHandler                 0x08000223   Thumb Code     0  startup_gd32f30x_hd.o(.text)
    DMA1_Channel2_IRQHandler                 0x08000223   Thumb Code     0  startup_gd32f30x_hd.o(.text)
    DMA1_Channel3_4_IRQHandler               0x08000223   Thumb Code     0  startup_gd32f30x_hd.o(.text)
    EXMC_IRQHandler                          0x08000223   Thumb Code     0  startup_gd32f30x_hd.o(.text)
    EXTI0_IRQHandler                         0x08000223   Thumb Code     0  startup_gd32f30x_hd.o(.text)
    EXTI10_15_IRQHandler                     0x08000223   Thumb Code     0  startup_gd32f30x_hd.o(.text)
    EXTI4_IRQHandler                         0x08000223   Thumb Code     0  startup_gd32f30x_hd.o(.text)
    EXTI5_9_IRQHandler                       0x08000223   Thumb Code     0  startup_gd32f30x_hd.o(.text)
    FMC_IRQHandler                           0x08000223   Thumb Code     0  startup_gd32f30x_hd.o(.text)
    I2C0_ER_IRQHandler                       0x08000223   Thumb Code     0  startup_gd32f30x_hd.o(.text)
    I2C0_EV_IRQHandler                       0x08000223   Thumb Code     0  startup_gd32f30x_hd.o(.text)
    I2C1_ER_IRQHandler                       0x08000223   Thumb Code     0  startup_gd32f30x_hd.o(.text)
    I2C1_EV_IRQHandler                       0x08000223   Thumb Code     0  startup_gd32f30x_hd.o(.text)
    LVD_IRQHandler                           0x08000223   Thumb Code     0  startup_gd32f30x_hd.o(.text)
    RCU_CTC_IRQHandler                       0x08000223   Thumb Code     0  startup_gd32f30x_hd.o(.text)
    RTC_Alarm_IRQHandler                     0x08000223   Thumb Code     0  startup_gd32f30x_hd.o(.text)
    RTC_IRQHandler                           0x08000223   Thumb Code     0  startup_gd32f30x_hd.o(.text)
    SDIO_IRQHandler                          0x08000223   Thumb Code     0  startup_gd32f30x_hd.o(.text)
    SPI0_IRQHandler                          0x08000223   Thumb Code     0  startup_gd32f30x_hd.o(.text)
    SPI1_IRQHandler                          0x08000223   Thumb Code     0  startup_gd32f30x_hd.o(.text)
    SPI2_IRQHandler                          0x08000223   Thumb Code     0  startup_gd32f30x_hd.o(.text)
    TAMPER_IRQHandler                        0x08000223   Thumb Code     0  startup_gd32f30x_hd.o(.text)
    TIMER0_BRK_IRQHandler                    0x08000223   Thumb Code     0  startup_gd32f30x_hd.o(.text)
    TIMER0_Channel_IRQHandler                0x08000223   Thumb Code     0  startup_gd32f30x_hd.o(.text)
    TIMER0_TRG_CMT_IRQHandler                0x08000223   Thumb Code     0  startup_gd32f30x_hd.o(.text)
    TIMER0_UP_IRQHandler                     0x08000223   Thumb Code     0  startup_gd32f30x_hd.o(.text)
    TIMER1_IRQHandler                        0x08000223   Thumb Code     0  startup_gd32f30x_hd.o(.text)
    TIMER2_IRQHandler                        0x08000223   Thumb Code     0  startup_gd32f30x_hd.o(.text)
    TIMER3_IRQHandler                        0x08000223   Thumb Code     0  startup_gd32f30x_hd.o(.text)
    TIMER4_IRQHandler                        0x08000223   Thumb Code     0  startup_gd32f30x_hd.o(.text)
    TIMER5_IRQHandler                        0x08000223   Thumb Code     0  startup_gd32f30x_hd.o(.text)
    TIMER6_IRQHandler                        0x08000223   Thumb Code     0  startup_gd32f30x_hd.o(.text)
    TIMER7_BRK_IRQHandler                    0x08000223   Thumb Code     0  startup_gd32f30x_hd.o(.text)
    TIMER7_Channel_IRQHandler                0x08000223   Thumb Code     0  startup_gd32f30x_hd.o(.text)
    TIMER7_TRG_CMT_IRQHandler                0x08000223   Thumb Code     0  startup_gd32f30x_hd.o(.text)
    TIMER7_UP_IRQHandler                     0x08000223   Thumb Code     0  startup_gd32f30x_hd.o(.text)
    UART3_IRQHandler                         0x08000223   Thumb Code     0  startup_gd32f30x_hd.o(.text)
    UART4_IRQHandler                         0x08000223   Thumb Code     0  startup_gd32f30x_hd.o(.text)
    USART0_IRQHandler                        0x08000223   Thumb Code     0  startup_gd32f30x_hd.o(.text)
    USART1_IRQHandler                        0x08000223   Thumb Code     0  startup_gd32f30x_hd.o(.text)
    USART2_IRQHandler                        0x08000223   Thumb Code     0  startup_gd32f30x_hd.o(.text)
    USBD_HP_CAN0_TX_IRQHandler               0x08000223   Thumb Code     0  startup_gd32f30x_hd.o(.text)
    USBD_WKUP_IRQHandler                     0x08000223   Thumb Code     0  startup_gd32f30x_hd.o(.text)
    WWDGT_IRQHandler                         0x08000223   Thumb Code     0  startup_gd32f30x_hd.o(.text)
    __aeabi_memcpy                           0x0800022d   Thumb Code    36  memcpya.o(.text)
    __aeabi_memcpy4                          0x0800022d   Thumb Code     0  memcpya.o(.text)
    __aeabi_memcpy8                          0x0800022d   Thumb Code     0  memcpya.o(.text)
    __aeabi_memset                           0x08000251   Thumb Code    14  memseta.o(.text)
    __aeabi_memset4                          0x08000251   Thumb Code     0  memseta.o(.text)
    __aeabi_memset8                          0x08000251   Thumb Code     0  memseta.o(.text)
    __aeabi_memclr                           0x0800025f   Thumb Code     4  memseta.o(.text)
    __aeabi_memclr4                          0x0800025f   Thumb Code     0  memseta.o(.text)
    __aeabi_memclr8                          0x0800025f   Thumb Code     0  memseta.o(.text)
    _memset$wrapper                          0x08000263   Thumb Code    18  memseta.o(.text)
    __0scanf                                 0x08000275   Thumb Code    26  __0scanf.o(.text)
    _scanf_string                            0x08000295   Thumb Code   224  _scanf_str.o(.text)
    __aeabi_uldivmod                         0x08000375   Thumb Code    98  uldiv.o(.text)
    __aeabi_llsl                             0x080003d7   Thumb Code    30  llshl.o(.text)
    _ll_shift_l                              0x080003d7   Thumb Code     0  llshl.o(.text)
    __vfscanf_char_file                      0x080003f5   Thumb Code    12  scanf_char_file.o(.text)
    __scatterload                            0x08000409   Thumb Code    28  init.o(.text)
    __scatterload_rt2                        0x08000409   Thumb Code     0  init.o(.text)
    _fgetc$bs                                0x0800042d   Thumb Code    28  fgetc_b.o(.text)
    __backspace                              0x08000449   Thumb Code    10  fgetc_b.o(.text)
    __aeabi_llsr                             0x08000459   Thumb Code    32  llushr.o(.text)
    _ll_ushift_r                             0x08000459   Thumb Code     0  llushr.o(.text)
    __vfscanf_char                           0x08000485   Thumb Code    20  scanf_char.o(.text)
    __semihosting_library_function           0x080004a1   Thumb Code     0  semi.o(.text)
    isspace                                  0x080004a1   Thumb Code    10  isspace_c.o(.text)
    __vfscanf                                0x080004ad   Thumb Code   810  _scanf.o(.text)
    __I$use$semihosting$fgetc                0x080007dd   Thumb Code     0  iusesemig.o(.text)
    __ctype_lookup                           0x080007dd   Thumb Code    34  ctype_c.o(.text)
    __decompress                             0x08000805   Thumb Code     0  __dczerorl2.o(.text)
    __decompress1                            0x08000805   Thumb Code    86  __dczerorl2.o(.text)
    BusFault_Handler                         0x0800085b   Thumb Code     4  gd32f30x_it.o(i.BusFault_Handler)
    CLK_PRIMARY_In                           0x08000861   Thumb Code    16  dev_iic.o(i.CLK_PRIMARY_In)
    CLK_SECONDARY_In                         0x08000875   Thumb Code    18  dev_iic.o(i.CLK_SECONDARY_In)
    DEV_I2C_Read                             0x0800088d   Thumb Code   380  dev_iic.o(i.DEV_I2C_Read)
    DEV_I2C_Write                            0x08000a59   Thumb Code   362  dev_iic.o(i.DEV_I2C_Write)
    DebugMon_Handler                         0x08000c15   Thumb Code     2  gd32f30x_it.o(i.DebugMon_Handler)
    EXTI1_IRQHandler                         0x08000c17   Thumb Code    18  dev_key_led.o(i.EXTI1_IRQHandler)
    EXTI2_IRQHandler                         0x08000c29   Thumb Code    18  dev_key_led.o(i.EXTI2_IRQHandler)
    EXTI3_IRQHandler                         0x08000c3b   Thumb Code    18  dev_key_led.o(i.EXTI3_IRQHandler)
    GPIO_2d3d_SW_set                         0x08000c4d   Thumb Code    68  pannel.o(i.GPIO_2d3d_SW_set)
    GPIO_INIT                                0x08000cb9   Thumb Code    36  dev_iic.o(i.GPIO_INIT)
    GPIO_rst_Init                            0x08000ce1   Thumb Code    14  pannel.o(i.GPIO_rst_Init)
    HardFault_Handler                        0x08000cef   Thumb Code     4  gd32f30x_it.o(i.HardFault_Handler)
    I2C_Init                                 0x08000cf3   Thumb Code    20  dev_iic.o(i.I2C_Init)
    I2C_PRIMARY_GPIO_IN                      0x08000d07   Thumb Code    12  dev_iic.o(i.I2C_PRIMARY_GPIO_IN)
    I2C_PRIMARY_GPIO_OUT                     0x08000d15   Thumb Code    60  dev_iic.o(i.I2C_PRIMARY_GPIO_OUT)
    I2C_Primary_ReadBytes                    0x08000d89   Thumb Code   118  dev_iic.o(i.I2C_Primary_ReadBytes)
    I2C_Primary_Transfer                     0x08000dff   Thumb Code   140  dev_iic.o(i.I2C_Primary_Transfer)
    I2C_Primary_WriteBytes                   0x08000e8b   Thumb Code   136  dev_iic.o(i.I2C_Primary_WriteBytes)
    I2C_SECONDARY_GPIO_IN                    0x08000f13   Thumb Code    12  dev_iic.o(i.I2C_SECONDARY_GPIO_IN)
    I2C_SECONDARY_GPIO_OUT                   0x08000f21   Thumb Code    68  dev_iic.o(i.I2C_SECONDARY_GPIO_OUT)
    I2C_Secondary_ReadBytes                  0x08000f9d   Thumb Code   118  dev_iic.o(i.I2C_Secondary_ReadBytes)
    I2C_Secondary_Transfer                   0x08001013   Thumb Code   140  dev_iic.o(i.I2C_Secondary_Transfer)
    I2C_Secondary_WriteBytes                 0x0800109f   Thumb Code   136  dev_iic.o(i.I2C_Secondary_WriteBytes)
    KeyValue_set_task                        0x08001129   Thumb Code   140  main.o(i.KeyValue_set_task)
    Key_GPIO_Read                            0x08001201   Thumb Code   100  dev_key_led.o(i.Key_GPIO_Read)
    Key_Init                                 0x0800126d   Thumb Code   114  dev_key_led.o(i.Key_Init)
    LT7911_RSTN                              0x080012e9   Thumb Code    26  pannel.o(i.LT7911_RSTN)
    Log_print_task                           0x08001305   Thumb Code   170  main.o(i.Log_print_task)
    MemManage_Handler                        0x080013b9   Thumb Code     4  gd32f30x_it.o(i.MemManage_Handler)
    NMI_Handler                              0x080013bd   Thumb Code     2  gd32f30x_it.o(i.NMI_Handler)
    SDA_PRIMARY_In                           0x080013c1   Thumb Code    16  dev_iic.o(i.SDA_PRIMARY_In)
    SDA_PRIMARY_Out                          0x080013d5   Thumb Code    16  dev_iic.o(i.SDA_PRIMARY_Out)
    SDA_SECONDARY_In                         0x080013e9   Thumb Code    18  dev_iic.o(i.SDA_SECONDARY_In)
    SDA_SECONDARY_Out                        0x08001401   Thumb Code    18  dev_iic.o(i.SDA_SECONDARY_Out)
    SysTick_Handler                          0x08001419   Thumb Code    46  port.o(i.SysTick_Handler)
    SystemInit                               0x0800144d   Thumb Code   156  system_gd32f30x.o(i.SystemInit)
    USART_cmd_task                           0x080014f5   Thumb Code    90  main.o(i.USART_cmd_task)
    USBD_LP_CAN0_RX0_IRQHandler              0x08001571   Thumb Code     8  gd32f30x_it.o(i.USBD_LP_CAN0_RX0_IRQHandler)
    UsageFault_Handler                       0x08001579   Thumb Code     4  gd32f30x_it.o(i.UsageFault_Handler)
    Write_I2C                                0x0800157d   Thumb Code    42  pannel.o(i.Write_I2C)
    Write_I2C_cmd                            0x080015a7   Thumb Code    22  pannel.o(i.Write_I2C_cmd)
    __0printf$8                              0x080015bd   Thumb Code    22  printf8.o(i.__0printf$8)
    __1printf$8                              0x080015bd   Thumb Code     0  printf8.o(i.__0printf$8)
    __2printf                                0x080015bd   Thumb Code     0  printf8.o(i.__0printf$8)
    __scatterload_copy                       0x080015dd   Thumb Code    14  handlers.o(i.__scatterload_copy)
    __scatterload_null                       0x080015eb   Thumb Code     2  handlers.o(i.__scatterload_null)
    __scatterload_zeroinit                   0x080015ed   Thumb Code    14  handlers.o(i.__scatterload_zeroinit)
    delay_1ms                                0x08001a53   Thumb Code    22  systick.o(i.delay_1ms)
    delay_1us                                0x08001a69   Thumb Code    98  systick.o(i.delay_1us)
    eTaskConfirmSleepModeStatus              0x08001ad5   Thumb Code    52  tasks.o(i.eTaskConfirmSleepModeStatus)
    exti_interrupt_flag_clear                0x08001b1d   Thumb Code     6  gd32f30x_exti.o(i.exti_interrupt_flag_clear)
    exti_interrupt_flag_get                  0x08001b29   Thumb Code    18  gd32f30x_exti.o(i.exti_interrupt_flag_get)
    fgetc                                    0x08001b41   Thumb Code    26  main.o(i.fgetc)
    fputc                                    0x08001b61   Thumb Code    32  main.o(i.fputc)
    gd_eval_com_init                         0x08001b85   Thumb Code   206  gd32f307c_eval.o(i.gd_eval_com_init)
    gpio_bit_reset                           0x08001c71   Thumb Code     4  gd32f30x_gpio.o(i.gpio_bit_reset)
    gpio_bit_set                             0x08001c75   Thumb Code     4  gd32f30x_gpio.o(i.gpio_bit_set)
    gpio_init                                0x08001c79   Thumb Code   188  gd32f30x_gpio.o(i.gpio_init)
    gpio_input_bit_get                       0x08001d35   Thumb Code    16  gd32f30x_gpio.o(i.gpio_input_bit_get)
    i2c_Primary_Ack                          0x08001d55   Thumb Code    52  dev_iic.o(i.i2c_Primary_Ack)
    i2c_Primary_NAck                         0x08001d8d   Thumb Code    44  dev_iic.o(i.i2c_Primary_NAck)
    i2c_Primary_ReadByte                     0x08001dbd   Thumb Code    66  dev_iic.o(i.i2c_Primary_ReadByte)
    i2c_Primary_SendByte                     0x08001e05   Thumb Code    78  dev_iic.o(i.i2c_Primary_SendByte)
    i2c_Primary_Start                        0x08001e59   Thumb Code    56  dev_iic.o(i.i2c_Primary_Start)
    i2c_Primary_Stop                         0x08001e95   Thumb Code    56  dev_iic.o(i.i2c_Primary_Stop)
    i2c_Primary_WaitAck                      0x08001ed1   Thumb Code    78  dev_iic.o(i.i2c_Primary_WaitAck)
    i2c_Secondary_Ack                        0x08001f25   Thumb Code    60  dev_iic.o(i.i2c_Secondary_Ack)
    i2c_Secondary_NAck                       0x08001f65   Thumb Code    50  dev_iic.o(i.i2c_Secondary_NAck)
    i2c_Secondary_ReadByte                   0x08001f9d   Thumb Code    72  dev_iic.o(i.i2c_Secondary_ReadByte)
    i2c_Secondary_SendByte                   0x08001fe9   Thumb Code    86  dev_iic.o(i.i2c_Secondary_SendByte)
    i2c_Secondary_Start                      0x08002045   Thumb Code    64  dev_iic.o(i.i2c_Secondary_Start)
    i2c_Secondary_Stop                       0x08002089   Thumb Code    64  dev_iic.o(i.i2c_Secondary_Stop)
    i2c_Secondary_WaitAck                    0x080020cd   Thumb Code    86  dev_iic.o(i.i2c_Secondary_WaitAck)
    i2c_ack_config                           0x08002129   Thumb Code    16  gd32f30x_i2c.o(i.i2c_ack_config)
    i2c_clock_config                         0x08002139   Thumb Code   306  gd32f30x_i2c.o(i.i2c_clock_config)
    i2c_enable                               0x08002279   Thumb Code    10  gd32f30x_i2c.o(i.i2c_enable)
    i2c_mode_addr_config                     0x08002283   Thumb Code    28  gd32f30x_i2c.o(i.i2c_mode_addr_config)
    main                                     0x080022a1   Thumb Code   102  main.o(i.main)
    nvic_irq_enable                          0x08002355   Thumb Code   186  gd32f30x_misc.o(i.nvic_irq_enable)
    nvic_priority_group_set                  0x08002419   Thumb Code    10  gd32f30x_misc.o(i.nvic_priority_group_set)
    pannel_config_303                        0x0800242d   Thumb Code   768  pannel.o(i.pannel_config_303)
    pannel_display                           0x08002789   Thumb Code    74  pannel.o(i.pannel_display)
    pannel_init                              0x08002831   Thumb Code    32  pannel.o(i.pannel_init)
    pannel_reset                             0x08002851   Thumb Code    32  pannel.o(i.pannel_reset)
    pca9544_i2c_init                         0x08002871   Thumb Code    50  pca9544.o(i.pca9544_i2c_init)
    pca9544_i2c_set                          0x080028dd   Thumb Code   112  pca9544.o(i.pca9544_i2c_set)
    pvPortMalloc                             0x080034c5   Thumb Code   234  heap_4.o(i.pvPortMalloc)
    pxPortInitialiseStack                    0x080035c5   Thumb Code    38  port.o(i.pxPortInitialiseStack)
    rcu_clock_freq_get                       0x080035f1   Thumb Code   310  gd32f30x_rcu.o(i.rcu_clock_freq_get)
    rcu_periph_clock_enable                  0x08003749   Thumb Code    28  gd32f30x_rcu.o(i.rcu_periph_clock_enable)
    rcu_periph_reset_disable                 0x08003769   Thumb Code    28  gd32f30x_rcu.o(i.rcu_periph_reset_disable)
    rcu_periph_reset_enable                  0x08003789   Thumb Code    28  gd32f30x_rcu.o(i.rcu_periph_reset_enable)
    sabre9018_init                           0x080037a9   Thumb Code   962  sabre9018.o(i.sabre9018_init)
    sabre9018_print                          0x08003b9d   Thumb Code    44  sabre9018.o(i.sabre9018_print)
    sabre9018_volume_set                     0x08003bed   Thumb Code   102  sabre9018.o(i.sabre9018_volume_set)
    select_pannel                            0x08003c8d   Thumb Code    44  pannel.o(i.select_pannel)
    set_bright                               0x08003cf5   Thumb Code   164  pannel.o(i.set_bright)
    system_init                              0x08003ee1   Thumb Code   112  main.o(i.system_init)
    tca6408_i2c_init                         0x08003f95   Thumb Code   290  tca6408.o(i.tca6408_i2c_init)
    tca6408_read                             0x08004115   Thumb Code    52  tca6408.o(i.tca6408_read)
    tca6408_write                            0x0800417d   Thumb Code   152  tca6408.o(i.tca6408_write)
    tca9548_i2c_init                         0x08004291   Thumb Code    52  tca9548.o(i.tca9548_i2c_init)
    tca9548_i2c_set                          0x080042fd   Thumb Code   136  tca9548.o(i.tca9548_i2c_set)
    usart_baudrate_set                       0x080043d9   Thumb Code   136  gd32f30x_usart.o(i.usart_baudrate_set)
    usart_data_receive                       0x08004469   Thumb Code    10  gd32f30x_usart.o(i.usart_data_receive)
    usart_data_transmit                      0x08004473   Thumb Code     8  gd32f30x_usart.o(i.usart_data_transmit)
    usart_deinit                             0x0800447d   Thumb Code   136  gd32f30x_usart.o(i.usart_deinit)
    usart_enable                             0x0800450d   Thumb Code    10  gd32f30x_usart.o(i.usart_enable)
    usart_flag_get                           0x08004517   Thumb Code    30  gd32f30x_usart.o(i.usart_flag_get)
    usart_receive_config                     0x08004535   Thumb Code    20  gd32f30x_usart.o(i.usart_receive_config)
    usart_transmit_config                    0x08004549   Thumb Code    20  gd32f30x_usart.o(i.usart_transmit_config)
    usbd_ep_send                             0x0800486d   Thumb Code    78  usbd_core.o(i.usbd_ep_send)
    usbd_isr                                 0x08004d35   Thumb Code   634  usbd_lld_int.o(i.usbd_isr)
    uxListRemove                             0x08005011   Thumb Code    40  list.o(i.uxListRemove)
    uxTaskGetNumberOfTasks                   0x08005039   Thumb Code     6  tasks.o(i.uxTaskGetNumberOfTasks)
    vApplicationGetIdleTaskMemory            0x08005045   Thumb Code    14  tasks.o(i.vApplicationGetIdleTaskMemory)
    vApplicationGetTimerTaskMemory           0x0800505d   Thumb Code    14  tasks.o(i.vApplicationGetTimerTaskMemory)
    vListInitialise                          0x08005075   Thumb Code    32  list.o(i.vListInitialise)
    vListInitialiseItem                      0x08005095   Thumb Code     6  list.o(i.vListInitialiseItem)
    vListInsert                              0x0800509b   Thumb Code    52  list.o(i.vListInsert)
    vPortEnterCritical                       0x080050d1   Thumb Code    30  port.o(i.vPortEnterCritical)
    vPortExitCritical                        0x080050f5   Thumb Code    28  port.o(i.vPortExitCritical)
    vPortFree                                0x08005115   Thumb Code    68  heap_4.o(i.vPortFree)
    vPortSetupTimerInterrupt                 0x08005161   Thumb Code    50  port.o(i.vPortSetupTimerInterrupt)
    vPortSuppressTicksAndSleep               0x080051a5   Thumb Code   306  port.o(i.vPortSuppressTicksAndSleep)
    vQueueWaitForMessageRestricted           0x080052e9   Thumb Code    74  queue.o(i.vQueueWaitForMessageRestricted)
    vTaskDelay                               0x08005335   Thumb Code    46  tasks.o(i.vTaskDelay)
    vTaskInternalSetTimeOutState             0x08005369   Thumb Code    14  tasks.o(i.vTaskInternalSetTimeOutState)
    vTaskMissedYield                         0x08005381   Thumb Code     8  tasks.o(i.vTaskMissedYield)
    vTaskPlaceOnEventList                    0x0800538d   Thumb Code    28  tasks.o(i.vTaskPlaceOnEventList)
    vTaskPlaceOnEventListRestricted          0x080053ad   Thumb Code    74  tasks.o(i.vTaskPlaceOnEventListRestricted)
    vTaskStartScheduler                      0x080053fd   Thumb Code    70  tasks.o(i.vTaskStartScheduler)
    vTaskStepTick                            0x08005455   Thumb Code    50  tasks.o(i.vTaskStepTick)
    vTaskSuspendAll                          0x08005495   Thumb Code    12  tasks.o(i.vTaskSuspendAll)
    vTaskSwitchContext                       0x080054a5   Thumb Code   106  tasks.o(i.vTaskSwitchContext)
    xPortStartScheduler                      0x08005525   Thumb Code    58  port.o(i.xPortStartScheduler)
    xQueueGenericCreate                      0x0800556d   Thumb Code    82  queue.o(i.xQueueGenericCreate)
    xQueueGenericCreateStatic                0x080055bf   Thumb Code    62  queue.o(i.xQueueGenericCreateStatic)
    xQueueGenericReset                       0x080055fd   Thumb Code   156  queue.o(i.xQueueGenericReset)
    xQueueReceive                            0x0800569d   Thumb Code   256  queue.o(i.xQueueReceive)
    xTaskCheckForTimeOut                     0x080057a1   Thumb Code   112  tasks.o(i.xTaskCheckForTimeOut)
    xTaskCreate                              0x0800581d   Thumb Code    56  tasks.o(i.xTaskCreate)
    xTaskCreateStatic                        0x08005855   Thumb Code    64  tasks.o(i.xTaskCreateStatic)
    xTaskGetTickCount                        0x08005895   Thumb Code     6  tasks.o(i.xTaskGetTickCount)
    xTaskIncrementTick                       0x080058a1   Thumb Code   374  tasks.o(i.xTaskIncrementTick)
    xTaskPriorityDisinherit                  0x08005a45   Thumb Code   152  tasks.o(i.xTaskPriorityDisinherit)
    xTaskRemoveFromEventList                 0x08005ae5   Thumb Code   264  tasks.o(i.xTaskRemoveFromEventList)
    xTaskResumeAll                           0x08005c05   Thumb Code   346  tasks.o(i.xTaskResumeAll)
    xTimerCreateTimerTask                    0x08005d85   Thumb Code    76  timers.o(i.xTimerCreateTimerTask)
    __ctype_categories                       0x08005e90   Data          64  ctype_c.o(.constdata)
    Region$$Table$$Base                      0x0800641c   Number         0  anon$$obj.o(Region$$Table)
    Region$$Table$$Limit                     0x0800643c   Number         0  anon$$obj.o(Region$$Table)
    gyro_dps                                 0x200000d0   Data           4  main.o(.data)
    acc_dps                                  0x200000d4   Data           4  main.o(.data)
    xBinarySemaphore                         0x200000d8   Data           4  main.o(.data)
    xQueue                                   0x200000dc   Data           4  main.o(.data)
    icm42688Task_Handle                      0x200000e0   Data           4  main.o(.data)
    KeyValueTask_Handle                      0x200000e4   Data           4  main.o(.data)
    LogPrintTask_Handle                      0x200000e8   Data           4  main.o(.data)
    USARTCMDTask_Handle                      0x200000ec   Data           4  main.o(.data)
    LT7911UpgradeTask_Handle                 0x200000f0   Data           4  main.o(.data)
    pannel_t                                 0x200000f4   Data           9  pannel.o(.data)
    chip_addr                                0x200000fd   Data           1  pannel.o(.data)
    SystemCoreClock                          0x20000140   Data           4  system_gd32f30x.o(.data)
    pxCurrentTCB                             0x200001c4   Data           4  tasks.o(.data)
    usbd_core                                0x20000244   Data           8  usbd_lld_core.o(.data)
    usbd_drv_handler                         0x2000024c   Data          64  usbd_lld_core.o(.data)
    usbd_int_fops                            0x2000028c   Data           4  usbd_core.o(.data)
    __stdin                                  0x20000290   Data           4  stdin.o(.data)
    __stdout                                 0x20000294   Data           4  stdout.o(.data)
    ucHeap                                   0x20000980   Data        4096  heap_4.o(.bss)
    __initial_sp                             0x20001d80   Data           0  startup_gd32f30x_hd.o(STACK)



==============================================================================

Memory Map of the image

  Image Entry point : 0x08000131

  Load Region LR_IROM1 (Base: 0x08000000, Size: 0x000066d8, Max: 0x00080000, ABSOLUTE, COMPRESSED[0x0000651c])

    Execution Region ER_IROM1 (Exec base: 0x08000000, Load base: 0x08000000, Size: 0x0000643c, Max: 0x00080000, ABSOLUTE)

    Exec Addr    Load Addr    Size         Type   Attr      Idx    E Section Name        Object

    0x08000000   0x08000000   0x00000130   Data   RO         5158    RESET               startup_gd32f30x_hd.o
    0x08000130   0x08000130   0x00000000   Code   RO         7091  * .ARM.Collect$$$$00000000  mc_w.l(entry.o)
    0x08000130   0x08000130   0x00000004   Code   RO         7371    .ARM.Collect$$$$00000001  mc_w.l(entry2.o)
    0x08000134   0x08000134   0x00000004   Code   RO         7374    .ARM.Collect$$$$00000004  mc_w.l(entry5.o)
    0x08000138   0x08000138   0x00000000   Code   RO         7376    .ARM.Collect$$$$00000008  mc_w.l(entry7b.o)
    0x08000138   0x08000138   0x00000000   Code   RO         7378    .ARM.Collect$$$$0000000A  mc_w.l(entry8b.o)
    0x08000138   0x08000138   0x00000008   Code   RO         7379    .ARM.Collect$$$$0000000B  mc_w.l(entry9a.o)
    0x08000140   0x08000140   0x00000004   Code   RO         7386    .ARM.Collect$$$$0000000E  mc_w.l(entry12b.o)
    0x08000144   0x08000144   0x00000000   Code   RO         7381    .ARM.Collect$$$$0000000F  mc_w.l(entry10a.o)
    0x08000144   0x08000144   0x00000000   Code   RO         7383    .ARM.Collect$$$$00000011  mc_w.l(entry11a.o)
    0x08000144   0x08000144   0x00000004   Code   RO         7372    .ARM.Collect$$$$00002712  mc_w.l(entry2.o)
    0x08000148   0x08000148   0x000000be   Code   RO         6425    .emb_text           port.o
    0x08000206   0x08000206   0x00000002   PAD
    0x08000208   0x08000208   0x00000024   Code   RO         5159    .text               startup_gd32f30x_hd.o
    0x0800022c   0x0800022c   0x00000024   Code   RO         7094    .text               mc_w.l(memcpya.o)
    0x08000250   0x08000250   0x00000024   Code   RO         7096    .text               mc_w.l(memseta.o)
    0x08000274   0x08000274   0x00000020   Code   RO         7361    .text               mc_w.l(__0scanf.o)
    0x08000294   0x08000294   0x000000e0   Code   RO         7363    .text               mc_w.l(_scanf_str.o)
    0x08000374   0x08000374   0x00000062   Code   RO         7391    .text               mc_w.l(uldiv.o)
    0x080003d6   0x080003d6   0x0000001e   Code   RO         7393    .text               mc_w.l(llshl.o)
    0x080003f4   0x080003f4   0x00000014   Code   RO         7397    .text               mc_w.l(scanf_char_file.o)
    0x08000408   0x08000408   0x00000024   Code   RO         7408    .text               mc_w.l(init.o)
    0x0800042c   0x0800042c   0x0000002c   Code   RO         7410    .text               mc_w.l(fgetc_b.o)
    0x08000458   0x08000458   0x00000020   Code   RO         7413    .text               mc_w.l(llushr.o)
    0x08000478   0x08000478   0x00000028   Code   RO         7415    .text               mc_w.l(scanf_char.o)
    0x080004a0   0x080004a0   0x00000000   Code   RO         7417    .text               mc_w.l(semi.o)
    0x080004a0   0x080004a0   0x0000000a   Code   RO         7418    .text               mc_w.l(isspace_c.o)
    0x080004aa   0x080004aa   0x00000002   PAD
    0x080004ac   0x080004ac   0x00000330   Code   RO         7420    .text               mc_w.l(_scanf.o)
    0x080007dc   0x080007dc   0x00000000   Code   RO         7422    .text               mc_w.l(iusesemig.o)
    0x080007dc   0x080007dc   0x00000028   Code   RO         7423    .text               mc_w.l(ctype_c.o)
    0x08000804   0x08000804   0x00000056   Code   RO         7434    .text               mc_w.l(__dczerorl2.o)
    0x0800085a   0x0800085a   0x00000004   Code   RO          808    i.BusFault_Handler  gd32f30x_it.o
    0x0800085e   0x0800085e   0x00000002   PAD
    0x08000860   0x08000860   0x00000014   Code   RO          901    i.CLK_PRIMARY_In    dev_iic.o
    0x08000874   0x08000874   0x00000018   Code   RO          902    i.CLK_SECONDARY_In  dev_iic.o
    0x0800088c   0x0800088c   0x000001cc   Code   RO          903    i.DEV_I2C_Read      dev_iic.o
    0x08000a58   0x08000a58   0x000001bc   Code   RO          904    i.DEV_I2C_Write     dev_iic.o
    0x08000c14   0x08000c14   0x00000002   Code   RO          809    i.DebugMon_Handler  gd32f30x_it.o
    0x08000c16   0x08000c16   0x00000012   Code   RO          674    i.EXTI1_IRQHandler  dev_key_led.o
    0x08000c28   0x08000c28   0x00000012   Code   RO          675    i.EXTI2_IRQHandler  dev_key_led.o
    0x08000c3a   0x08000c3a   0x00000012   Code   RO          676    i.EXTI3_IRQHandler  dev_key_led.o
    0x08000c4c   0x08000c4c   0x0000006c   Code   RO          398    i.GPIO_2d3d_SW_set  pannel.o
    0x08000cb8   0x08000cb8   0x00000028   Code   RO          905    i.GPIO_INIT         dev_iic.o
    0x08000ce0   0x08000ce0   0x0000000e   Code   RO          399    i.GPIO_rst_Init     pannel.o
    0x08000cee   0x08000cee   0x00000004   Code   RO          810    i.HardFault_Handler  gd32f30x_it.o
    0x08000cf2   0x08000cf2   0x00000014   Code   RO          906    i.I2C_Init          dev_iic.o
    0x08000d06   0x08000d06   0x0000000c   Code   RO          907    i.I2C_PRIMARY_GPIO_IN  dev_iic.o
    0x08000d12   0x08000d12   0x00000002   PAD
    0x08000d14   0x08000d14   0x00000040   Code   RO          908    i.I2C_PRIMARY_GPIO_OUT  dev_iic.o
    0x08000d54   0x08000d54   0x00000034   Code   RO          909    i.I2C_PRIMARY_Mode_Config  dev_iic.o
    0x08000d88   0x08000d88   0x00000076   Code   RO          910    i.I2C_Primary_ReadBytes  dev_iic.o
    0x08000dfe   0x08000dfe   0x0000008c   Code   RO          911    i.I2C_Primary_Transfer  dev_iic.o
    0x08000e8a   0x08000e8a   0x00000088   Code   RO          912    i.I2C_Primary_WriteBytes  dev_iic.o
    0x08000f12   0x08000f12   0x0000000c   Code   RO          913    i.I2C_SECONDARY_GPIO_IN  dev_iic.o
    0x08000f1e   0x08000f1e   0x00000002   PAD
    0x08000f20   0x08000f20   0x00000048   Code   RO          914    i.I2C_SECONDARY_GPIO_OUT  dev_iic.o
    0x08000f68   0x08000f68   0x00000034   Code   RO          915    i.I2C_SECONDARY_Mode_Config  dev_iic.o
    0x08000f9c   0x08000f9c   0x00000076   Code   RO          916    i.I2C_Secondary_ReadBytes  dev_iic.o
    0x08001012   0x08001012   0x0000008c   Code   RO          917    i.I2C_Secondary_Transfer  dev_iic.o
    0x0800109e   0x0800109e   0x00000088   Code   RO          918    i.I2C_Secondary_WriteBytes  dev_iic.o
    0x08001126   0x08001126   0x00000002   PAD
    0x08001128   0x08001128   0x000000d8   Code   RO            3    i.KeyValue_set_task  main.o
    0x08001200   0x08001200   0x0000006c   Code   RO          677    i.Key_GPIO_Read     dev_key_led.o
    0x0800126c   0x0800126c   0x0000007c   Code   RO          678    i.Key_Init          dev_key_led.o
    0x080012e8   0x080012e8   0x0000001a   Code   RO          400    i.LT7911_RSTN       pannel.o
    0x08001302   0x08001302   0x00000002   PAD
    0x08001304   0x08001304   0x000000b4   Code   RO            4    i.Log_print_task    main.o
    0x080013b8   0x080013b8   0x00000004   Code   RO          811    i.MemManage_Handler  gd32f30x_it.o
    0x080013bc   0x080013bc   0x00000002   Code   RO          812    i.NMI_Handler       gd32f30x_it.o
    0x080013be   0x080013be   0x00000002   PAD
    0x080013c0   0x080013c0   0x00000014   Code   RO          922    i.SDA_PRIMARY_In    dev_iic.o
    0x080013d4   0x080013d4   0x00000014   Code   RO          923    i.SDA_PRIMARY_Out   dev_iic.o
    0x080013e8   0x080013e8   0x00000018   Code   RO          924    i.SDA_SECONDARY_In  dev_iic.o
    0x08001400   0x08001400   0x00000018   Code   RO          925    i.SDA_SECONDARY_Out  dev_iic.o
    0x08001418   0x08001418   0x00000034   Code   RO         6426    i.SysTick_Handler   port.o
    0x0800144c   0x0800144c   0x000000a8   Code   RO         1214    i.SystemInit        system_gd32f30x.o
    0x080014f4   0x080014f4   0x0000007c   Code   RO            6    i.USART_cmd_task    main.o
    0x08001570   0x08001570   0x00000008   Code   RO          813    i.USBD_LP_CAN0_RX0_IRQHandler  gd32f30x_it.o
    0x08001578   0x08001578   0x00000004   Code   RO          814    i.UsageFault_Handler  gd32f30x_it.o
    0x0800157c   0x0800157c   0x0000002a   Code   RO          401    i.Write_I2C         pannel.o
    0x080015a6   0x080015a6   0x00000016   Code   RO          402    i.Write_I2C_cmd     pannel.o
    0x080015bc   0x080015bc   0x00000020   Code   RO         7307    i.__0printf$8       mc_w.l(printf8.o)
    0x080015dc   0x080015dc   0x0000000e   Code   RO         7428    i.__scatterload_copy  mc_w.l(handlers.o)
    0x080015ea   0x080015ea   0x00000002   Code   RO         7429    i.__scatterload_null  mc_w.l(handlers.o)
    0x080015ec   0x080015ec   0x0000000e   Code   RO         7430    i.__scatterload_zeroinit  mc_w.l(handlers.o)
    0x080015fa   0x080015fa   0x00000002   PAD
    0x080015fc   0x080015fc   0x00000404   Code   RO         7314    i._printf_core      mc_w.l(printf8.o)
    0x08001a00   0x08001a00   0x00000024   Code   RO         7315    i._printf_post_padding  mc_w.l(printf8.o)
    0x08001a24   0x08001a24   0x0000002e   Code   RO         7316    i._printf_pre_padding  mc_w.l(printf8.o)
    0x08001a52   0x08001a52   0x00000016   Code   RO         1165    i.delay_1ms         systick.o
    0x08001a68   0x08001a68   0x0000006c   Code   RO         1166    i.delay_1us         systick.o
    0x08001ad4   0x08001ad4   0x00000048   Code   RO         5775    i.eTaskConfirmSleepModeStatus  tasks.o
    0x08001b1c   0x08001b1c   0x0000000c   Code   RO         2575    i.exti_interrupt_flag_clear  gd32f30x_exti.o
    0x08001b28   0x08001b28   0x00000018   Code   RO         2576    i.exti_interrupt_flag_get  gd32f30x_exti.o
    0x08001b40   0x08001b40   0x00000020   Code   RO            7    i.fgetc             main.o
    0x08001b60   0x08001b60   0x00000024   Code   RO            8    i.fputc             main.o
    0x08001b84   0x08001b84   0x000000ec   Code   RO         5165    i.gd_eval_com_init  gd32f307c_eval.o
    0x08001c70   0x08001c70   0x00000004   Code   RO         2940    i.gpio_bit_reset    gd32f30x_gpio.o
    0x08001c74   0x08001c74   0x00000004   Code   RO         2941    i.gpio_bit_set      gd32f30x_gpio.o
    0x08001c78   0x08001c78   0x000000bc   Code   RO         2950    i.gpio_init         gd32f30x_gpio.o
    0x08001d34   0x08001d34   0x00000010   Code   RO         2951    i.gpio_input_bit_get  gd32f30x_gpio.o
    0x08001d44   0x08001d44   0x0000000e   Code   RO          926    i.i2c_Delay         dev_iic.o
    0x08001d52   0x08001d52   0x00000002   PAD
    0x08001d54   0x08001d54   0x00000038   Code   RO          927    i.i2c_Primary_Ack   dev_iic.o
    0x08001d8c   0x08001d8c   0x00000030   Code   RO          928    i.i2c_Primary_NAck  dev_iic.o
    0x08001dbc   0x08001dbc   0x00000048   Code   RO          929    i.i2c_Primary_ReadByte  dev_iic.o
    0x08001e04   0x08001e04   0x00000054   Code   RO          930    i.i2c_Primary_SendByte  dev_iic.o
    0x08001e58   0x08001e58   0x0000003c   Code   RO          931    i.i2c_Primary_Start  dev_iic.o
    0x08001e94   0x08001e94   0x0000003c   Code   RO          932    i.i2c_Primary_Stop  dev_iic.o
    0x08001ed0   0x08001ed0   0x00000054   Code   RO          933    i.i2c_Primary_WaitAck  dev_iic.o
    0x08001f24   0x08001f24   0x00000040   Code   RO          934    i.i2c_Secondary_Ack  dev_iic.o
    0x08001f64   0x08001f64   0x00000038   Code   RO          935    i.i2c_Secondary_NAck  dev_iic.o
    0x08001f9c   0x08001f9c   0x0000004c   Code   RO          936    i.i2c_Secondary_ReadByte  dev_iic.o
    0x08001fe8   0x08001fe8   0x0000005c   Code   RO          937    i.i2c_Secondary_SendByte  dev_iic.o
    0x08002044   0x08002044   0x00000044   Code   RO          938    i.i2c_Secondary_Start  dev_iic.o
    0x08002088   0x08002088   0x00000044   Code   RO          939    i.i2c_Secondary_Stop  dev_iic.o
    0x080020cc   0x080020cc   0x0000005c   Code   RO          940    i.i2c_Secondary_WaitAck  dev_iic.o
    0x08002128   0x08002128   0x00000010   Code   RO         3067    i.i2c_ack_config    gd32f30x_i2c.o
    0x08002138   0x08002138   0x00000140   Code   RO         3069    i.i2c_clock_config  gd32f30x_i2c.o
    0x08002278   0x08002278   0x0000000a   Code   RO         3078    i.i2c_enable        gd32f30x_i2c.o
    0x08002282   0x08002282   0x0000001c   Code   RO         3086    i.i2c_mode_addr_config  gd32f30x_i2c.o
    0x0800229e   0x0800229e   0x00000002   PAD
    0x080022a0   0x080022a0   0x000000b4   Code   RO           10    i.main              main.o
    0x08002354   0x08002354   0x000000c4   Code   RO         3268    i.nvic_irq_enable   gd32f30x_misc.o
    0x08002418   0x08002418   0x00000014   Code   RO         3269    i.nvic_priority_group_set  gd32f30x_misc.o
    0x0800242c   0x0800242c   0x0000035c   Code   RO          403    i.pannel_config_303  pannel.o
    0x08002788   0x08002788   0x000000a8   Code   RO          404    i.pannel_display    pannel.o
    0x08002830   0x08002830   0x00000020   Code   RO          405    i.pannel_init       pannel.o
    0x08002850   0x08002850   0x00000020   Code   RO          406    i.pannel_reset      pannel.o
    0x08002870   0x08002870   0x0000006c   Code   RO          540    i.pca9544_i2c_init  pca9544.o
    0x080028dc   0x080028dc   0x000000c4   Code   RO          541    i.pca9544_i2c_set   pca9544.o
    0x080029a0   0x080029a0   0x000000b8   Code   RO         5778    i.prvAddCurrentTaskToDelayedList  tasks.o
    0x08002a58   0x08002a58   0x000000f4   Code   RO         5779    i.prvAddNewTaskToReadyList  tasks.o
    0x08002b4c   0x08002b4c   0x0000005c   Code   RO         6248    i.prvCheckForValidListAndQueue  timers.o
    0x08002ba8   0x08002ba8   0x00000048   Code   RO         5780    i.prvCheckTasksWaitingTermination  tasks.o
    0x08002bf0   0x08002bf0   0x0000002a   Code   RO         5370    i.prvCopyDataFromQueue  queue.o
    0x08002c1a   0x08002c1a   0x0000007e   Code   RO         5371    i.prvCopyDataToQueue  queue.o
    0x08002c98   0x08002c98   0x00000088   Code   RO         5781    i.prvCreateIdleTasks  tasks.o
    0x08002d20   0x08002d20   0x0000004c   Code   RO         5782    i.prvCreateStaticTask  tasks.o
    0x08002d6c   0x08002d6c   0x0000005e   Code   RO         5783    i.prvCreateTask     tasks.o
    0x08002dca   0x08002dca   0x00000028   Code   RO         5784    i.prvDeleteTCB      tasks.o
    0x08002df2   0x08002df2   0x00000002   PAD
    0x08002df4   0x08002df4   0x00000048   Code   RO         5785    i.prvGetExpectedIdleTime  tasks.o
    0x08002e3c   0x08002e3c   0x00000028   Code   RO         6249    i.prvGetNextExpireTime  timers.o
    0x08002e64   0x08002e64   0x0000006c   Code   RO         6502    i.prvHeapInit       heap_4.o
    0x08002ed0   0x08002ed0   0x0000004c   Code   RO         5786    i.prvIdleTask       tasks.o
    0x08002f1c   0x08002f1c   0x0000002a   Code   RO         5374    i.prvInitialiseNewQueue  queue.o
    0x08002f46   0x08002f46   0x00000086   Code   RO         5787    i.prvInitialiseNewTask  tasks.o
    0x08002fcc   0x08002fcc   0x00000068   Code   RO         5788    i.prvInitialiseTaskLists  tasks.o
    0x08003034   0x08003034   0x00000068   Code   RO         6503    i.prvInsertBlockIntoFreeList  heap_4.o
    0x0800309c   0x0800309c   0x00000058   Code   RO         6251    i.prvInsertTimerInActiveList  timers.o
    0x080030f4   0x080030f4   0x0000001a   Code   RO         5375    i.prvIsQueueEmpty   queue.o
    0x0800310e   0x0800310e   0x0000005a   Code   RO         5377    i.prvNotifyQueueSetContainer  queue.o
    0x08003168   0x08003168   0x00000044   Code   RO         6252    i.prvProcessExpiredTimer  timers.o
    0x080031ac   0x080031ac   0x0000011c   Code   RO         6253    i.prvProcessReceivedCommands  timers.o
    0x080032c8   0x080032c8   0x00000074   Code   RO         6254    i.prvProcessTimerOrBlockTask  timers.o
    0x0800333c   0x0800333c   0x00000028   Code   RO         6255    i.prvReloadTimer    timers.o
    0x08003364   0x08003364   0x00000030   Code   RO         5789    i.prvResetNextTaskUnblockTime  tasks.o
    0x08003394   0x08003394   0x0000002c   Code   RO         6256    i.prvSampleTimeNow  timers.o
    0x080033c0   0x080033c0   0x00000044   Code   RO         6257    i.prvSwitchTimerLists  timers.o
    0x08003404   0x08003404   0x00000016   Code   RO         6427    i.prvTaskExitError  port.o
    0x0800341a   0x0800341a   0x0000001a   Code   RO         6258    i.prvTimerTask      timers.o
    0x08003434   0x08003434   0x00000090   Code   RO         5378    i.prvUnlockQueue    queue.o
    0x080034c4   0x080034c4   0x00000100   Code   RO         6505    i.pvPortMalloc      heap_4.o
    0x080035c4   0x080035c4   0x0000002c   Code   RO         6428    i.pxPortInitialiseStack  port.o
    0x080035f0   0x080035f0   0x00000158   Code   RO         3467    i.rcu_clock_freq_get  gd32f30x_rcu.o
    0x08003748   0x08003748   0x00000020   Code   RO         3485    i.rcu_periph_clock_enable  gd32f30x_rcu.o
    0x08003768   0x08003768   0x00000020   Code   RO         3488    i.rcu_periph_reset_disable  gd32f30x_rcu.o
    0x08003788   0x08003788   0x00000020   Code   RO         3489    i.rcu_periph_reset_enable  gd32f30x_rcu.o
    0x080037a8   0x080037a8   0x000003f4   Code   RO          490    i.sabre9018_init    sabre9018.o
    0x08003b9c   0x08003b9c   0x00000050   Code   RO          491    i.sabre9018_print   sabre9018.o
    0x08003bec   0x08003bec   0x000000a0   Code   RO          493    i.sabre9018_volume_set  sabre9018.o
    0x08003c8c   0x08003c8c   0x00000068   Code   RO          407    i.select_pannel     pannel.o
    0x08003cf4   0x08003cf4   0x000000e4   Code   RO          408    i.set_bright        pannel.o
    0x08003dd8   0x08003dd8   0x00000100   Code   RO         1215    i.system_clock_120m_irc8m  system_gd32f30x.o
    0x08003ed8   0x08003ed8   0x00000008   Code   RO         1216    i.system_clock_config  system_gd32f30x.o
    0x08003ee0   0x08003ee0   0x000000b4   Code   RO           11    i.system_init       main.o
    0x08003f94   0x08003f94   0x00000180   Code   RO          595    i.tca6408_i2c_init  tca6408.o
    0x08004114   0x08004114   0x00000068   Code   RO          596    i.tca6408_read      tca6408.o
    0x0800417c   0x0800417c   0x00000114   Code   RO          597    i.tca6408_write     tca6408.o
    0x08004290   0x08004290   0x0000006c   Code   RO          647    i.tca9548_i2c_init  tca9548.o
    0x080042fc   0x080042fc   0x000000dc   Code   RO          648    i.tca9548_i2c_set   tca9548.o
    0x080043d8   0x080043d8   0x00000090   Code   RO         4789    i.usart_baudrate_set  gd32f30x_usart.o
    0x08004468   0x08004468   0x0000000a   Code   RO         4792    i.usart_data_receive  gd32f30x_usart.o
    0x08004472   0x08004472   0x00000008   Code   RO         4793    i.usart_data_transmit  gd32f30x_usart.o
    0x0800447a   0x0800447a   0x00000002   PAD
    0x0800447c   0x0800447c   0x00000090   Code   RO         4794    i.usart_deinit      gd32f30x_usart.o
    0x0800450c   0x0800450c   0x0000000a   Code   RO         4798    i.usart_enable      gd32f30x_usart.o
    0x08004516   0x08004516   0x0000001e   Code   RO         4800    i.usart_flag_get    gd32f30x_usart.o
    0x08004534   0x08004534   0x00000014   Code   RO         4822    i.usart_receive_config  gd32f30x_usart.o
    0x08004548   0x08004548   0x00000014   Code   RO         4836    i.usart_transmit_config  gd32f30x_usart.o
    0x0800455c   0x0800455c   0x00000008   Code   RO         6737    i.usb_transc_config  usbd_core.o
    0x08004564   0x08004564   0x00000010   Code   RO         6620    i.usbd_address_set  usbd_lld_core.o
    0x08004574   0x08004574   0x00000028   Code   RO         6621    i.usbd_core_reset   usbd_lld_core.o
    0x0800459c   0x0800459c   0x00000018   Code   RO         6622    i.usbd_core_stop    usbd_lld_core.o
    0x080045b4   0x080045b4   0x00000034   Code   RO         6623    i.usbd_dp_pullup    usbd_lld_core.o
    0x080045e8   0x080045e8   0x000000a0   Code   RO         6624    i.usbd_ep_data_read  usbd_lld_core.o
    0x08004688   0x08004688   0x00000060   Code   RO         6625    i.usbd_ep_data_write  usbd_lld_core.o
    0x080046e8   0x080046e8   0x000000b8   Code   RO         6626    i.usbd_ep_disable   usbd_lld_core.o
    0x080047a0   0x080047a0   0x0000009c   Code   RO         6627    i.usbd_ep_reset     usbd_lld_core.o
    0x0800483c   0x0800483c   0x00000030   Code   RO         6628    i.usbd_ep_rx_enable  usbd_lld_core.o
    0x0800486c   0x0800486c   0x0000004e   Code   RO         6739    i.usbd_ep_send      usbd_core.o
    0x080048ba   0x080048ba   0x00000002   PAD
    0x080048bc   0x080048bc   0x00000278   Code   RO         6629    i.usbd_ep_setup     usbd_lld_core.o
    0x08004b34   0x08004b34   0x000000fc   Code   RO         6630    i.usbd_ep_stall_clear  usbd_lld_core.o
    0x08004c30   0x08004c30   0x000000a8   Code   RO         6631    i.usbd_ep_stall_set  usbd_lld_core.o
    0x08004cd8   0x08004cd8   0x00000024   Code   RO         6632    i.usbd_ep_status    usbd_lld_core.o
    0x08004cfc   0x08004cfc   0x00000014   Code   RO         6633    i.usbd_ep_status_get  usbd_lld_core.o
    0x08004d10   0x08004d10   0x00000024   Code   RO         6567    i.usbd_int_suspend  usbd_lld_int.o
    0x08004d34   0x08004d34   0x0000028c   Code   RO         6568    i.usbd_isr          usbd_lld_int.o
    0x08004fc0   0x08004fc0   0x0000001c   Code   RO         6634    i.usbd_leave_suspend  usbd_lld_core.o
    0x08004fdc   0x08004fdc   0x00000020   Code   RO         6635    i.usbd_resume       usbd_lld_core.o
    0x08004ffc   0x08004ffc   0x00000014   Code   RO         6636    i.usbd_suspend      usbd_lld_core.o
    0x08005010   0x08005010   0x00000028   Code   RO         5331    i.uxListRemove      list.o
    0x08005038   0x08005038   0x0000000c   Code   RO         5798    i.uxTaskGetNumberOfTasks  tasks.o
    0x08005044   0x08005044   0x00000018   Code   RO         5803    i.vApplicationGetIdleTaskMemory  tasks.o
    0x0800505c   0x0800505c   0x00000018   Code   RO         5804    i.vApplicationGetTimerTaskMemory  tasks.o
    0x08005074   0x08005074   0x00000020   Code   RO         5332    i.vListInitialise   list.o
    0x08005094   0x08005094   0x00000006   Code   RO         5333    i.vListInitialiseItem  list.o
    0x0800509a   0x0800509a   0x00000034   Code   RO         5334    i.vListInsert       list.o
    0x080050ce   0x080050ce   0x00000002   PAD
    0x080050d0   0x080050d0   0x00000024   Code   RO         6430    i.vPortEnterCritical  port.o
    0x080050f4   0x080050f4   0x00000020   Code   RO         6431    i.vPortExitCritical  port.o
    0x08005114   0x08005114   0x0000004c   Code   RO         6506    i.vPortFree         heap_4.o
    0x08005160   0x08005160   0x00000044   Code   RO         6432    i.vPortSetupTimerInterrupt  port.o
    0x080051a4   0x080051a4   0x00000144   Code   RO         6433    i.vPortSuppressTicksAndSleep  port.o
    0x080052e8   0x080052e8   0x0000004a   Code   RO         5385    i.vQueueWaitForMessageRestricted  queue.o
    0x08005332   0x08005332   0x00000002   PAD
    0x08005334   0x08005334   0x00000034   Code   RO         5805    i.vTaskDelay        tasks.o
    0x08005368   0x08005368   0x00000018   Code   RO         5809    i.vTaskInternalSetTimeOutState  tasks.o
    0x08005380   0x08005380   0x0000000c   Code   RO         5810    i.vTaskMissedYield  tasks.o
    0x0800538c   0x0800538c   0x00000020   Code   RO         5811    i.vTaskPlaceOnEventList  tasks.o
    0x080053ac   0x080053ac   0x00000050   Code   RO         5812    i.vTaskPlaceOnEventListRestricted  tasks.o
    0x080053fc   0x080053fc   0x00000058   Code   RO         5820    i.vTaskStartScheduler  tasks.o
    0x08005454   0x08005454   0x00000040   Code   RO         5821    i.vTaskStepTick     tasks.o
    0x08005494   0x08005494   0x00000010   Code   RO         5823    i.vTaskSuspendAll   tasks.o
    0x080054a4   0x080054a4   0x00000080   Code   RO         5824    i.vTaskSwitchContext  tasks.o
    0x08005524   0x08005524   0x00000048   Code   RO         6434    i.xPortStartScheduler  port.o
    0x0800556c   0x0800556c   0x00000052   Code   RO         5392    i.xQueueGenericCreate  queue.o
    0x080055be   0x080055be   0x0000003e   Code   RO         5393    i.xQueueGenericCreateStatic  queue.o
    0x080055fc   0x080055fc   0x000000a0   Code   RO         5395    i.xQueueGenericReset  queue.o
    0x0800569c   0x0800569c   0x00000104   Code   RO         5404    i.xQueueReceive     queue.o
    0x080057a0   0x080057a0   0x0000007c   Code   RO         5828    i.xTaskCheckForTimeOut  tasks.o
    0x0800581c   0x0800581c   0x00000038   Code   RO         5829    i.xTaskCreate       tasks.o
    0x08005854   0x08005854   0x00000040   Code   RO         5830    i.xTaskCreateStatic  tasks.o
    0x08005894   0x08005894   0x0000000c   Code   RO         5844    i.xTaskGetTickCount  tasks.o
    0x080058a0   0x080058a0   0x000001a4   Code   RO         5846    i.xTaskIncrementTick  tasks.o
    0x08005a44   0x08005a44   0x000000a0   Code   RO         5847    i.xTaskPriorityDisinherit  tasks.o
    0x08005ae4   0x08005ae4   0x00000120   Code   RO         5849    i.xTaskRemoveFromEventList  tasks.o
    0x08005c04   0x08005c04   0x00000180   Code   RO         5850    i.xTaskResumeAll    tasks.o
    0x08005d84   0x08005d84   0x00000060   Code   RO         6265    i.xTimerCreateTimerTask  timers.o
    0x08005de4   0x08005de4   0x0000001f   Data   RO          494    .constdata          sabre9018.o
    0x08005e03   0x08005e03   0x00000021   Data   RO          542    .constdata          pca9544.o
    0x08005e24   0x08005e24   0x0000001f   Data   RO          598    .constdata          tca6408.o
    0x08005e43   0x08005e43   0x00000021   Data   RO          649    .constdata          tca9548.o
    0x08005e64   0x08005e64   0x0000001b   Data   RO          941    .constdata          dev_iic.o
    0x08005e7f   0x08005e7f   0x00000001   PAD
    0x08005e80   0x08005e80   0x00000010   Data   RO         6639    .constdata          usbd_lld_core.o
    0x08005e90   0x08005e90   0x00000040   Data   RO         7424    .constdata          mc_w.l(ctype_c.o)
    0x08005ed0   0x08005ed0   0x00000214   Data   RO          599    .conststring        tca6408.o
    0x080060e4   0x080060e4   0x00000336   Data   RO          942    .conststring        dev_iic.o
    0x0800641a   0x0800641a   0x00000002   PAD
    0x0800641c   0x0800641c   0x00000020   Data   RO         7426    Region$$Table       anon$$obj.o


    Execution Region RW_IRAM1 (Exec base: 0x20000000, Load base: 0x0800643c, Size: 0x00001d80, Max: 0x00010000, ABSOLUTE, COMPRESSED[0x000000e0])

    Exec Addr    Load Addr    Size         Type   Attr      Idx    E Section Name        Object

    0x20000000   COMPRESSED   0x000000f4   Data   RW           13    .data               main.o
    0x200000f4   COMPRESSED   0x0000000a   Data   RW          410    .data               pannel.o
    0x200000fe   COMPRESSED   0x00000040   Data   RW          495    .data               sabre9018.o
    0x2000013e   COMPRESSED   0x00000002   PAD
    0x20000140   COMPRESSED   0x00000004   Data   RW         1217    .data               system_gd32f30x.o
    0x20000144   COMPRESSED   0x0000007d   Data   RW         5172    .data               gd32f307c_eval.o
    0x200001c1   COMPRESSED   0x00000003   PAD
    0x200001c4   COMPRESSED   0x00000040   Data   RW         5853    .data               tasks.o
    0x20000204   COMPRESSED   0x00000014   Data   RW         6277    .data               timers.o
    0x20000218   COMPRESSED   0x00000010   Data   RW         6435    .data               port.o
    0x20000228   COMPRESSED   0x0000001c   Data   RW         6512    .data               heap_4.o
    0x20000244   COMPRESSED   0x00000048   Data   RW         6640    .data               usbd_lld_core.o
    0x2000028c   COMPRESSED   0x00000004   Data   RW         6741    .data               usbd_core.o
    0x20000290   COMPRESSED   0x00000004   Data   RW         7387    .data               mc_w.l(stdin.o)
    0x20000294   COMPRESSED   0x00000004   Data   RW         7388    .data               mc_w.l(stdout.o)
    0x20000298   COMPRESSED   0x00000003   Data   RW         7411    .data               mc_w.l(fgetc_b.o)
    0x2000029b   COMPRESSED   0x00000001   PAD
    0x2000029c        -       0x000005b0   Zero   RW         5852    .bss                tasks.o
    0x2000084c        -       0x00000134   Zero   RW         6276    .bss                timers.o
    0x20000980        -       0x00001000   Zero   RW         6511    .bss                heap_4.o
    0x20001980        -       0x00000400   Zero   RW         5156    STACK               startup_gd32f30x_hd.o



  Load Region LR$$.ARM.__AT_0x40006000 (Base: 0x40006000, Size: 0x00000000, Max: 0x00000040, ABSOLUTE)

    Execution Region ER$$.ARM.__AT_0x40006000 (Exec base: 0x40006000, Load base: 0x40006000, Size: 0x00000040, Max: 0x00000040, ABSOLUTE, UNINIT)

    Exec Addr    Load Addr    Size         Type   Attr      Idx    E Section Name        Object

    0x40006000        -       0x00000040   Zero   RW         6638    .ARM.__AT_0x40006000  usbd_lld_core.o


==============================================================================

Image component sizes


      Code (inc. data)   RO Data    RW Data    ZI Data      Debug   Object Name

      3142        292        849          0          0      25118   dev_iic.o
       286         24          0          0          0       2824   dev_key_led.o
         0          0          0          0          0        844   eeprom.o
         0          0          0          0          0      45028   event_groups.o
       236         30          0        125          0       1775   gd32f307c_eval.o
         0          0          0          0          0       1492   gd32f30x_can.o
        36         12          0          0          0       1318   gd32f30x_exti.o
       212          0          0          0          0       2957   gd32f30x_gpio.o
       374         14          0          0          0       3236   gd32f30x_i2c.o
        28          0          0          0          0       3563   gd32f30x_it.o
       216         20          0          0          0       1556   gd32f30x_misc.o
       440         46          0          0          0       3220   gd32f30x_rcu.o
       386         16          0          0          0       5546   gd32f30x_usart.o
       544         58          0         28       4096       5100   heap_4.o
       130          0          0          0          0      34601   list.o
       948        276          0        244          0      78900   main.o
      1636        350          0         10          0       8013   pannel.o
       304        148         33          0          0       2129   pca9544.o
       840         88          0         16          0      10657   port.o
      1108          8          0          0          0      13576   queue.o
      1252        144         31         64          0       5058   sabre9018.o
        36          8        304          0       1024        916   startup_gd32f30x_hd.o
       432         30          0          4          0       2931   system_gd32f30x.o
       130         10          0          0          0       1360   systick.o
      3416        422          0         64       1456      73201   tasks.o
       764        270        563          0          0       2370   tca6408.o
       328        150         33          0          0       1613   tca9548.o
       962        112          0         20        308      18680   timers.o
        86          0          0          4          0       6307   usbd_core.o
      1964        114         16         72         64      16521   usbd_lld_core.o
       688         18          0          0          0       9607   usbd_lld_int.o

    ----------------------------------------------------------------------
     20952       2660       1864        656       6948     390017   Object Totals
         0          0         32          0          0          0   (incl. Generated)
        28          0          3          5          0          0   (incl. Padding)

    ----------------------------------------------------------------------

      Code (inc. data)   RO Data    RW Data    ZI Data      Debug   Library Member Name

        32          6          0          0          0         84   __0scanf.o
        86          0          0          0          0          0   __dczerorl2.o
       816          6          0          0          0        112   _scanf.o
       224          0          0          0          0         96   _scanf_str.o
        40          6         64          0          0         68   ctype_c.o
         0          0          0          0          0          0   entry.o
         0          0          0          0          0          0   entry10a.o
         0          0          0          0          0          0   entry11a.o
         4          0          0          0          0          0   entry12b.o
         8          4          0          0          0          0   entry2.o
         4          0          0          0          0          0   entry5.o
         0          0          0          0          0          0   entry7b.o
         0          0          0          0          0          0   entry8b.o
         8          4          0          0          0          0   entry9a.o
        44          6          0          3          0        144   fgetc_b.o
        30          0          0          0          0          0   handlers.o
        36          8          0          0          0         68   init.o
        10          0          0          0          0         68   isspace_c.o
         0          0          0          0          0          0   iusesemig.o
        30          0          0          0          0         68   llshl.o
        32          0          0          0          0         68   llushr.o
        36          0          0          0          0         68   memcpya.o
        36          0          0          0          0        108   memseta.o
      1142         54          0          0          0        352   printf8.o
        40          8          0          0          0         84   scanf_char.o
        20          8          0          0          0         68   scanf_char_file.o
         0          0          0          0          0          0   semi.o
         0          0          0          4          0          0   stdin.o
         0          0          0          4          0          0   stdout.o
        98          0          0          0          0         92   uldiv.o

    ----------------------------------------------------------------------
      2780        110         64         12          0       1548   Library Totals
         4          0          0          1          0          0   (incl. Padding)

    ----------------------------------------------------------------------

      Code (inc. data)   RO Data    RW Data    ZI Data      Debug   Library Name

      2776        110         64         11          0       1548   mc_w.l

    ----------------------------------------------------------------------
      2780        110         64         12          0       1548   Library Totals

    ----------------------------------------------------------------------

==============================================================================


      Code (inc. data)   RO Data    RW Data    ZI Data      Debug   

     23732       2770       1928        668       6948     371669   Grand Totals
     23732       2770       1928        224       6948     371669   ELF Image Totals (compressed)
     23732       2770       1928        224          0          0   ROM Totals

==============================================================================

    Total RO  Size (Code + RO Data)                25660 (  25.06kB)
    Total RW  Size (RW Data + ZI Data)              7616 (   7.44kB)
    Total ROM Size (Code + RO Data + RW Data)      25884 (  25.28kB)

==============================================================================

