Component: ARM Compiler 5.06 update 7 (build 960) Tool: armlink [4d3601]

==============================================================================

Section Cross References

    main.o(i.KeyValue_set_task) refers to sabre9018.o(i.sabre9018_volume_set) for sabre9018_volume_set
    main.o(i.KeyValue_set_task) refers to printf8.o(i.__0printf$8) for __2printf
    main.o(i.KeyValue_set_task) refers to tasks.o(i.vTaskDelay) for vTaskDelay
    main.o(i.KeyValue_set_task) refers to main.o(.data) for earphone_volume
    main.o(i.Log_print_task) refers to pannel.o(i.set_bright) for set_bright
    main.o(i.Log_print_task) refers to printf8.o(i.__0printf$8) for __2printf
    main.o(i.Log_print_task) refers to tasks.o(i.vTaskDelay) for vTaskDelay
    main.o(i.Log_print_task) refers to main.o(.data) for oled_bright
    main.o(i.USART_cmd_task) refers to _scanf_str.o(.text) for _scanf_string
    main.o(i.USART_cmd_task) refers to printf8.o(i.__0printf$8) for __2printf
    main.o(i.USART_cmd_task) refers to __0scanf.o(.text) for __0scanf
    main.o(i.USART_cmd_task) refers to sabre9018.o(i.sabre9018_print) for sabre9018_print
    main.o(i.USART_cmd_task) refers to tasks.o(i.vTaskDelay) for vTaskDelay
    main.o(i.USART_cmd_task) refers to main.o(.data) for earphone_volume
    main.o(i.fgetc) refers to gd32f30x_usart.o(i.usart_flag_get) for usart_flag_get
    main.o(i.fgetc) refers to gd32f30x_usart.o(i.usart_data_receive) for usart_data_receive
    main.o(i.fputc) refers to gd32f30x_usart.o(i.usart_data_transmit) for usart_data_transmit
    main.o(i.fputc) refers to gd32f30x_usart.o(i.usart_flag_get) for usart_flag_get
    main.o(i.main) refers to main.o(i.system_init) for system_init
    main.o(i.main) refers to queue.o(i.xQueueGenericCreate) for xQueueGenericCreate
    main.o(i.main) refers to tasks.o(i.xTaskCreate) for xTaskCreate
    main.o(i.main) refers to tasks.o(i.vTaskStartScheduler) for vTaskStartScheduler
    main.o(i.main) refers to main.o(.data) for xBinarySemaphore
    main.o(i.main) refers to main.o(i.KeyValue_set_task) for KeyValue_set_task
    main.o(i.main) refers to main.o(i.Log_print_task) for Log_print_task
    main.o(i.main) refers to main.o(i.USART_cmd_task) for USART_cmd_task
    main.o(i.system_init) refers to gd32f307c_eval.o(i.gd_eval_com_init) for gd_eval_com_init
    main.o(i.system_init) refers to gd32f30x_rcu.o(i.rcu_clock_freq_get) for rcu_clock_freq_get
    main.o(i.system_init) refers to printf8.o(i.__0printf$8) for __2printf
    main.o(i.system_init) refers to dev_iic.o(i.GPIO_INIT) for GPIO_INIT
    main.o(i.system_init) refers to dev_iic.o(i.I2C_Init) for I2C_Init
    main.o(i.system_init) refers to tca9548.o(i.tca9548_i2c_init) for tca9548_i2c_init
    main.o(i.system_init) refers to tca6408.o(i.tca6408_i2c_init) for tca6408_i2c_init
    main.o(i.system_init) refers to pannel.o(i.pannel_init) for pannel_init
    main.o(i.system_init) refers to tca9548.o(i.tca9548_i2c_set) for tca9548_i2c_set
    main.o(i.system_init) refers to pca9544.o(i.pca9544_i2c_init) for pca9544_i2c_init
    main.o(i.system_init) refers to sabre9018.o(i.sabre9018_init) for sabre9018_init
    eeprom.o(i.eeprom_init) refers to tca9548.o(i.tca9548_i2c_set) for tca9548_i2c_set
    eeprom.o(i.eeprom_init) refers to dev_iic.o(i.DEV_I2C_Read) for DEV_I2C_Read
    eeprom.o(i.eeprom_read) refers to tca9548.o(i.tca9548_i2c_set) for tca9548_i2c_set
    eeprom.o(i.eeprom_read) refers to dev_iic.o(i.DEV_I2C_Read) for DEV_I2C_Read
    eeprom.o(i.eeprom_read) refers to printf8.o(i.__0printf$8) for __2printf
    eeprom.o(i.eeprom_write) refers to tca9548.o(i.tca9548_i2c_set) for tca9548_i2c_set
    eeprom.o(i.eeprom_write) refers to dev_iic.o(i.DEV_I2C_Write) for DEV_I2C_Write
    eeprom.o(i.eeprom_write) refers to printf8.o(i.__0printf$8) for __2printf
    lt7911.o(i.lt7911_init) refers to tca9548.o(i.tca9548_i2c_set) for tca9548_i2c_set
    lt7911.o(i.lt7911_init) refers to dev_iic.o(i.DEV_I2C_Read) for DEV_I2C_Read
    lt7911.o(i.lt7911_read) refers to tca9548.o(i.tca9548_i2c_set) for tca9548_i2c_set
    lt7911.o(i.lt7911_read) refers to dev_iic.o(i.DEV_I2C_Read) for DEV_I2C_Read
    lt7911.o(i.lt7911_read) refers to printf8.o(i.__0printf$8) for __2printf
    lt7911.o(i.lt7911_write) refers to tca9548.o(i.tca9548_i2c_set) for tca9548_i2c_set
    lt7911.o(i.lt7911_write) refers to dev_iic.o(i.DEV_I2C_Write) for DEV_I2C_Write
    lt7911.o(i.lt7911_write) refers to printf8.o(i.__0printf$8) for __2printf
    oled.o(i.oled_init) refers to tca9548.o(i.tca9548_i2c_set) for tca9548_i2c_set
    oled.o(i.oled_init) refers to dev_iic.o(i.DEV_I2C_Read) for DEV_I2C_Read
    oled.o(i.oled_read) refers to tca9548.o(i.tca9548_i2c_set) for tca9548_i2c_set
    oled.o(i.oled_read) refers to printf8.o(i.__0printf$8) for __2printf
    oled.o(i.oled_read) refers to dev_iic.o(i.DEV_I2C_Read) for DEV_I2C_Read
    oled.o(i.oled_write) refers to tca9548.o(i.tca9548_i2c_set) for tca9548_i2c_set
[...]
    i.Write_I2C                              0x080013dc   Section        0  pannel.o(i.Write_I2C)
    i.Write_I2C_cmd                          0x08001406   Section        0  pannel.o(i.Write_I2C_cmd)
    i.__0printf$8                            0x0800141c   Section        0  printf8.o(i.__0printf$8)
    i.__scatterload_copy                     0x0800143c   Section       14  handlers.o(i.__scatterload_copy)
    i.__scatterload_null                     0x0800144a   Section        2  handlers.o(i.__scatterload_null)
    i.__scatterload_zeroinit                 0x0800144c   Section       14  handlers.o(i.__scatterload_zeroinit)
    i._printf_core                           0x0800145c   Section        0  printf8.o(i._printf_core)
    _printf_core                             0x0800145d   Thumb Code   984  printf8.o(i._printf_core)
    i._printf_post_padding                   0x08001860   Section        0  printf8.o(i._printf_post_padding)
    _printf_post_padding                     0x08001861   Thumb Code    36  printf8.o(i._printf_post_padding)
    i._printf_pre_padding                    0x08001884   Section        0  printf8.o(i._printf_pre_padding)
    _printf_pre_padding                      0x08001885   Thumb Code    46  printf8.o(i._printf_pre_padding)
    i.delay_1ms                              0x080018b2   Section        0  systick.o(i.delay_1ms)
    i.delay_1us                              0x080018c8   Section        0  systick.o(i.delay_1us)
    i.eTaskConfirmSleepModeStatus            0x08001934   Section        0  tasks.o(i.eTaskConfirmSleepModeStatus)
    i.exti_interrupt_flag_clear              0x0800197c   Section        0  gd32f30x_exti.o(i.exti_interrupt_flag_clear)
    i.exti_interrupt_flag_get                0x08001988   Section        0  gd32f30x_exti.o(i.exti_interrupt_flag_get)
    i.fgetc                                  0x080019a0   Section        0  main.o(i.fgetc)
    i.fputc                                  0x080019c0   Section        0  main.o(i.fputc)
    i.gd_eval_com_init                       0x080019e4   Section        0  gd32f307c_eval.o(i.gd_eval_com_init)
    i.gpio_bit_reset                         0x08001ad0   Section        0  gd32f30x_gpio.o(i.gpio_bit_reset)
    i.gpio_bit_set                           0x08001ad4   Section        0  gd32f30x_gpio.o(i.gpio_bit_set)
    i.gpio_init                              0x08001ad8   Section        0  gd32f30x_gpio.o(i.gpio_init)
    i.gpio_input_bit_get                     0x08001b94   Section        0  gd32f30x_gpio.o(i.gpio_input_bit_get)
    i.i2c_Delay                              0x08001ba4   Section        0  dev_iic.o(i.i2c_Delay)
    i2c_Delay                                0x08001ba5   Thumb Code    14  dev_iic.o(i.i2c_Delay)
    i.i2c_Primary_Ack                        0x08001bb4   Section        0  dev_iic.o(i.i2c_Primary_Ack)
    i.i2c_Primary_NAck                       0x08001bec   Section        0  dev_iic.o(i.i2c_Primary_NAck)
    i.i2c_Primary_ReadByte                   0x08001c1c   Section        0  dev_iic.o(i.i2c_Primary_ReadByte)
    i.i2c_Primary_SendByte                   0x08001c64   Section        0  dev_iic.o(i.i2c_Primary_SendByte)
    i.i2c_Primary_Start                      0x08001cb8   Section        0  dev_iic.o(i.i2c_Primary_Start)
    i.i2c_Primary_Stop                       0x08001cf4   Section        0  dev_iic.o(i.i2c_Primary_Stop)
    i.i2c_Primary_WaitAck                    0x08001d30   Section        0  dev_iic.o(i.i2c_Primary_WaitAck)
    i.i2c_Secondary_Ack                      0x08001d84   Section        0  dev_iic.o(i.i2c_Secondary_Ack)
    i.i2c_Secondary_NAck                     0x08001dc4   Section        0  dev_iic.o(i.i2c_Secondary_NAck)
    i.i2c_Secondary_ReadByte                 0x08001dfc   Section        0  dev_iic.o(i.i2c_Secondary_ReadByte)
    i.i2c_Secondary_SendByte                 0x08001e48   Section        0  dev_iic.o(i.i2c_Secondary_SendByte)
    i.i2c_Secondary_Start                    0x08001ea4   Section        0  dev_iic.o(i.i2c_Secondary_Start)
    i.i2c_Secondary_Stop                     0x08001ee8   Section        0  dev_iic.o(i.i2c_Secondary_Stop)
    i.i2c_Secondary_WaitAck                  0x08001f2c   Section        0  dev_iic.o(i.i2c_Secondary_WaitAck)
    i.i2c_ack_config                         0x08001f88   Section        0  gd32f30x_i2c.o(i.i2c_ack_config)
    i.i2c_clock_config                       0x08001f98   Section        0  gd32f30x_i2c.o(i.i2c_clock_config)
    i.i2c_enable                             0x080020d8   Section        0  gd32f30x_i2c.o(i.i2c_enable)
    i.i2c_mode_addr_config                   0x080020e2   Section        0  gd32f30x_i2c.o(i.i2c_mode_addr_config)
    i.main                                   0x08002100   Section        0  main.o(i.main)
    i.nvic_irq_enable                        0x080021a4   Section        0  gd32f30x_misc.o(i.nvic_irq_enable)
    i.nvic_priority_group_set                0x08002268   Section        0  gd32f30x_misc.o(i.nvic_priority_group_set)
    i.pannel_config_303                      0x0800227c   Section        0  pannel.o(i.pannel_config_303)
    i.pannel_display                         0x080025d8   Section        0  pannel.o(i.pannel_display)
    i.pannel_init                            0x08002680   Section        0  pannel.o(i.pannel_init)
    i.pannel_reset                           0x080026a0   Section        0  pannel.o(i.pannel_reset)
    i.pca9544_i2c_init                       0x080026c0   Section        0  pca9544.o(i.pca9544_i2c_init)
    i.pca9544_i2c_set                        0x0800277c   Section        0  pca9544.o(i.pca9544_i2c_set)
    i.prvAddCurrentTaskToDelayedList         0x08002890   Section        0  tasks.o(i.prvAddCurrentTaskToDelayedList)
    prvAddCurrentTaskToDelayedList           0x08002891   Thumb Code   160  tasks.o(i.prvAddCurrentTaskToDelayedList)
    i.prvAddNewTaskToReadyList               0x08002948   Section        0  tasks.o(i.prvAddNewTaskToReadyList)
    prvAddNewTaskToReadyList                 0x08002949   Thumb Code   214  tasks.o(i.prvAddNewTaskToReadyList)
    i.prvCheckForValidListAndQueue           0x08002a3c   Section        0  timers.o(i.prvCheckForValidListAndQueue)
    prvCheckForValidListAndQueue             0x08002a3d   Thumb Code    62  timers.o(i.prvCheckForValidListAndQueue)
    i.prvCheckTasksWaitingTermination        0x08002a98   Section        0  tasks.o(i.prvCheckTasksWaitingTermination)
    prvCheckTasksWaitingTermination          0x08002a99   Thumb Code    60  tasks.o(i.prvCheckTasksWaitingTermination)
    i.prvCopyDataFromQueue                   0x08002ae0   Section        0  queue.o(i.prvCopyDataFromQueue)
    prvCopyDataFromQueue                     0x08002ae1   Thumb Code    42  queue.o(i.prvCopyDataFromQueue)
    i.prvCopyDataToQueue                     0x08002b0a   Section        0  queue.o(i.prvCopyDataToQueue)
    prvCopyDataToQueue                       0x08002b0b   Thumb Code   126  queue.o(i.prvCopyDataToQueue)
    i.prvCreateIdleTasks                     0x08002b88   Section        0  tasks.o(i.prvCreateIdleTasks)
    prvCreateIdleTasks                       0x08002b89   Thumb Code   120  tasks.o(i.prvCreateIdleTasks)
    i.prvCreateStaticTask                    0x08002c10   Section        0  tasks.o(i.prvCreateStaticTask)
    prvCreateStaticTask                      0x08002c11   Thumb Code    76  tasks.o(i.prvCreateStaticTask)
    i.prvCreateTask                          0x08002c5c   Section        0  tasks.o(i.prvCreateTask)
    prvCreateTask                            0x08002c5d   Thumb Code    94  tasks.o(i.prvCreateTask)
    i.prvDeleteTCB                           0x08002cba   Section        0  tasks.o(i.prvDeleteTCB)
    prvDeleteTCB                             0x08002cbb   Thumb Code    40  tasks.o(i.prvDeleteTCB)
    i.prvGetExpectedIdleTime                 0x08002ce4   Section        0  tasks.o(i.prvGetExpectedIdleTime)
    prvGetExpectedIdleTime                   0x08002ce5   Thumb Code    52  tasks.o(i.prvGetExpectedIdleTime)
    i.prvGetNextExpireTime                   0x08002d2c   Section        0  timers.o(i.prvGetNextExpireTime)
    prvGetNextExpireTime                     0x08002d2d   Thumb Code    36  timers.o(i.prvGetNextExpireTime)
    i.prvHeapInit                            0x08002d54   Section        0  heap_4.o(i.prvHeapInit)
    prvHeapInit                              0x08002d55   Thumb Code    88  heap_4.o(i.prvHeapInit)
    i.prvIdleTask                            0x08002dc0   Section        0  tasks.o(i.prvIdleTask)
    prvIdleTask                              0x08002dc1   Thumb Code    66  tasks.o(i.prvIdleTask)
    i.prvInitialiseNewQueue                  0x08002e0c   Section        0  queue.o(i.prvInitialiseNewQueue)
    prvInitialiseNewQueue                    0x08002e0d   Thumb Code    42  queue.o(i.prvInitialiseNewQueue)
    i.prvInitialiseNewTask                   0x08002e36   Section        0  tasks.o(i.prvInitialiseNewTask)
    prvInitialiseNewTask                     0x08002e37   Thumb Code   134  tasks.o(i.prvInitialiseNewTask)
    i.prvInitialiseTaskLists                 0x08002ebc   Section        0  tasks.o(i.prvInitialiseTaskLists)
    prvInitialiseTaskLists                   0x08002ebd   Thumb Code    70  tasks.o(i.prvInitialiseTaskLists)
    i.prvInsertBlockIntoFreeList             0x08002f24   Section        0  heap_4.o(i.prvInsertBlockIntoFreeList)
    prvInsertBlockIntoFreeList               0x08002f25   Thumb Code    96  heap_4.o(i.prvInsertBlockIntoFreeList)
    i.prvInsertTimerInActiveList             0x08002f8c   Section        0  timers.o(i.prvInsertTimerInActiveList)
    prvInsertTimerInActiveList               0x08002f8d   Thumb Code    80  timers.o(i.prvInsertTimerInActiveList)
    i.prvIsQueueEmpty                        0x08002fe4   Section        0  queue.o(i.prvIsQueueEmpty)
    prvIsQueueEmpty                          0x08002fe5   Thumb Code    26  queue.o(i.prvIsQueueEmpty)
    i.prvNotifyQueueSetContainer             0x08002ffe   Section        0  queue.o(i.prvNotifyQueueSetContainer)
    prvNotifyQueueSetContainer               0x08002fff   Thumb Code    90  queue.o(i.prvNotifyQueueSetContainer)
    i.prvProcessExpiredTimer                 0x08003058   Section        0  timers.o(i.prvProcessExpiredTimer)
    prvProcessExpiredTimer                   0x08003059   Thumb Code    62  timers.o(i.prvProcessExpiredTimer)
    i.prvProcessReceivedCommands             0x0800309c   Section        0  timers.o(i.prvProcessReceivedCommands)
    prvProcessReceivedCommands               0x0800309d   Thumb Code   278  timers.o(i.prvProcessReceivedCommands)
    i.prvProcessTimerOrBlockTask             0x080031b8   Section        0  timers.o(i.prvProcessTimerOrBlockTask)
    prvProcessTimerOrBlockTask               0x080031b9   Thumb Code   102  timers.o(i.prvProcessTimerOrBlockTask)
    i.prvReloadTimer                         0x0800322c   Section        0  timers.o(i.prvReloadTimer)
    prvReloadTimer                           0x0800322d   Thumb Code    40  timers.o(i.prvReloadTimer)
    i.prvResetNextTaskUnblockTime            0x08003254   Section        0  tasks.o(i.prvResetNextTaskUnblockTime)
    prvResetNextTaskUnblockTime              0x08003255   Thumb Code    40  tasks.o(i.prvResetNextTaskUnblockTime)
    i.prvSampleTimeNow                       0x08003284   Section        0  timers.o(i.prvSampleTimeNow)
    prvSampleTimeNow                         0x08003285   Thumb Code    40  timers.o(i.prvSampleTimeNow)
    i.prvSwitchTimerLists                    0x080032b0   Section        0  timers.o(i.prvSwitchTimerLists)
    prvSwitchTimerLists                      0x080032b1   Thumb Code    58  timers.o(i.prvSwitchTimerLists)
    i.prvTaskExitError                       0x080032f4   Section        0  port.o(i.prvTaskExitError)
    prvTaskExitError                         0x080032f5   Thumb Code    22  port.o(i.prvTaskExitError)
    i.prvTimerTask                           0x0800330a   Section        0  timers.o(i.prvTimerTask)
    prvTimerTask                             0x0800330b   Thumb Code    26  timers.o(i.prvTimerTask)
    i.prvUnlockQueue                         0x08003324   Section        0  queue.o(i.prvUnlockQueue)
    prvUnlockQueue                           0x08003325   Thumb Code   144  queue.o(i.prvUnlockQueue)
    i.pvPortMalloc                           0x080033b4   Section        0  heap_4.o(i.pvPortMalloc)
    i.pxPortInitialiseStack                  0x080034b4   Section        0  port.o(i.pxPortInitialiseStack)
    i.rcu_clock_freq_get                     0x080034e0   Section        0  gd32f30x_rcu.o(i.rcu_clock_freq_get)
    i.rcu_periph_clock_enable                0x08003638   Section        0  gd32f30x_rcu.o(i.rcu_periph_clock_enable)
    i.rcu_periph_reset_disable               0x08003658   Section        0  gd32f30x_rcu.o(i.rcu_periph_reset_disable)
    i.rcu_periph_reset_enable                0x08003678   Section        0  gd32f30x_rcu.o(i.rcu_periph_reset_enable)
    i.sabre9018_init                         0x08003698   Section        0  sabre9018.o(i.sabre9018_init)
    i.sabre9018_print                        0x08003a8c   Section        0  sabre9018.o(i.sabre9018_print)
    i.sabre9018_volume_set                   0x08003adc   Section        0  sabre9018.o(i.sabre9018_volume_set)
    i.select_pannel                          0x08003b68   Section        0  pannel.o(i.select_pannel)
    i.set_bright                             0x08003bd0   Section        0  pannel.o(i.set_bright)
    i.system_clock_120m_irc8m                0x08003cb4   Section        0  system_gd32f30x.o(i.system_clock_120m_irc8m)
    system_clock_120m_irc8m                  0x08003cb5   Thumb Code   238  system_gd32f30x.o(i.system_clock_120m_irc8m)
    i.system_clock_config                    0x08003db4   Section        0  system_gd32f30x.o(i.system_clock_config)
    system_clock_config                      0x08003db5   Thumb Code     8  system_gd32f30x.o(i.system_clock_config)
    i.system_init                            0x08003dbc   Section        0  main.o(i.system_init)
    i.tca6408_i2c_init                       0x08003e6c   Section        0  tca6408.o(i.tca6408_i2c_init)
    i.tca6408_write                          0x08004000   Section        0  tca6408.o(i.tca6408_write)
    i.tca9548_i2c_init                       0x08004100   Section        0  tca9548.o(i.tca9548_i2c_init)
    i.tca9548_i2c_set                        0x080041c0   Section        0  tca9548.o(i.tca9548_i2c_set)
    i.usart_baudrate_set                     0x080042ec   Section        0  gd32f30x_usart.o(i.usart_baudrate_set)
    i.usart_data_receive                     0x0800437c   Section        0  gd32f30x_usart.o(i.usart_data_receive)
    i.usart_data_transmit                    0x08004386   Section        0  gd32f30x_usart.o(i.usart_data_transmit)
    i.usart_deinit                           0x08004390   Section        0  gd32f30x_usart.o(i.usart_deinit)
    i.usart_enable                           0x08004420   Section        0  gd32f30x_usart.o(i.usart_enable)
    i.usart_flag_get                         0x0800442a   Section        0  gd32f30x_usart.o(i.usart_flag_get)
    i.usart_receive_config                   0x08004448   Section        0  gd32f30x_usart.o(i.usart_receive_config)
    i.usart_transmit_config                  0x0800445c   Section        0  gd32f30x_usart.o(i.usart_transmit_config)
    i.uxListRemove                           0x08004470   Section        0  list.o(i.uxListRemove)
    i.uxTaskGetNumberOfTasks                 0x08004498   Section        0  tasks.o(i.uxTaskGetNumberOfTasks)
    i.vApplicationGetIdleTaskMemory          0x080044a4   Section        0  tasks.o(i.vApplicationGetIdleTaskMemory)
    i.vApplicationGetTimerTaskMemory         0x080044bc   Section        0  tasks.o(i.vApplicationGetTimerTaskMemory)
    i.vListInitialise                        0x080044d4   Section        0  list.o(i.vListInitialise)
    i.vListInitialiseItem                    0x080044f4   Section        0  list.o(i.vListInitialiseItem)
    i.vListInsert                            0x080044fa   Section        0  list.o(i.vListInsert)
    i.vPortEnterCritical                     0x08004530   Section        0  port.o(i.vPortEnterCritical)
    i.vPortExitCritical                      0x08004554   Section        0  port.o(i.vPortExitCritical)
    i.vPortFree                              0x08004574   Section        0  heap_4.o(i.vPortFree)
    i.vPortSetupTimerInterrupt               0x080045c0   Section        0  port.o(i.vPortSetupTimerInterrupt)
    i.vPortSuppressTicksAndSleep             0x08004604   Section        0  port.o(i.vPortSuppressTicksAndSleep)
    i.vQueueWaitForMessageRestricted         0x08004748   Section        0  queue.o(i.vQueueWaitForMessageRestricted)
    i.vTaskDelay                             0x08004794   Section        0  tasks.o(i.vTaskDelay)
    i.vTaskInternalSetTimeOutState           0x080047c8   Section        0  tasks.o(i.vTaskInternalSetTimeOutState)
    i.vTaskMissedYield                       0x080047e0   Section        0  tasks.o(i.vTaskMissedYield)
    i.vTaskPlaceOnEventList                  0x080047ec   Section        0  tasks.o(i.vTaskPlaceOnEventList)
    i.vTaskPlaceOnEventListRestricted        0x0800480c   Section        0  tasks.o(i.vTaskPlaceOnEventListRestricted)
    i.vTaskStartScheduler                    0x0800485c   Section        0  tasks.o(i.vTaskStartScheduler)
    i.vTaskStepTick                          0x080048b4   Section        0  tasks.o(i.vTaskStepTick)
    i.vTaskSuspendAll                        0x080048f4   Section        0  tasks.o(i.vTaskSuspendAll)
    i.vTaskSwitchContext                     0x08004904   Section        0  tasks.o(i.vTaskSwitchContext)
    i.xPortStartScheduler                    0x08004984   Section        0  port.o(i.xPortStartScheduler)
    i.xQueueGenericCreate                    0x080049cc   Section        0  queue.o(i.xQueueGenericCreate)
    i.xQueueGenericCreateStatic              0x08004a1e   Section        0  queue.o(i.xQueueGenericCreateStatic)
    i.xQueueGenericReset                     0x08004a5c   Section        0  queue.o(i.xQueueGenericReset)
    i.xQueueReceive                          0x08004afc   Section        0  queue.o(i.xQueueReceive)
    i.xTaskCheckForTimeOut                   0x08004c00   Section        0  tasks.o(i.xTaskCheckForTimeOut)
    i.xTaskCreate                            0x08004c7c   Section        0  tasks.o(i.xTaskCreate)
    i.xTaskCreateStatic                      0x08004cb4   Section        0  tasks.o(i.xTaskCreateStatic)
    i.xTaskGetTickCount                      0x08004cf4   Section        0  tasks.o(i.xTaskGetTickCount)
    i.xTaskIncrementTick                     0x08004d00   Section        0  tasks.o(i.xTaskIncrementTick)
    i.xTaskPriorityDisinherit                0x08004ea4   Section        0  tasks.o(i.xTaskPriorityDisinherit)
    i.xTaskRemoveFromEventList               0x08004f44   Section        0  tasks.o(i.xTaskRemoveFromEventList)
    i.xTaskResumeAll                         0x08005064   Section        0  tasks.o(i.xTaskResumeAll)
    i.xTimerCreateTimerTask                  0x080051e4   Section        0  timers.o(i.xTimerCreateTimerTask)
    .constdata                               0x08005244   Section       33  pca9544.o(.constdata)
    __FUNCTION__                             0x08005244   Data          16  pca9544.o(.constdata)
    __FUNCTION__                             0x08005254   Data          17  pca9544.o(.constdata)
    .constdata                               0x08005265   Section       31  sabre9018.o(.constdata)
    __FUNCTION__                             0x08005265   Data          16  sabre9018.o(.constdata)
    __FUNCTION__                             0x08005275   Data          15  sabre9018.o(.constdata)
    .constdata                               0x08005284   Section       31  tca6408.o(.constdata)
    __FUNCTION__                             0x08005284   Data          17  tca6408.o(.constdata)
    __FUNCTION__                             0x08005295   Data          14  tca6408.o(.constdata)
    .constdata                               0x080052a3   Section       33  tca9548.o(.constdata)
    __FUNCTION__                             0x080052a3   Data          16  tca9548.o(.constdata)
    __FUNCTION__                             0x080052b3   Data          17  tca9548.o(.constdata)
    .constdata                               0x080052c4   Section       27  dev_iic.o(.constdata)
    __FUNCTION__                             0x080052c4   Data          13  dev_iic.o(.constdata)
    __FUNCTION__                             0x080052d1   Data          14  dev_iic.o(.constdata)
    .constdata                               0x080052df   Section       64  ctype_c.o(.constdata)
    .conststring                             0x08005320   Section      243  tca6408.o(.conststring)
    .conststring                             0x08005414   Section      822  dev_iic.o(.conststring)
    .data                                    0x20000000   Section      100  main.o(.data)
    sabre9018_init_reg                       0x20000000   Data          64  main.o(.data)
    earphone_volume                          0x20000040   Data           4  main.o(.data)
    earphone_volume_reg                      0x20000044   Data           4  main.o(.data)
    oled_bright                              0x20000048   Data           4  main.o(.data)
    oled_bright_reg                          0x2000004c   Data           4  main.o(.data)
    .data                                    0x20000064   Section       10  pannel.o(.data)
    .data                                    0x2000006e   Section       64  sabre9018.o(.data)
    sabre9018_init_reg                       0x2000006e   Data          64  sabre9018.o(.data)
    .data                                    0x200000b0   Section       16  dev_key_led.o(.data)
    earphone_volume                          0x200000b0   Data           4  dev_key_led.o(.data)
    earphone_volume_reg                      0x200000b4   Data           4  dev_key_led.o(.data)
    oled_bright                              0x200000b8   Data           4  dev_key_led.o(.data)
    oled_bright_reg                          0x200000bc   Data           4  dev_key_led.o(.data)
    .data                                    0x200000c0   Section        4  system_gd32f30x.o(.data)
    .data                                    0x200000c4   Section      125  gd32f307c_eval.o(.data)
    GPIO_PORT                                0x200000c4   Data          16  gd32f307c_eval.o(.data)
    GPIO_PIN                                 0x200000d4   Data          16  gd32f307c_eval.o(.data)
    COM_CLK                                  0x200000e4   Data           4  gd32f307c_eval.o(.data)
    COM_TX_PIN                               0x200000e8   Data           8  gd32f307c_eval.o(.data)
    COM_RX_PIN                               0x200000f0   Data           8  gd32f307c_eval.o(.data)
    COM_GPIO_PORT                            0x200000f8   Data           8  gd32f307c_eval.o(.data)
    COM_GPIO_CLK                             0x20000100   Data           4  gd32f307c_eval.o(.data)
    GPIO_CLK                                 0x20000104   Data           8  gd32f307c_eval.o(.data)
    KEY_PORT                                 0x2000010c   Data          12  gd32f307c_eval.o(.data)
    KEY_PIN                                  0x20000118   Data          12  gd32f307c_eval.o(.data)
    KEY_CLK                                  0x20000124   Data           6  gd32f307c_eval.o(.data)
    KEY_EXTI_LINE                            0x2000012c   Data          12  gd32f307c_eval.o(.data)
    KEY_PORT_SOURCE                          0x20000138   Data           3  gd32f307c_eval.o(.data)
    KEY_PIN_SOURCE                           0x2000013b   Data           3  gd32f307c_eval.o(.data)
    KEY_IRQn                                 0x2000013e   Data           3  gd32f307c_eval.o(.data)
    .data                                    0x20000144   Section       64  tasks.o(.data)
    pxDelayedTaskList                        0x20000148   Data           4  tasks.o(.data)
    pxOverflowDelayedTaskList                0x2000014c   Data           4  tasks.o(.data)
    uxDeletedTasksWaitingCleanUp             0x20000150   Data           4  tasks.o(.data)
    uxCurrentNumberOfTasks                   0x20000154   Data           4  tasks.o(.data)
    xTickCount                               0x20000158   Data           4  tasks.o(.data)
    uxTopReadyPriority                       0x2000015c   Data           4  tasks.o(.data)
    xSchedulerRunning                        0x20000160   Data           4  tasks.o(.data)
    xPendedTicks                             0x20000164   Data           4  tasks.o(.data)
    xYieldPendings                           0x20000168   Data           4  tasks.o(.data)
    xNumOfOverflows                          0x2000016c   Data           4  tasks.o(.data)
    uxTaskNumber                             0x20000170   Data           4  tasks.o(.data)
    xNextTaskUnblockTime                     0x20000174   Data           4  tasks.o(.data)
    xIdleTaskHandles                         0x20000178   Data           4  tasks.o(.data)
    uxTopUsedPriority                        0x2000017c   Data           4  tasks.o(.data)
    uxSchedulerSuspended                     0x20000180   Data           4  tasks.o(.data)
    .data                                    0x20000184   Section       20  timers.o(.data)
    pxCurrentTimerList                       0x20000184   Data           4  timers.o(.data)
    pxOverflowTimerList                      0x20000188   Data           4  timers.o(.data)
    xTimerQueue                              0x2000018c   Data           4  timers.o(.data)
    xTimerTaskHandle                         0x20000190   Data           4  timers.o(.data)
    xLastTime                                0x20000194   Data           4  timers.o(.data)
    .data                                    0x20000198   Section       16  port.o(.data)
    uxCriticalNesting                        0x20000198   Data           4  port.o(.data)
    ulTimerCountsForOneTick                  0x2000019c   Data           4  port.o(.data)
    xMaximumPossibleSuppressedTicks          0x200001a0   Data           4  port.o(.data)
    ulStoppedTimerCompensation               0x200001a4   Data           4  port.o(.data)
    .data                                    0x200001a8   Section       28  heap_4.o(.data)
    xStart                                   0x200001a8   Data           8  heap_4.o(.data)
    pxEnd                                    0x200001b0   Data           4  heap_4.o(.data)
    xFreeBytesRemaining                      0x200001b4   Data           4  heap_4.o(.data)
    xMinimumEverFreeBytesRemaining           0x200001b8   Data           4  heap_4.o(.data)
    xNumberOfSuccessfulAllocations           0x200001bc   Data           4  heap_4.o(.data)
    xNumberOfSuccessfulFrees                 0x200001c0   Data           4  heap_4.o(.data)
    .data                                    0x200001c4   Section        4  stdin.o(.data)
    .data                                    0x200001c8   Section        4  stdout.o(.data)
    .data                                    0x200001cc   Section        3  fgetc_b.o(.data)
    ungetc_sp                                0x200001cc   Data           1  fgetc_b.o(.data)
    ungetc_stack                             0x200001cd   Data           2  fgetc_b.o(.data)
    .bss                                     0x200001d0   Section     1456  tasks.o(.bss)
    pxReadyTasksLists                        0x200001d0   Data         140  tasks.o(.bss)
    xDelayedTaskList1                        0x2000025c   Data          28  tasks.o(.bss)
    xDelayedTaskList2                        0x20000278   Data          28  tasks.o(.bss)
    xPendingReadyList                        0x20000294   Data          28  tasks.o(.bss)
    xTasksWaitingTermination                 0x200002b0   Data          28  tasks.o(.bss)
    xSuspendedTaskList                       0x200002cc   Data          28  tasks.o(.bss)
    xIdleTaskTCB                             0x200002e8   Data          76  tasks.o(.bss)
    uxIdleTaskStack                          0x20000334   Data         512  tasks.o(.bss)
    xTimerTaskTCB                            0x20000534   Data          76  tasks.o(.bss)
    uxTimerTaskStack                         0x20000580   Data         512  tasks.o(.bss)
    .bss                                     0x20000780   Section      308  timers.o(.bss)
    xActiveTimerList1                        0x20000780   Data          28  timers.o(.bss)
    xActiveTimerList2                        0x2000079c   Data          28  timers.o(.bss)
    xStaticTimerQueue                        0x200007b8   Data          92  timers.o(.bss)
    ucStaticTimerQueueStorage                0x20000814   Data         160  timers.o(.bss)
    .bss                                     0x200008b4   Section     4096  heap_4.o(.bss)
    STACK                                    0x200018b8   Section     1024  startup_gd32f30x_hd.o(STACK)

    Global Symbols

    Symbol Name                              Value     Ov Type        Size  Object(Section)

    BuildAttributes$$THM_ISAv4$E$P$D$K$B$S$7EM$VFPi3$EXTD16$VFPS$VFMA$PE$A:L22UL41UL21$X:L11$S22US41US21$IEEE1$IW$USESV6$~STKCKD$USESV7$~SHL$OSPACE$ROPI$EBA8$MICROLIB$REQ8$PRES8$EABIv2 0x00000000   Number         0  anon$$obj.o ABSOLUTE
    __ARM_use_no_argv                        0x00000000   Number         0  main.o ABSOLUTE
    _printf_a                                0x00000000   Number         0  stubs.o ABSOLUTE
    _printf_c                                0x00000000   Number         0  stubs.o ABSOLUTE
    _printf_charcount                        0x00000000   Number         0  stubs.o ABSOLUTE
    _printf_d                                0x00000000   Number         0  stubs.o ABSOLUTE
    _printf_e                                0x00000000   Number         0  stubs.o ABSOLUTE
    _printf_f                                0x00000000   Number         0  stubs.o ABSOLUTE
    _printf_flags                            0x00000000   Number         0  stubs.o ABSOLUTE
    _printf_fp_dec                           0x00000000   Number         0  stubs.o ABSOLUTE
    _printf_fp_hex                           0x00000000   Number         0  stubs.o ABSOLUTE
    _printf_g                                0x00000000   Number         0  stubs.o ABSOLUTE
    _printf_i                                0x00000000   Number         0  stubs.o ABSOLUTE
    _printf_int_dec                          0x00000000   Number         0  stubs.o ABSOLUTE
    _printf_l                                0x00000000   Number         0  stubs.o ABSOLUTE
    _printf_lc                               0x00000000   Number         0  stubs.o ABSOLUTE
    _printf_ll                               0x00000000   Number         0  stubs.o ABSOLUTE
    _printf_lld                              0x00000000   Number         0  stubs.o ABSOLUTE
    _printf_lli                              0x00000000   Number         0  stubs.o ABSOLUTE
    _printf_llo                              0x00000000   Number         0  stubs.o ABSOLUTE
    _printf_llu                              0x00000000   Number         0  stubs.o ABSOLUTE
    _printf_llx                              0x00000000   Number         0  stubs.o ABSOLUTE
    _printf_longlong_dec                     0x00000000   Number         0  stubs.o ABSOLUTE
    _printf_longlong_hex                     0x00000000   Number         0  stubs.o ABSOLUTE
    _printf_longlong_oct                     0x00000000   Number         0  stubs.o ABSOLUTE
    _printf_ls                               0x00000000   Number         0  stubs.o ABSOLUTE
    _printf_mbtowc                           0x00000000   Number         0  stubs.o ABSOLUTE
    _printf_n                                0x00000000   Number         0  stubs.o ABSOLUTE
    _printf_o                                0x00000000   Number         0  stubs.o ABSOLUTE
    _printf_p                                0x00000000   Number         0  stubs.o ABSOLUTE
    _printf_percent                          0x00000000   Number         0  stubs.o ABSOLUTE
    _printf_pre_padding                      0x00000000   Number         0  stubs.o ABSOLUTE
    _printf_return_value                     0x00000000   Number         0  stubs.o ABSOLUTE
    _printf_s                                0x00000000   Number         0  stubs.o ABSOLUTE
    _printf_sizespec                         0x00000000   Number         0  stubs.o ABSOLUTE
    _printf_str                              0x00000000   Number         0  stubs.o ABSOLUTE
    _printf_truncate_signed                  0x00000000   Number         0  stubs.o ABSOLUTE
    _printf_truncate_unsigned                0x00000000   Number         0  stubs.o ABSOLUTE
    _printf_u                                0x00000000   Number         0  stubs.o ABSOLUTE
    _printf_wc                               0x00000000   Number         0  stubs.o ABSOLUTE
    _printf_wctomb                           0x00000000   Number         0  stubs.o ABSOLUTE
    _printf_widthprec                        0x00000000   Number         0  stubs.o ABSOLUTE
    _printf_x                                0x00000000   Number         0  stubs.o ABSOLUTE
    __arm_fini_                               - Undefined Weak Reference
    __cpp_initialize__aeabi_                  - Undefined Weak Reference
    __cxa_finalize                            - Undefined Weak Reference
    _clock_init                               - Undefined Weak Reference
    _microlib_exit                            - Undefined Weak Reference
    _scanf_int                                - Undefined Weak Reference
    _scanf_longlong                           - Undefined Weak Reference
    _scanf_real                               - Undefined Weak Reference
    __Vectors_Size                           0x00000130   Number         0  startup_gd32f30x_hd.o ABSOLUTE
    __Vectors                                0x08000000   Data           4  startup_gd32f30x_hd.o(RESET)
    __Vectors_End                            0x08000130   Data           0  startup_gd32f30x_hd.o(RESET)
    __main                                   0x08000131   Thumb Code     0  entry.o(.ARM.Collect$$$$00000000)
    _main_stk                                0x08000131   Thumb Code     0  entry2.o(.ARM.Collect$$$$00000001)
    _main_scatterload                        0x08000135   Thumb Code     0  entry5.o(.ARM.Collect$$$$00000004)
    __main_after_scatterload                 0x08000139   Thumb Code     0  entry5.o(.ARM.Collect$$$$00000004)
    _main_clock                              0x08000139   Thumb Code     0  entry7b.o(.ARM.Collect$$$$00000008)
    _main_cpp_init                           0x08000139   Thumb Code     0  entry8b.o(.ARM.Collect$$$$0000000A)
    _main_init                               0x08000139   Thumb Code     0  entry9a.o(.ARM.Collect$$$$0000000B)
    __rt_lib_shutdown_fini                   0x08000141   Thumb Code     0  entry12b.o(.ARM.Collect$$$$0000000E)
    __rt_final_cpp                           0x08000145   Thumb Code     0  entry10a.o(.ARM.Collect$$$$0000000F)
    __rt_final_exit                          0x08000145   Thumb Code     0  entry11a.o(.ARM.Collect$$$$00000011)
    SVC_Handler                              0x08000149   Thumb Code    28  port.o(.emb_text)
    __asm___6_port_c_39a90d8d__prvStartFirstTask 0x08000169   Thumb Code    36  port.o(.emb_text)
    __asm___6_port_c_39a90d8d__prvEnableVFP  0x08000191   Thumb Code    16  port.o(.emb_text)
    PendSV_Handler                           0x080001a5   Thumb Code    88  port.o(.emb_text)
    vPortGetIPSR                             0x08000201   Thumb Code     6  port.o(.emb_text)
    Reset_Handler                            0x08000209   Thumb Code     8  startup_gd32f30x_hd.o(.text)
    ADC0_1_IRQHandler                        0x08000223   Thumb Code     0  startup_gd32f30x_hd.o(.text)
    ADC2_IRQHandler                          0x08000223   Thumb Code     0  startup_gd32f30x_hd.o(.text)
    CAN0_EWMC_IRQHandler                     0x08000223   Thumb Code     0  startup_gd32f30x_hd.o(.text)
    CAN0_RX1_IRQHandler                      0x08000223   Thumb Code     0  startup_gd32f30x_hd.o(.text)
    DMA0_Channel0_IRQHandler                 0x08000223   Thumb Code     0  startup_gd32f30x_hd.o(.text)
    DMA0_Channel1_IRQHandler                 0x08000223   Thumb Code     0  startup_gd32f30x_hd.o(.text)
    DMA0_Channel2_IRQHandler                 0x08000223   Thumb Code     0  startup_gd32f30x_hd.o(.text)
    DMA0_Channel3_IRQHandler                 0x08000223   Thumb Code     0  startup_gd32f30x_hd.o(.text)
    DMA0_Channel4_IRQHandler                 0x08000223   Thumb Code     0  startup_gd32f30x_hd.o(.text)
    DMA0_Channel5_IRQHandler                 0x08000223   Thumb Code     0  startup_gd32f30x_hd.o(.text)
    DMA0_Channel6_IRQHandler                 0x08000223   Thumb Code     0  startup_gd32f30x_hd.o(.text)
    DMA1_Channel0_IRQHandler                 0x08000223   Thumb Code     0  startup_gd32f30x_hd.o(.text)
    DMA1_Channel1_IRQHandler                 0x08000223   Thumb Code     0  startup_gd32f30x_hd.o(.text)
    DMA1_Channel2_IRQHandler                 0x08000223   Thumb Code     0  startup_gd32f30x_hd.o(.text)
    DMA1_Channel3_4_IRQHandler               0x08000223   Thumb Code     0  startup_gd32f30x_hd.o(.text)
    EXMC_IRQHandler                          0x08000223   Thumb Code     0  startup_gd32f30x_hd.o(.text)
    EXTI10_15_IRQHandler                     0x08000223   Thumb Code     0  startup_gd32f30x_hd.o(.text)
    EXTI4_IRQHandler                         0x08000223   Thumb Code     0  startup_gd32f30x_hd.o(.text)
    EXTI5_9_IRQHandler                       0x08000223   Thumb Code     0  startup_gd32f30x_hd.o(.text)
    FMC_IRQHandler                           0x08000223   Thumb Code     0  startup_gd32f30x_hd.o(.text)
    I2C0_ER_IRQHandler                       0x08000223   Thumb Code     0  startup_gd32f30x_hd.o(.text)
    I2C0_EV_IRQHandler                       0x08000223   Thumb Code     0  startup_gd32f30x_hd.o(.text)
    I2C1_ER_IRQHandler                       0x08000223   Thumb Code     0  startup_gd32f30x_hd.o(.text)
    I2C1_EV_IRQHandler                       0x08000223   Thumb Code     0  startup_gd32f30x_hd.o(.text)
    LVD_IRQHandler                           0x08000223   Thumb Code     0  startup_gd32f30x_hd.o(.text)
    RCU_CTC_IRQHandler                       0x08000223   Thumb Code     0  startup_gd32f30x_hd.o(.text)
    RTC_Alarm_IRQHandler                     0x08000223   Thumb Code     0  startup_gd32f30x_hd.o(.text)
    RTC_IRQHandler                           0x08000223   Thumb Code     0  startup_gd32f30x_hd.o(.text)
    SDIO_IRQHandler                          0x08000223   Thumb Code     0  startup_gd32f30x_hd.o(.text)
    SPI0_IRQHandler                          0x08000223   Thumb Code     0  startup_gd32f30x_hd.o(.text)
    SPI1_IRQHandler                          0x08000223   Thumb Code     0  startup_gd32f30x_hd.o(.text)
    SPI2_IRQHandler                          0x08000223   Thumb Code     0  startup_gd32f30x_hd.o(.text)
    TAMPER_IRQHandler                        0x08000223   Thumb Code     0  startup_gd32f30x_hd.o(.text)
    TIMER0_BRK_IRQHandler                    0x08000223   Thumb Code     0  startup_gd32f30x_hd.o(.text)
    TIMER0_Channel_IRQHandler                0x08000223   Thumb Code     0  startup_gd32f30x_hd.o(.text)
    TIMER0_TRG_CMT_IRQHandler                0x08000223   Thumb Code     0  startup_gd32f30x_hd.o(.text)
    TIMER0_UP_IRQHandler                     0x08000223   Thumb Code     0  startup_gd32f30x_hd.o(.text)
    TIMER1_IRQHandler                        0x08000223   Thumb Code     0  startup_gd32f30x_hd.o(.text)
    TIMER2_IRQHandler                        0x08000223   Thumb Code     0  startup_gd32f30x_hd.o(.text)
    TIMER3_IRQHandler                        0x08000223   Thumb Code     0  startup_gd32f30x_hd.o(.text)
    TIMER4_IRQHandler                        0x08000223   Thumb Code     0  startup_gd32f30x_hd.o(.text)
    TIMER5_IRQHandler                        0x08000223   Thumb Code     0  startup_gd32f30x_hd.o(.text)
    TIMER6_IRQHandler                        0x08000223   Thumb Code     0  startup_gd32f30x_hd.o(.text)
    TIMER7_BRK_IRQHandler                    0x08000223   Thumb Code     0  startup_gd32f30x_hd.o(.text)
    TIMER7_Channel_IRQHandler                0x08000223   Thumb Code     0  startup_gd32f30x_hd.o(.text)
    TIMER7_TRG_CMT_IRQHandler                0x08000223   Thumb Code     0  startup_gd32f30x_hd.o(.text)
    TIMER7_UP_IRQHandler                     0x08000223   Thumb Code     0  startup_gd32f30x_hd.o(.text)
    UART3_IRQHandler                         0x08000223   Thumb Code     0  startup_gd32f30x_hd.o(.text)
    UART4_IRQHandler                         0x08000223   Thumb Code     0  startup_gd32f30x_hd.o(.text)
    USART0_IRQHandler                        0x08000223   Thumb Code     0  startup_gd32f30x_hd.o(.text)
    USART1_IRQHandler                        0x08000223   Thumb Code     0  startup_gd32f30x_hd.o(.text)
    USART2_IRQHandler                        0x08000223   Thumb Code     0  startup_gd32f30x_hd.o(.text)
    USBD_HP_CAN0_TX_IRQHandler               0x08000223   Thumb Code     0  startup_gd32f30x_hd.o(.text)
    USBD_LP_CAN0_RX0_IRQHandler              0x08000223   Thumb Code     0  startup_gd32f30x_hd.o(.text)
    USBD_WKUP_IRQHandler                     0x08000223   Thumb Code     0  startup_gd32f30x_hd.o(.text)
    WWDGT_IRQHandler                         0x08000223   Thumb Code     0  startup_gd32f30x_hd.o(.text)
    __aeabi_memcpy                           0x0800022d   Thumb Code    36  memcpya.o(.text)
    __aeabi_memcpy4                          0x0800022d   Thumb Code     0  memcpya.o(.text)
    __aeabi_memcpy8                          0x0800022d   Thumb Code     0  memcpya.o(.text)
    __aeabi_memset                           0x08000251   Thumb Code    14  memseta.o(.text)
    __aeabi_memset4                          0x08000251   Thumb Code     0  memseta.o(.text)
    __aeabi_memset8                          0x08000251   Thumb Code     0  memseta.o(.text)
    __aeabi_memclr                           0x0800025f   Thumb Code     4  memseta.o(.text)
    __aeabi_memclr4                          0x0800025f   Thumb Code     0  memseta.o(.text)
    __aeabi_memclr8                          0x0800025f   Thumb Code     0  memseta.o(.text)
    _memset$wrapper                          0x08000263   Thumb Code    18  memseta.o(.text)
    __0scanf                                 0x08000275   Thumb Code    26  __0scanf.o(.text)
    _scanf_string                            0x08000295   Thumb Code   224  _scanf_str.o(.text)
    __aeabi_uldivmod                         0x08000375   Thumb Code    98  uldiv.o(.text)
    __vfscanf_char_file                      0x080003d9   Thumb Code    12  scanf_char_file.o(.text)
    __scatterload                            0x080003ed   Thumb Code    28  init.o(.text)
    __scatterload_rt2                        0x080003ed   Thumb Code     0  init.o(.text)
    _fgetc$bs                                0x08000411   Thumb Code    28  fgetc_b.o(.text)
    __backspace                              0x0800042d   Thumb Code    10  fgetc_b.o(.text)
    __aeabi_llsl                             0x0800043d   Thumb Code    30  llshl.o(.text)
    _ll_shift_l                              0x0800043d   Thumb Code     0  llshl.o(.text)
    __aeabi_llsr                             0x0800045b   Thumb Code    32  llushr.o(.text)
    _ll_ushift_r                             0x0800045b   Thumb Code     0  llushr.o(.text)
    __vfscanf_char                           0x08000489   Thumb Code    20  scanf_char.o(.text)
    __semihosting_library_function           0x080004a5   Thumb Code     0  semi.o(.text)
    isspace                                  0x080004a5   Thumb Code    10  isspace_c.o(.text)
    __vfscanf                                0x080004b1   Thumb Code   810  _scanf.o(.text)
    __I$use$semihosting$fgetc                0x080007e1   Thumb Code     0  iusesemig.o(.text)
    __ctype_lookup                           0x080007e1   Thumb Code    34  ctype_c.o(.text)
    __decompress                             0x08000809   Thumb Code     0  __dczerorl2.o(.text)
    __decompress1                            0x08000809   Thumb Code    86  __dczerorl2.o(.text)
    BusFault_Handler                         0x0800085f   Thumb Code     4  gd32f30x_it.o(i.BusFault_Handler)
    CLK_PRIMARY_In                           0x08000865   Thumb Code    16  dev_iic.o(i.CLK_PRIMARY_In)
    CLK_SECONDARY_In                         0x08000879   Thumb Code    18  dev_iic.o(i.CLK_SECONDARY_In)
    DEV_I2C_Read                             0x08000891   Thumb Code   380  dev_iic.o(i.DEV_I2C_Read)
    DEV_I2C_Write                            0x08000a5d   Thumb Code   362  dev_iic.o(i.DEV_I2C_Write)
    DebugMon_Handler                         0x08000c19   Thumb Code     2  gd32f30x_it.o(i.DebugMon_Handler)
    EXTI0_IRQHandler                         0x08000c1d   Thumb Code    40  dev_key_led.o(i.EXTI0_IRQHandler)
    EXTI1_IRQHandler                         0x08000c49   Thumb Code    40  dev_key_led.o(i.EXTI1_IRQHandler)
    EXTI2_IRQHandler                         0x08000c75   Thumb Code    40  dev_key_led.o(i.EXTI2_IRQHandler)
    EXTI3_IRQHandler                         0x08000ca1   Thumb Code    40  dev_key_led.o(i.EXTI3_IRQHandler)
    GPIO_INIT                                0x08000ccd   Thumb Code    36  dev_iic.o(i.GPIO_INIT)
    GPIO_rst_Init                            0x08000cf5   Thumb Code    14  pannel.o(i.GPIO_rst_Init)
    HardFault_Handler                        0x08000d03   Thumb Code     4  gd32f30x_it.o(i.HardFault_Handler)
    I2C_Init                                 0x08000d07   Thumb Code    20  dev_iic.o(i.I2C_Init)
    I2C_PRIMARY_GPIO_IN                      0x08000d1b   Thumb Code    12  dev_iic.o(i.I2C_PRIMARY_GPIO_IN)
    I2C_PRIMARY_GPIO_OUT                     0x08000d29   Thumb Code    60  dev_iic.o(i.I2C_PRIMARY_GPIO_OUT)
    I2C_Primary_ReadBytes                    0x08000d9d   Thumb Code   118  dev_iic.o(i.I2C_Primary_ReadBytes)
    I2C_Primary_Transfer                     0x08000e13   Thumb Code   140  dev_iic.o(i.I2C_Primary_Transfer)
    I2C_Primary_WriteBytes                   0x08000e9f   Thumb Code   136  dev_iic.o(i.I2C_Primary_WriteBytes)
    I2C_SECONDARY_GPIO_IN                    0x08000f27   Thumb Code    12  dev_iic.o(i.I2C_SECONDARY_GPIO_IN)
    I2C_SECONDARY_GPIO_OUT                   0x08000f35   Thumb Code    68  dev_iic.o(i.I2C_SECONDARY_GPIO_OUT)
    I2C_Secondary_ReadBytes                  0x08000fb1   Thumb Code   118  dev_iic.o(i.I2C_Secondary_ReadBytes)
    I2C_Secondary_Transfer                   0x08001027   Thumb Code   140  dev_iic.o(i.I2C_Secondary_Transfer)
    I2C_Secondary_WriteBytes                 0x080010b3   Thumb Code   136  dev_iic.o(i.I2C_Secondary_WriteBytes)
    KeyValue_set_task                        0x0800113d   Thumb Code    46  main.o(i.KeyValue_set_task)
    LT7911_RSTN                              0x08001195   Thumb Code    26  pannel.o(i.LT7911_RSTN)
    Log_print_task                           0x080011b1   Thumb Code    76  main.o(i.Log_print_task)
    MemManage_Handler                        0x08001221   Thumb Code     4  gd32f30x_it.o(i.MemManage_Handler)
    NMI_Handler                              0x08001225   Thumb Code     2  gd32f30x_it.o(i.NMI_Handler)
    SDA_PRIMARY_In                           0x08001229   Thumb Code    16  dev_iic.o(i.SDA_PRIMARY_In)
    SDA_PRIMARY_Out                          0x0800123d   Thumb Code    16  dev_iic.o(i.SDA_PRIMARY_Out)
    SDA_SECONDARY_In                         0x08001251   Thumb Code    18  dev_iic.o(i.SDA_SECONDARY_In)
    SDA_SECONDARY_Out                        0x08001269   Thumb Code    18  dev_iic.o(i.SDA_SECONDARY_Out)
    SysTick_Handler                          0x08001281   Thumb Code    46  port.o(i.SysTick_Handler)
    SystemInit                               0x080012b5   Thumb Code   156  system_gd32f30x.o(i.SystemInit)
    USART_cmd_task                           0x0800135d   Thumb Code    90  main.o(i.USART_cmd_task)
    UsageFault_Handler                       0x080013d9   Thumb Code     4  gd32f30x_it.o(i.UsageFault_Handler)
    Write_I2C                                0x080013dd   Thumb Code    42  pannel.o(i.Write_I2C)
    Write_I2C_cmd                            0x08001407   Thumb Code    22  pannel.o(i.Write_I2C_cmd)
    __0printf$8                              0x0800141d   Thumb Code    22  printf8.o(i.__0printf$8)
    __1printf$8                              0x0800141d   Thumb Code     0  printf8.o(i.__0printf$8)
    __2printf                                0x0800141d   Thumb Code     0  printf8.o(i.__0printf$8)
    __scatterload_copy                       0x0800143d   Thumb Code    14  handlers.o(i.__scatterload_copy)
    __scatterload_null                       0x0800144b   Thumb Code     2  handlers.o(i.__scatterload_null)
    __scatterload_zeroinit                   0x0800144d   Thumb Code    14  handlers.o(i.__scatterload_zeroinit)
    delay_1ms                                0x080018b3   Thumb Code    22  systick.o(i.delay_1ms)
    delay_1us                                0x080018c9   Thumb Code    98  systick.o(i.delay_1us)
    eTaskConfirmSleepModeStatus              0x08001935   Thumb Code    52  tasks.o(i.eTaskConfirmSleepModeStatus)
    exti_interrupt_flag_clear                0x0800197d   Thumb Code     6  gd32f30x_exti.o(i.exti_interrupt_flag_clear)
    exti_interrupt_flag_get                  0x08001989   Thumb Code    18  gd32f30x_exti.o(i.exti_interrupt_flag_get)
    fgetc                                    0x080019a1   Thumb Code    26  main.o(i.fgetc)
    fputc                                    0x080019c1   Thumb Code    32  main.o(i.fputc)
    gd_eval_com_init                         0x080019e5   Thumb Code   206  gd32f307c_eval.o(i.gd_eval_com_init)
    gpio_bit_reset                           0x08001ad1   Thumb Code     4  gd32f30x_gpio.o(i.gpio_bit_reset)
    gpio_bit_set                             0x08001ad5   Thumb Code     4  gd32f30x_gpio.o(i.gpio_bit_set)
    gpio_init                                0x08001ad9   Thumb Code   188  gd32f30x_gpio.o(i.gpio_init)
    gpio_input_bit_get                       0x08001b95   Thumb Code    16  gd32f30x_gpio.o(i.gpio_input_bit_get)
    i2c_Primary_Ack                          0x08001bb5   Thumb Code    52  dev_iic.o(i.i2c_Primary_Ack)
    i2c_Primary_NAck                         0x08001bed   Thumb Code    44  dev_iic.o(i.i2c_Primary_NAck)
    i2c_Primary_ReadByte                     0x08001c1d   Thumb Code    66  dev_iic.o(i.i2c_Primary_ReadByte)
    i2c_Primary_SendByte                     0x08001c65   Thumb Code    78  dev_iic.o(i.i2c_Primary_SendByte)
    i2c_Primary_Start                        0x08001cb9   Thumb Code    56  dev_iic.o(i.i2c_Primary_Start)
    i2c_Primary_Stop                         0x08001cf5   Thumb Code    56  dev_iic.o(i.i2c_Primary_Stop)
    i2c_Primary_WaitAck                      0x08001d31   Thumb Code    78  dev_iic.o(i.i2c_Primary_WaitAck)
    i2c_Secondary_Ack                        0x08001d85   Thumb Code    60  dev_iic.o(i.i2c_Secondary_Ack)
    i2c_Secondary_NAck                       0x08001dc5   Thumb Code    50  dev_iic.o(i.i2c_Secondary_NAck)
    i2c_Secondary_ReadByte                   0x08001dfd   Thumb Code    72  dev_iic.o(i.i2c_Secondary_ReadByte)
    i2c_Secondary_SendByte                   0x08001e49   Thumb Code    86  dev_iic.o(i.i2c_Secondary_SendByte)
    i2c_Secondary_Start                      0x08001ea5   Thumb Code    64  dev_iic.o(i.i2c_Secondary_Start)
    i2c_Secondary_Stop                       0x08001ee9   Thumb Code    64  dev_iic.o(i.i2c_Secondary_Stop)
    i2c_Secondary_WaitAck                    0x08001f2d   Thumb Code    86  dev_iic.o(i.i2c_Secondary_WaitAck)
    i2c_ack_config                           0x08001f89   Thumb Code    16  gd32f30x_i2c.o(i.i2c_ack_config)
    i2c_clock_config                         0x08001f99   Thumb Code   306  gd32f30x_i2c.o(i.i2c_clock_config)
    i2c_enable                               0x080020d9   Thumb Code    10  gd32f30x_i2c.o(i.i2c_enable)
    i2c_mode_addr_config                     0x080020e3   Thumb Code    28  gd32f30x_i2c.o(i.i2c_mode_addr_config)
    main                                     0x08002101   Thumb Code   102  main.o(i.main)
    nvic_irq_enable                          0x080021a5   Thumb Code   186  gd32f30x_misc.o(i.nvic_irq_enable)
    nvic_priority_group_set                  0x08002269   Thumb Code    10  gd32f30x_misc.o(i.nvic_priority_group_set)
    pannel_config_303                        0x0800227d   Thumb Code   768  pannel.o(i.pannel_config_303)
    pannel_display                           0x080025d9   Thumb Code    74  pannel.o(i.pannel_display)
    pannel_init                              0x08002681   Thumb Code    32  pannel.o(i.pannel_init)
    pannel_reset                             0x080026a1   Thumb Code    32  pannel.o(i.pannel_reset)
    pca9544_i2c_init                         0x080026c1   Thumb Code    68  pca9544.o(i.pca9544_i2c_init)
    pca9544_i2c_set                          0x0800277d   Thumb Code   130  pca9544.o(i.pca9544_i2c_set)
    pvPortMalloc                             0x080033b5   Thumb Code   234  heap_4.o(i.pvPortMalloc)
    pxPortInitialiseStack                    0x080034b5   Thumb Code    38  port.o(i.pxPortInitialiseStack)
    rcu_clock_freq_get                       0x080034e1   Thumb Code   310  gd32f30x_rcu.o(i.rcu_clock_freq_get)
    rcu_periph_clock_enable                  0x08003639   Thumb Code    28  gd32f30x_rcu.o(i.rcu_periph_clock_enable)
    rcu_periph_reset_disable                 0x08003659   Thumb Code    28  gd32f30x_rcu.o(i.rcu_periph_reset_disable)
    rcu_periph_reset_enable                  0x08003679   Thumb Code    28  gd32f30x_rcu.o(i.rcu_periph_reset_enable)
    sabre9018_init                           0x08003699   Thumb Code   962  sabre9018.o(i.sabre9018_init)
    sabre9018_print                          0x08003a8d   Thumb Code    42  sabre9018.o(i.sabre9018_print)
    sabre9018_volume_set                     0x08003add   Thumb Code    82  sabre9018.o(i.sabre9018_volume_set)
    select_pannel                            0x08003b69   Thumb Code    44  pannel.o(i.select_pannel)
    set_bright                               0x08003bd1   Thumb Code   164  pannel.o(i.set_bright)
    system_init                              0x08003dbd   Thumb Code   108  main.o(i.system_init)
    tca6408_i2c_init                         0x08003e6d   Thumb Code   206  tca6408.o(i.tca6408_i2c_init)
    tca6408_write                            0x08004001   Thumb Code   130  tca6408.o(i.tca6408_write)
    tca9548_i2c_init                         0x08004101   Thumb Code    70  tca9548.o(i.tca9548_i2c_init)
    tca9548_i2c_set                          0x080041c1   Thumb Code   154  tca9548.o(i.tca9548_i2c_set)
    usart_baudrate_set                       0x080042ed   Thumb Code   136  gd32f30x_usart.o(i.usart_baudrate_set)
    usart_data_receive                       0x0800437d   Thumb Code    10  gd32f30x_usart.o(i.usart_data_receive)
    usart_data_transmit                      0x08004387   Thumb Code     8  gd32f30x_usart.o(i.usart_data_transmit)
    usart_deinit                             0x08004391   Thumb Code   136  gd32f30x_usart.o(i.usart_deinit)
    usart_enable                             0x08004421   Thumb Code    10  gd32f30x_usart.o(i.usart_enable)
    usart_flag_get                           0x0800442b   Thumb Code    30  gd32f30x_usart.o(i.usart_flag_get)
    usart_receive_config                     0x08004449   Thumb Code    20  gd32f30x_usart.o(i.usart_receive_config)
    usart_transmit_config                    0x0800445d   Thumb Code    20  gd32f30x_usart.o(i.usart_transmit_config)
    uxListRemove                             0x08004471   Thumb Code    40  list.o(i.uxListRemove)
    uxTaskGetNumberOfTasks                   0x08004499   Thumb Code     6  tasks.o(i.uxTaskGetNumberOfTasks)
    vApplicationGetIdleTaskMemory            0x080044a5   Thumb Code    14  tasks.o(i.vApplicationGetIdleTaskMemory)
    vApplicationGetTimerTaskMemory           0x080044bd   Thumb Code    14  tasks.o(i.vApplicationGetTimerTaskMemory)
    vListInitialise                          0x080044d5   Thumb Code    32  list.o(i.vListInitialise)
    vListInitialiseItem                      0x080044f5   Thumb Code     6  list.o(i.vListInitialiseItem)
    vListInsert                              0x080044fb   Thumb Code    52  list.o(i.vListInsert)
    vPortEnterCritical                       0x08004531   Thumb Code    30  port.o(i.vPortEnterCritical)
    vPortExitCritical                        0x08004555   Thumb Code    28  port.o(i.vPortExitCritical)
    vPortFree                                0x08004575   Thumb Code    68  heap_4.o(i.vPortFree)
    vPortSetupTimerInterrupt                 0x080045c1   Thumb Code    50  port.o(i.vPortSetupTimerInterrupt)
    vPortSuppressTicksAndSleep               0x08004605   Thumb Code   306  port.o(i.vPortSuppressTicksAndSleep)
    vQueueWaitForMessageRestricted           0x08004749   Thumb Code    74  queue.o(i.vQueueWaitForMessageRestricted)
    vTaskDelay                               0x08004795   Thumb Code    46  tasks.o(i.vTaskDelay)
    vTaskInternalSetTimeOutState             0x080047c9   Thumb Code    14  tasks.o(i.vTaskInternalSetTimeOutState)
    vTaskMissedYield                         0x080047e1   Thumb Code     8  tasks.o(i.vTaskMissedYield)
    vTaskPlaceOnEventList                    0x080047ed   Thumb Code    28  tasks.o(i.vTaskPlaceOnEventList)
    vTaskPlaceOnEventListRestricted          0x0800480d   Thumb Code    74  tasks.o(i.vTaskPlaceOnEventListRestricted)
    vTaskStartScheduler                      0x0800485d   Thumb Code    70  tasks.o(i.vTaskStartScheduler)
    vTaskStepTick                            0x080048b5   Thumb Code    50  tasks.o(i.vTaskStepTick)
    vTaskSuspendAll                          0x080048f5   Thumb Code    12  tasks.o(i.vTaskSuspendAll)
    vTaskSwitchContext                       0x08004905   Thumb Code   106  tasks.o(i.vTaskSwitchContext)
    xPortStartScheduler                      0x08004985   Thumb Code    58  port.o(i.xPortStartScheduler)
    xQueueGenericCreate                      0x080049cd   Thumb Code    82  queue.o(i.xQueueGenericCreate)
    xQueueGenericCreateStatic                0x08004a1f   Thumb Code    62  queue.o(i.xQueueGenericCreateStatic)
    xQueueGenericReset                       0x08004a5d   Thumb Code   156  queue.o(i.xQueueGenericReset)
    xQueueReceive                            0x08004afd   Thumb Code   256  queue.o(i.xQueueReceive)
    xTaskCheckForTimeOut                     0x08004c01   Thumb Code   112  tasks.o(i.xTaskCheckForTimeOut)
    xTaskCreate                              0x08004c7d   Thumb Code    56  tasks.o(i.xTaskCreate)
    xTaskCreateStatic                        0x08004cb5   Thumb Code    64  tasks.o(i.xTaskCreateStatic)
    xTaskGetTickCount                        0x08004cf5   Thumb Code     6  tasks.o(i.xTaskGetTickCount)
    xTaskIncrementTick                       0x08004d01   Thumb Code   374  tasks.o(i.xTaskIncrementTick)
    xTaskPriorityDisinherit                  0x08004ea5   Thumb Code   152  tasks.o(i.xTaskPriorityDisinherit)
    xTaskRemoveFromEventList                 0x08004f45   Thumb Code   264  tasks.o(i.xTaskRemoveFromEventList)
    xTaskResumeAll                           0x08005065   Thumb Code   346  tasks.o(i.xTaskResumeAll)
    xTimerCreateTimerTask                    0x080051e5   Thumb Code    76  timers.o(i.xTimerCreateTimerTask)
    __ctype_categories                       0x080052df   Data          64  ctype_c.o(.constdata)
    Region$$Table$$Base                      0x0800574c   Number         0  anon$$obj.o(Region$$Table)
    Region$$Table$$Limit                     0x0800576c   Number         0  anon$$obj.o(Region$$Table)
    xBinarySemaphore                         0x20000050   Data           4  main.o(.data)
    xQueue                                   0x20000054   Data           4  main.o(.data)
    KeyValueTask_Handle                      0x20000058   Data           4  main.o(.data)
    LogPrintTask_Handle                      0x2000005c   Data           4  main.o(.data)
    USARTCMDTask_Handle                      0x20000060   Data           4  main.o(.data)
    pannel_t                                 0x20000064   Data           9  pannel.o(.data)
    chip_addr                                0x2000006d   Data           1  pannel.o(.data)
    SystemCoreClock                          0x200000c0   Data           4  system_gd32f30x.o(.data)
    pxCurrentTCB                             0x20000144   Data           4  tasks.o(.data)
    __stdin                                  0x200001c4   Data           4  stdin.o(.data)
    __stdout                                 0x200001c8   Data           4  stdout.o(.data)
    ucHeap                                   0x200008b4   Data        4096  heap_4.o(.bss)
    __initial_sp                             0x20001cb8   Data           0  startup_gd32f30x_hd.o(STACK)



==============================================================================

Memory Map of the image

  Image Entry point : 0x08000131

  Load Region LR_IROM1 (Base: 0x08000000, Size: 0x0000593c, Max: 0x00080000, ABSOLUTE, COMPRESSED[0x000057f4])

    Execution Region ER_IROM1 (Exec base: 0x08000000, Load base: 0x08000000, Size: 0x0000576c, Max: 0x00080000, ABSOLUTE)

    Exec Addr    Load Addr    Size         Type   Attr      Idx    E Section Name        Object

    0x08000000   0x08000000   0x00000130   Data   RO         5019    RESET               startup_gd32f30x_hd.o
    0x08000130   0x08000130   0x00000000   Code   RO         6425  * .ARM.Collect$$$$00000000  mc_w.l(entry.o)
    0x08000130   0x08000130   0x00000004   Code   RO         6699    .ARM.Collect$$$$00000001  mc_w.l(entry2.o)
    0x08000134   0x08000134   0x00000004   Code   RO         6702    .ARM.Collect$$$$00000004  mc_w.l(entry5.o)
    0x08000138   0x08000138   0x00000000   Code   RO         6704    .ARM.Collect$$$$00000008  mc_w.l(entry7b.o)
    0x08000138   0x08000138   0x00000000   Code   RO         6706    .ARM.Collect$$$$0000000A  mc_w.l(entry8b.o)
    0x08000138   0x08000138   0x00000008   Code   RO         6707    .ARM.Collect$$$$0000000B  mc_w.l(entry9a.o)
    0x08000140   0x08000140   0x00000004   Code   RO         6714    .ARM.Collect$$$$0000000E  mc_w.l(entry12b.o)
    0x08000144   0x08000144   0x00000000   Code   RO         6709    .ARM.Collect$$$$0000000F  mc_w.l(entry10a.o)
    0x08000144   0x08000144   0x00000000   Code   RO         6711    .ARM.Collect$$$$00000011  mc_w.l(entry11a.o)
    0x08000144   0x08000144   0x00000004   Code   RO         6700    .ARM.Collect$$$$00002712  mc_w.l(entry2.o)
    0x08000148   0x08000148   0x000000be   Code   RO         6286    .emb_text           port.o
    0x08000206   0x08000206   0x00000002   PAD
    0x08000208   0x08000208   0x00000024   Code   RO         5020    .text               startup_gd32f30x_hd.o
    0x0800022c   0x0800022c   0x00000024   Code   RO         6428    .text               mc_w.l(memcpya.o)
    0x08000250   0x08000250   0x00000024   Code   RO         6430    .text               mc_w.l(memseta.o)
    0x08000274   0x08000274   0x00000020   Code   RO         6695    .text               mc_w.l(__0scanf.o)
    0x08000294   0x08000294   0x000000e0   Code   RO         6697    .text               mc_w.l(_scanf_str.o)
    0x08000374   0x08000374   0x00000062   Code   RO         6719    .text               mc_w.l(uldiv.o)
    0x080003d6   0x080003d6   0x00000002   PAD
    0x080003d8   0x080003d8   0x00000014   Code   RO         6721    .text               mc_w.l(scanf_char_file.o)
    0x080003ec   0x080003ec   0x00000024   Code   RO         6734    .text               mc_w.l(init.o)
    0x08000410   0x08000410   0x0000002c   Code   RO         6736    .text               mc_w.l(fgetc_b.o)
    0x0800043c   0x0800043c   0x0000001e   Code   RO         6739    .text               mc_w.l(llshl.o)
    0x0800045a   0x0800045a   0x00000020   Code   RO         6741    .text               mc_w.l(llushr.o)
    0x0800047a   0x0800047a   0x00000002   PAD
    0x0800047c   0x0800047c   0x00000028   Code   RO         6745    .text               mc_w.l(scanf_char.o)
    0x080004a4   0x080004a4   0x00000000   Code   RO         6749    .text               mc_w.l(semi.o)
    0x080004a4   0x080004a4   0x0000000a   Code   RO         6750    .text               mc_w.l(isspace_c.o)
    0x080004ae   0x080004ae   0x00000002   PAD
    0x080004b0   0x080004b0   0x00000330   Code   RO         6752    .text               mc_w.l(_scanf.o)
    0x080007e0   0x080007e0   0x00000000   Code   RO         6754    .text               mc_w.l(iusesemig.o)
    0x080007e0   0x080007e0   0x00000028   Code   RO         6755    .text               mc_w.l(ctype_c.o)
    0x08000808   0x08000808   0x00000056   Code   RO         6766    .text               mc_w.l(__dczerorl2.o)
    0x0800085e   0x0800085e   0x00000004   Code   RO          707    i.BusFault_Handler  gd32f30x_it.o
    0x08000862   0x08000862   0x00000002   PAD
    0x08000864   0x08000864   0x00000014   Code   RO          762    i.CLK_PRIMARY_In    dev_iic.o
    0x08000878   0x08000878   0x00000018   Code   RO          763    i.CLK_SECONDARY_In  dev_iic.o
    0x08000890   0x08000890   0x000001cc   Code   RO          764    i.DEV_I2C_Read      dev_iic.o
    0x08000a5c   0x08000a5c   0x000001bc   Code   RO          765    i.DEV_I2C_Write     dev_iic.o
    0x08000c18   0x08000c18   0x00000002   Code   RO          708    i.DebugMon_Handler  gd32f30x_it.o
    0x08000c1a   0x08000c1a   0x00000002   PAD
    0x08000c1c   0x08000c1c   0x0000002c   Code   RO          623    i.EXTI0_IRQHandler  dev_key_led.o
    0x08000c48   0x08000c48   0x0000002c   Code   RO          624    i.EXTI1_IRQHandler  dev_key_led.o
    0x08000c74   0x08000c74   0x0000002c   Code   RO          625    i.EXTI2_IRQHandler  dev_key_led.o
    0x08000ca0   0x08000ca0   0x0000002c   Code   RO          626    i.EXTI3_IRQHandler  dev_key_led.o
    0x08000ccc   0x08000ccc   0x00000028   Code   RO          766    i.GPIO_INIT         dev_iic.o
    0x08000cf4   0x08000cf4   0x0000000e   Code   RO          353    i.GPIO_rst_Init     pannel.o
    0x08000d02   0x08000d02   0x00000004   Code   RO          709    i.HardFault_Handler  gd32f30x_it.o
    0x08000d06   0x08000d06   0x00000014   Code   RO          767    i.I2C_Init          dev_iic.o
    0x08000d1a   0x08000d1a   0x0000000c   Code   RO          768    i.I2C_PRIMARY_GPIO_IN  dev_iic.o
    0x08000d26   0x08000d26   0x00000002   PAD
    0x08000d28   0x08000d28   0x00000040   Code   RO          769    i.I2C_PRIMARY_GPIO_OUT  dev_iic.o
    0x08000d68   0x08000d68   0x00000034   Code   RO          770    i.I2C_PRIMARY_Mode_Config  dev_iic.o
    0x08000d9c   0x08000d9c   0x00000076   Code   RO          771    i.I2C_Primary_ReadBytes  dev_iic.o
    0x08000e12   0x08000e12   0x0000008c   Code   RO          772    i.I2C_Primary_Transfer  dev_iic.o
    0x08000e9e   0x08000e9e   0x00000088   Code   RO          773    i.I2C_Primary_WriteBytes  dev_iic.o
    0x08000f26   0x08000f26   0x0000000c   Code   RO          774    i.I2C_SECONDARY_GPIO_IN  dev_iic.o
    0x08000f32   0x08000f32   0x00000002   PAD
    0x08000f34   0x08000f34   0x00000048   Code   RO          775    i.I2C_SECONDARY_GPIO_OUT  dev_iic.o
    0x08000f7c   0x08000f7c   0x00000034   Code   RO          776    i.I2C_SECONDARY_Mode_Config  dev_iic.o
    0x08000fb0   0x08000fb0   0x00000076   Code   RO          777    i.I2C_Secondary_ReadBytes  dev_iic.o
    0x08001026   0x08001026   0x0000008c   Code   RO          778    i.I2C_Secondary_Transfer  dev_iic.o
    0x080010b2   0x080010b2   0x00000088   Code   RO          779    i.I2C_Secondary_WriteBytes  dev_iic.o
    0x0800113a   0x0800113a   0x00000002   PAD
    0x0800113c   0x0800113c   0x00000058   Code   RO            3    i.KeyValue_set_task  main.o
    0x08001194   0x08001194   0x0000001a   Code   RO          354    i.LT7911_RSTN       pannel.o
    0x080011ae   0x080011ae   0x00000002   PAD
    0x080011b0   0x080011b0   0x00000070   Code   RO            4    i.Log_print_task    main.o
    0x08001220   0x08001220   0x00000004   Code   RO          710    i.MemManage_Handler  gd32f30x_it.o
    0x08001224   0x08001224   0x00000002   Code   RO          711    i.NMI_Handler       gd32f30x_it.o
    0x08001226   0x08001226   0x00000002   PAD
    0x08001228   0x08001228   0x00000014   Code   RO          783    i.SDA_PRIMARY_In    dev_iic.o
    0x0800123c   0x0800123c   0x00000014   Code   RO          784    i.SDA_PRIMARY_Out   dev_iic.o
    0x08001250   0x08001250   0x00000018   Code   RO          785    i.SDA_SECONDARY_In  dev_iic.o
    0x08001268   0x08001268   0x00000018   Code   RO          786    i.SDA_SECONDARY_Out  dev_iic.o
    0x08001280   0x08001280   0x00000034   Code   RO         6287    i.SysTick_Handler   port.o
    0x080012b4   0x080012b4   0x000000a8   Code   RO         1075    i.SystemInit        system_gd32f30x.o
    0x0800135c   0x0800135c   0x0000007c   Code   RO            5    i.USART_cmd_task    main.o
    0x080013d8   0x080013d8   0x00000004   Code   RO          712    i.UsageFault_Handler  gd32f30x_it.o
    0x080013dc   0x080013dc   0x0000002a   Code   RO          355    i.Write_I2C         pannel.o
    0x08001406   0x08001406   0x00000016   Code   RO          356    i.Write_I2C_cmd     pannel.o
    0x0800141c   0x0800141c   0x00000020   Code   RO         6641    i.__0printf$8       mc_w.l(printf8.o)
    0x0800143c   0x0800143c   0x0000000e   Code   RO         6760    i.__scatterload_copy  mc_w.l(handlers.o)
    0x0800144a   0x0800144a   0x00000002   Code   RO         6761    i.__scatterload_null  mc_w.l(handlers.o)
    0x0800144c   0x0800144c   0x0000000e   Code   RO         6762    i.__scatterload_zeroinit  mc_w.l(handlers.o)
    0x0800145a   0x0800145a   0x00000002   PAD
    0x0800145c   0x0800145c   0x00000404   Code   RO         6648    i._printf_core      mc_w.l(printf8.o)
    0x08001860   0x08001860   0x00000024   Code   RO         6649    i._printf_post_padding  mc_w.l(printf8.o)
    0x08001884   0x08001884   0x0000002e   Code   RO         6650    i._printf_pre_padding  mc_w.l(printf8.o)
    0x080018b2   0x080018b2   0x00000016   Code   RO         1026    i.delay_1ms         systick.o
    0x080018c8   0x080018c8   0x0000006c   Code   RO         1027    i.delay_1us         systick.o
    0x08001934   0x08001934   0x00000048   Code   RO         5636    i.eTaskConfirmSleepModeStatus  tasks.o
    0x0800197c   0x0800197c   0x0000000c   Code   RO         2436    i.exti_interrupt_flag_clear  gd32f30x_exti.o
    0x08001988   0x08001988   0x00000018   Code   RO         2437    i.exti_interrupt_flag_get  gd32f30x_exti.o
    0x080019a0   0x080019a0   0x00000020   Code   RO            6    i.fgetc             main.o
    0x080019c0   0x080019c0   0x00000024   Code   RO            7    i.fputc             main.o
    0x080019e4   0x080019e4   0x000000ec   Code   RO         5026    i.gd_eval_com_init  gd32f307c_eval.o
    0x08001ad0   0x08001ad0   0x00000004   Code   RO         2801    i.gpio_bit_reset    gd32f30x_gpio.o
    0x08001ad4   0x08001ad4   0x00000004   Code   RO         2802    i.gpio_bit_set      gd32f30x_gpio.o
    0x08001ad8   0x08001ad8   0x000000bc   Code   RO         2811    i.gpio_init         gd32f30x_gpio.o
    0x08001b94   0x08001b94   0x00000010   Code   RO         2812    i.gpio_input_bit_get  gd32f30x_gpio.o
    0x08001ba4   0x08001ba4   0x0000000e   Code   RO          787    i.i2c_Delay         dev_iic.o
    0x08001bb2   0x08001bb2   0x00000002   PAD
    0x08001bb4   0x08001bb4   0x00000038   Code   RO          788    i.i2c_Primary_Ack   dev_iic.o
    0x08001bec   0x08001bec   0x00000030   Code   RO          789    i.i2c_Primary_NAck  dev_iic.o
    0x08001c1c   0x08001c1c   0x00000048   Code   RO          790    i.i2c_Primary_ReadByte  dev_iic.o
    0x08001c64   0x08001c64   0x00000054   Code   RO          791    i.i2c_Primary_SendByte  dev_iic.o
    0x08001cb8   0x08001cb8   0x0000003c   Code   RO          792    i.i2c_Primary_Start  dev_iic.o
    0x08001cf4   0x08001cf4   0x0000003c   Code   RO          793    i.i2c_Primary_Stop  dev_iic.o
    0x08001d30   0x08001d30   0x00000054   Code   RO          794    i.i2c_Primary_WaitAck  dev_iic.o
    0x08001d84   0x08001d84   0x00000040   Code   RO          795    i.i2c_Secondary_Ack  dev_iic.o
    0x08001dc4   0x08001dc4   0x00000038   Code   RO          796    i.i2c_Secondary_NAck  dev_iic.o
    0x08001dfc   0x08001dfc   0x0000004c   Code   RO          797    i.i2c_Secondary_ReadByte  dev_iic.o
    0x08001e48   0x08001e48   0x0000005c   Code   RO          798    i.i2c_Secondary_SendByte  dev_iic.o
    0x08001ea4   0x08001ea4   0x00000044   Code   RO          799    i.i2c_Secondary_Start  dev_iic.o
    0x08001ee8   0x08001ee8   0x00000044   Code   RO          800    i.i2c_Secondary_Stop  dev_iic.o
    0x08001f2c   0x08001f2c   0x0000005c   Code   RO          801    i.i2c_Secondary_WaitAck  dev_iic.o
    0x08001f88   0x08001f88   0x00000010   Code   RO         2928    i.i2c_ack_config    gd32f30x_i2c.o
    0x08001f98   0x08001f98   0x00000140   Code   RO         2930    i.i2c_clock_config  gd32f30x_i2c.o
    0x080020d8   0x080020d8   0x0000000a   Code   RO         2939    i.i2c_enable        gd32f30x_i2c.o
    0x080020e2   0x080020e2   0x0000001c   Code   RO         2947    i.i2c_mode_addr_config  gd32f30x_i2c.o
    0x080020fe   0x080020fe   0x00000002   PAD
    0x08002100   0x08002100   0x000000a4   Code   RO            8    i.main              main.o
    0x080021a4   0x080021a4   0x000000c4   Code   RO         3129    i.nvic_irq_enable   gd32f30x_misc.o
    0x08002268   0x08002268   0x00000014   Code   RO         3130    i.nvic_priority_group_set  gd32f30x_misc.o
    0x0800227c   0x0800227c   0x0000035c   Code   RO          357    i.pannel_config_303  pannel.o
    0x080025d8   0x080025d8   0x000000a8   Code   RO          358    i.pannel_display    pannel.o
    0x08002680   0x08002680   0x00000020   Code   RO          359    i.pannel_init       pannel.o
    0x080026a0   0x080026a0   0x00000020   Code   RO          360    i.pannel_reset      pannel.o
    0x080026c0   0x080026c0   0x000000bc   Code   RO          439    i.pca9544_i2c_init  pca9544.o
    0x0800277c   0x0800277c   0x00000114   Code   RO          440    i.pca9544_i2c_set   pca9544.o
    0x08002890   0x08002890   0x000000b8   Code   RO         5639    i.prvAddCurrentTaskToDelayedList  tasks.o
    0x08002948   0x08002948   0x000000f4   Code   RO         5640    i.prvAddNewTaskToReadyList  tasks.o
    0x08002a3c   0x08002a3c   0x0000005c   Code   RO         6109    i.prvCheckForValidListAndQueue  timers.o
    0x08002a98   0x08002a98   0x00000048   Code   RO         5641    i.prvCheckTasksWaitingTermination  tasks.o
    0x08002ae0   0x08002ae0   0x0000002a   Code   RO         5231    i.prvCopyDataFromQueue  queue.o
    0x08002b0a   0x08002b0a   0x0000007e   Code   RO         5232    i.prvCopyDataToQueue  queue.o
    0x08002b88   0x08002b88   0x00000088   Code   RO         5642    i.prvCreateIdleTasks  tasks.o
    0x08002c10   0x08002c10   0x0000004c   Code   RO         5643    i.prvCreateStaticTask  tasks.o
    0x08002c5c   0x08002c5c   0x0000005e   Code   RO         5644    i.prvCreateTask     tasks.o
    0x08002cba   0x08002cba   0x00000028   Code   RO         5645    i.prvDeleteTCB      tasks.o
    0x08002ce2   0x08002ce2   0x00000002   PAD
    0x08002ce4   0x08002ce4   0x00000048   Code   RO         5646    i.prvGetExpectedIdleTime  tasks.o
    0x08002d2c   0x08002d2c   0x00000028   Code   RO         6110    i.prvGetNextExpireTime  timers.o
    0x08002d54   0x08002d54   0x0000006c   Code   RO         6363    i.prvHeapInit       heap_4.o
    0x08002dc0   0x08002dc0   0x0000004c   Code   RO         5647    i.prvIdleTask       tasks.o
    0x08002e0c   0x08002e0c   0x0000002a   Code   RO         5235    i.prvInitialiseNewQueue  queue.o
    0x08002e36   0x08002e36   0x00000086   Code   RO         5648    i.prvInitialiseNewTask  tasks.o
    0x08002ebc   0x08002ebc   0x00000068   Code   RO         5649    i.prvInitialiseTaskLists  tasks.o
    0x08002f24   0x08002f24   0x00000068   Code   RO         6364    i.prvInsertBlockIntoFreeList  heap_4.o
    0x08002f8c   0x08002f8c   0x00000058   Code   RO         6112    i.prvInsertTimerInActiveList  timers.o
    0x08002fe4   0x08002fe4   0x0000001a   Code   RO         5236    i.prvIsQueueEmpty   queue.o
    0x08002ffe   0x08002ffe   0x0000005a   Code   RO         5238    i.prvNotifyQueueSetContainer  queue.o
    0x08003058   0x08003058   0x00000044   Code   RO         6113    i.prvProcessExpiredTimer  timers.o
    0x0800309c   0x0800309c   0x0000011c   Code   RO         6114    i.prvProcessReceivedCommands  timers.o
    0x080031b8   0x080031b8   0x00000074   Code   RO         6115    i.prvProcessTimerOrBlockTask  timers.o
    0x0800322c   0x0800322c   0x00000028   Code   RO         6116    i.prvReloadTimer    timers.o
    0x08003254   0x08003254   0x00000030   Code   RO         5650    i.prvResetNextTaskUnblockTime  tasks.o
    0x08003284   0x08003284   0x0000002c   Code   RO         6117    i.prvSampleTimeNow  timers.o
    0x080032b0   0x080032b0   0x00000044   Code   RO         6118    i.prvSwitchTimerLists  timers.o
    0x080032f4   0x080032f4   0x00000016   Code   RO         6288    i.prvTaskExitError  port.o
    0x0800330a   0x0800330a   0x0000001a   Code   RO         6119    i.prvTimerTask      timers.o
    0x08003324   0x08003324   0x00000090   Code   RO         5239    i.prvUnlockQueue    queue.o
    0x080033b4   0x080033b4   0x00000100   Code   RO         6366    i.pvPortMalloc      heap_4.o
    0x080034b4   0x080034b4   0x0000002c   Code   RO         6289    i.pxPortInitialiseStack  port.o
    0x080034e0   0x080034e0   0x00000158   Code   RO         3328    i.rcu_clock_freq_get  gd32f30x_rcu.o
    0x08003638   0x08003638   0x00000020   Code   RO         3346    i.rcu_periph_clock_enable  gd32f30x_rcu.o
    0x08003658   0x08003658   0x00000020   Code   RO         3349    i.rcu_periph_reset_disable  gd32f30x_rcu.o
    0x08003678   0x08003678   0x00000020   Code   RO         3350    i.rcu_periph_reset_enable  gd32f30x_rcu.o
    0x08003698   0x08003698   0x000003f4   Code   RO          491    i.sabre9018_init    sabre9018.o
    0x08003a8c   0x08003a8c   0x00000050   Code   RO          492    i.sabre9018_print   sabre9018.o
    0x08003adc   0x08003adc   0x0000008c   Code   RO          494    i.sabre9018_volume_set  sabre9018.o
    0x08003b68   0x08003b68   0x00000068   Code   RO          361    i.select_pannel     pannel.o
    0x08003bd0   0x08003bd0   0x000000e4   Code   RO          362    i.set_bright        pannel.o
    0x08003cb4   0x08003cb4   0x00000100   Code   RO         1076    i.system_clock_120m_irc8m  system_gd32f30x.o
    0x08003db4   0x08003db4   0x00000008   Code   RO         1077    i.system_clock_config  system_gd32f30x.o
    0x08003dbc   0x08003dbc   0x000000b0   Code   RO            9    i.system_init       main.o
    0x08003e6c   0x08003e6c   0x00000194   Code   RO          544    i.tca6408_i2c_init  tca6408.o
    0x08004000   0x08004000   0x00000100   Code   RO          546    i.tca6408_write     tca6408.o
    0x08004100   0x08004100   0x000000c0   Code   RO          596    i.tca9548_i2c_init  tca9548.o
    0x080041c0   0x080041c0   0x0000012c   Code   RO          597    i.tca9548_i2c_set   tca9548.o
    0x080042ec   0x080042ec   0x00000090   Code   RO         4650    i.usart_baudrate_set  gd32f30x_usart.o
    0x0800437c   0x0800437c   0x0000000a   Code   RO         4653    i.usart_data_receive  gd32f30x_usart.o
    0x08004386   0x08004386   0x00000008   Code   RO         4654    i.usart_data_transmit  gd32f30x_usart.o
    0x0800438e   0x0800438e   0x00000002   PAD
    0x08004390   0x08004390   0x00000090   Code   RO         4655    i.usart_deinit      gd32f30x_usart.o
    0x08004420   0x08004420   0x0000000a   Code   RO         4659    i.usart_enable      gd32f30x_usart.o
    0x0800442a   0x0800442a   0x0000001e   Code   RO         4661    i.usart_flag_get    gd32f30x_usart.o
    0x08004448   0x08004448   0x00000014   Code   RO         4683    i.usart_receive_config  gd32f30x_usart.o
    0x0800445c   0x0800445c   0x00000014   Code   RO         4697    i.usart_transmit_config  gd32f30x_usart.o
    0x08004470   0x08004470   0x00000028   Code   RO         5192    i.uxListRemove      list.o
    0x08004498   0x08004498   0x0000000c   Code   RO         5659    i.uxTaskGetNumberOfTasks  tasks.o
    0x080044a4   0x080044a4   0x00000018   Code   RO         5664    i.vApplicationGetIdleTaskMemory  tasks.o
    0x080044bc   0x080044bc   0x00000018   Code   RO         5665    i.vApplicationGetTimerTaskMemory  tasks.o
    0x080044d4   0x080044d4   0x00000020   Code   RO         5193    i.vListInitialise   list.o
    0x080044f4   0x080044f4   0x00000006   Code   RO         5194    i.vListInitialiseItem  list.o
    0x080044fa   0x080044fa   0x00000034   Code   RO         5195    i.vListInsert       list.o
    0x0800452e   0x0800452e   0x00000002   PAD
    0x08004530   0x08004530   0x00000024   Code   RO         6291    i.vPortEnterCritical  port.o
    0x08004554   0x08004554   0x00000020   Code   RO         6292    i.vPortExitCritical  port.o
    0x08004574   0x08004574   0x0000004c   Code   RO         6367    i.vPortFree         heap_4.o
    0x080045c0   0x080045c0   0x00000044   Code   RO         6293    i.vPortSetupTimerInterrupt  port.o
    0x08004604   0x08004604   0x00000144   Code   RO         6294    i.vPortSuppressTicksAndSleep  port.o
    0x08004748   0x08004748   0x0000004a   Code   RO         5246    i.vQueueWaitForMessageRestricted  queue.o
    0x08004792   0x08004792   0x00000002   PAD
    0x08004794   0x08004794   0x00000034   Code   RO         5666    i.vTaskDelay        tasks.o
    0x080047c8   0x080047c8   0x00000018   Code   RO         5670    i.vTaskInternalSetTimeOutState  tasks.o
    0x080047e0   0x080047e0   0x0000000c   Code   RO         5671    i.vTaskMissedYield  tasks.o
    0x080047ec   0x080047ec   0x00000020   Code   RO         5672    i.vTaskPlaceOnEventList  tasks.o
    0x0800480c   0x0800480c   0x00000050   Code   RO         5673    i.vTaskPlaceOnEventListRestricted  tasks.o
    0x0800485c   0x0800485c   0x00000058   Code   RO         5681    i.vTaskStartScheduler  tasks.o
    0x080048b4   0x080048b4   0x00000040   Code   RO         5682    i.vTaskStepTick     tasks.o
    0x080048f4   0x080048f4   0x00000010   Code   RO         5684    i.vTaskSuspendAll   tasks.o
    0x08004904   0x08004904   0x00000080   Code   RO         5685    i.vTaskSwitchContext  tasks.o
    0x08004984   0x08004984   0x00000048   Code   RO         6295    i.xPortStartScheduler  port.o
    0x080049cc   0x080049cc   0x00000052   Code   RO         5253    i.xQueueGenericCreate  queue.o
    0x08004a1e   0x08004a1e   0x0000003e   Code   RO         5254    i.xQueueGenericCreateStatic  queue.o
    0x08004a5c   0x08004a5c   0x000000a0   Code   RO         5256    i.xQueueGenericReset  queue.o
    0x08004afc   0x08004afc   0x00000104   Code   RO         5265    i.xQueueReceive     queue.o
    0x08004c00   0x08004c00   0x0000007c   Code   RO         5689    i.xTaskCheckForTimeOut  tasks.o
    0x08004c7c   0x08004c7c   0x00000038   Code   RO         5690    i.xTaskCreate       tasks.o
    0x08004cb4   0x08004cb4   0x00000040   Code   RO         5691    i.xTaskCreateStatic  tasks.o
    0x08004cf4   0x08004cf4   0x0000000c   Code   RO         5705    i.xTaskGetTickCount  tasks.o
    0x08004d00   0x08004d00   0x000001a4   Code   RO         5707    i.xTaskIncrementTick  tasks.o
    0x08004ea4   0x08004ea4   0x000000a0   Code   RO         5708    i.xTaskPriorityDisinherit  tasks.o
    0x08004f44   0x08004f44   0x00000120   Code   RO         5710    i.xTaskRemoveFromEventList  tasks.o
    0x08005064   0x08005064   0x00000180   Code   RO         5711    i.xTaskResumeAll    tasks.o
    0x080051e4   0x080051e4   0x00000060   Code   RO         6126    i.xTimerCreateTimerTask  timers.o
    0x08005244   0x08005244   0x00000021   Data   RO          441    .constdata          pca9544.o
    0x08005265   0x08005265   0x0000001f   Data   RO          495    .constdata          sabre9018.o
    0x08005284   0x08005284   0x0000001f   Data   RO          547    .constdata          tca6408.o
    0x080052a3   0x080052a3   0x00000021   Data   RO          598    .constdata          tca9548.o
    0x080052c4   0x080052c4   0x0000001b   Data   RO          802    .constdata          dev_iic.o
    0x080052df   0x080052df   0x00000040   Data   RO         6756    .constdata          mc_w.l(ctype_c.o)
    0x0800531f   0x0800531f   0x00000001   PAD
    0x08005320   0x08005320   0x000000f3   Data   RO          548    .conststring        tca6408.o
    0x08005413   0x08005413   0x00000001   PAD
    0x08005414   0x08005414   0x00000336   Data   RO          803    .conststring        dev_iic.o
    0x0800574a   0x0800574a   0x00000002   PAD
    0x0800574c   0x0800574c   0x00000020   Data   RO         6758    Region$$Table       anon$$obj.o


    Execution Region RW_IRAM1 (Exec base: 0x20000000, Load base: 0x0800576c, Size: 0x00001cb8, Max: 0x00010000, ABSOLUTE, COMPRESSED[0x00000088])

    Exec Addr    Load Addr    Size         Type   Attr      Idx    E Section Name        Object

    0x20000000   COMPRESSED   0x00000064   Data   RW           10    .data               main.o
    0x20000064   COMPRESSED   0x0000000a   Data   RW          364    .data               pannel.o
    0x2000006e   COMPRESSED   0x00000040   Data   RW          496    .data               sabre9018.o
    0x200000ae   COMPRESSED   0x00000002   PAD
    0x200000b0   COMPRESSED   0x00000010   Data   RW          629    .data               dev_key_led.o
    0x200000c0   COMPRESSED   0x00000004   Data   RW         1078    .data               system_gd32f30x.o
    0x200000c4   COMPRESSED   0x0000007d   Data   RW         5033    .data               gd32f307c_eval.o
    0x20000141   COMPRESSED   0x00000003   PAD
    0x20000144   COMPRESSED   0x00000040   Data   RW         5714    .data               tasks.o
    0x20000184   COMPRESSED   0x00000014   Data   RW         6138    .data               timers.o
    0x20000198   COMPRESSED   0x00000010   Data   RW         6296    .data               port.o
    0x200001a8   COMPRESSED   0x0000001c   Data   RW         6373    .data               heap_4.o
    0x200001c4   COMPRESSED   0x00000004   Data   RW         6715    .data               mc_w.l(stdin.o)
    0x200001c8   COMPRESSED   0x00000004   Data   RW         6716    .data               mc_w.l(stdout.o)
    0x200001cc   COMPRESSED   0x00000003   Data   RW         6737    .data               mc_w.l(fgetc_b.o)
    0x200001cf   COMPRESSED   0x00000001   PAD
    0x200001d0        -       0x000005b0   Zero   RW         5713    .bss                tasks.o
    0x20000780        -       0x00000134   Zero   RW         6137    .bss                timers.o
    0x200008b4        -       0x00001000   Zero   RW         6372    .bss                heap_4.o
    0x200018b4   COMPRESSED   0x00000004   PAD
    0x200018b8        -       0x00000400   Zero   RW         5017    STACK               startup_gd32f30x_hd.o


==============================================================================

Image component sizes


      Code (inc. data)   RO Data    RW Data    ZI Data      Debug   Object Name

      3142        292        849          0          0      25118   dev_iic.o
       176         16          0         16          0       2496   dev_key_led.o
         0          0          0          0          0        844   eeprom.o
         0          0          0          0          0      45028   event_groups.o
       236         30          0        125          0       1775   gd32f307c_eval.o
         0          0          0          0          0       1492   gd32f30x_can.o
        36         12          0          0          0       1318   gd32f30x_exti.o
       212          0          0          0          0       2957   gd32f30x_gpio.o
       374         14          0          0          0       3236   gd32f30x_i2c.o
        20          0          0          0          0       3013   gd32f30x_it.o
       216         20          0          0          0       1556   gd32f30x_misc.o
       440         46          0          0          0       3220   gd32f30x_rcu.o
       386         16          0          0          0       5546   gd32f30x_usart.o
       544         58          0         28       4096       5100   heap_4.o
       130          0          0          0          0      34601   list.o
       732        252          0        100          0      68709   main.o
      1528        310          0         10          0       7406   pannel.o
       464        272         33          0          0       2145   pca9544.o
       840         88          0         16          0      10657   port.o
      1108          8          0          0          0      13576   queue.o
      1232        146         31         64          0       5046   sabre9018.o
        36          8        304          0       1024        916   startup_gd32f30x_hd.o
       432         30          0          4          0       2931   system_gd32f30x.o
       130         10          0          0          0       1360   systick.o
      3416        422          0         64       1456      73201   tasks.o
       660        324        274          0          0       1627   tca6408.o
       492        278         33          0          0       1633   tca9548.o
       962        112          0         20        308      18680   timers.o

    ----------------------------------------------------------------------
     17972       2764       1559        452       6888     345187   Object Totals
         0          0         32          0          0          0   (incl. Generated)
        28          0          3          5          4          0   (incl. Padding)

    ----------------------------------------------------------------------

      Code (inc. data)   RO Data    RW Data    ZI Data      Debug   Library Member Name

        32          6          0          0          0         84   __0scanf.o
        86          0          0          0          0          0   __dczerorl2.o
       816          6          0          0          0        112   _scanf.o
       224          0          0          0          0         96   _scanf_str.o
        40          6         64          0          0         68   ctype_c.o
         0          0          0          0          0          0   entry.o
         0          0          0          0          0          0   entry10a.o
         0          0          0          0          0          0   entry11a.o
         4          0          0          0          0          0   entry12b.o
         8          4          0          0          0          0   entry2.o
         4          0          0          0          0          0   entry5.o
         0          0          0          0          0          0   entry7b.o
         0          0          0          0          0          0   entry8b.o
         8          4          0          0          0          0   entry9a.o
        44          6          0          3          0        144   fgetc_b.o
        30          0          0          0          0          0   handlers.o
        36          8          0          0          0         68   init.o
        10          0          0          0          0         68   isspace_c.o
         0          0          0          0          0          0   iusesemig.o
        30          0          0          0          0         68   llshl.o
        32          0          0          0          0         68   llushr.o
        36          0          0          0          0         68   memcpya.o
        36          0          0          0          0        108   memseta.o
      1142         54          0          0          0        352   printf8.o
        40          8          0          0          0         84   scanf_char.o
        20          8          0          0          0         68   scanf_char_file.o
         0          0          0          0          0          0   semi.o
         0          0          0          4          0          0   stdin.o
         0          0          0          4          0          0   stdout.o
        98          0          0          0          0         92   uldiv.o

    ----------------------------------------------------------------------
      2784        110         65         12          0       1548   Library Totals
         8          0          1          1          0          0   (incl. Padding)

    ----------------------------------------------------------------------

      Code (inc. data)   RO Data    RW Data    ZI Data      Debug   Library Name

      2776        110         64         11          0       1548   mc_w.l

    ----------------------------------------------------------------------
      2784        110         65         12          0       1548   Library Totals

    ----------------------------------------------------------------------

==============================================================================


      Code (inc. data)   RO Data    RW Data    ZI Data      Debug   

     20756       2874       1624        464       6888     329339   Grand Totals
     20756       2874       1624        136       6888     329339   ELF Image Totals (compressed)
     20756       2874       1624        136          0          0   ROM Totals

==============================================================================

    Total RO  Size (Code + RO Data)                22380 (  21.86kB)
    Total RW  Size (RW Data + ZI Data)              7352 (   7.18kB)
    Total ROM Size (Code + RO Data + RW Data)      22516 (  21.99kB)

==============================================================================

